
> @knowvah/plantuml-ts@0.2.0 build
> vite build

vite v8.3.1 building client environment for production...
transforming...
✓ 1164 modules transformed.
rendering chunks...

[unplugin:dts] Start generate declaration files...
[unplugin:dts] Start bundling declaration files...
Analysis will use the bundled TypeScript version 5.9.3
*** The target project appears to use TypeScript 6.0.3 which is newer than the bundled compiler engine; consider upgrading API Extractor.
[unplugin:dts] Declaration files built in 7019ms.

computing gzip size...
dist/plantuml-ts.js  2,242.78 kB │ gzip: 529.66 kB │ map: 11,582.55 kB

transforming...
✓ 1164 modules transformed.
rendering chunks...
computing gzip size...
dist/plantuml-ts.cjs  1,792.39 kB │ gzip: 478.19 kB │ map: 11,585.86 kB

✓ built in 7.77s
[33m[PLUGIN_TIMINGS] [0mPlugin hooks ran for 7.4s of this 7.8s build (95%).
The slowest hooks, timed inside each callback (the wait before a callback starts is excluded, the time it awaits is included):
  - unplugin-dts writeBundle (49%, 3.8s, 2 calls)
  - unplugin-dts buildStart (38%, 3.0s, 2 calls)
Additional hook time came from hooks under 1s.
See https://rolldown.rs/reference/InputOptions.checks#plugintimings for more details.

