
> @knowvah/plantuml-ts@0.2.0 build
> vite build

vite v8.3.1 building client environment for production...
transforming...
✓ 1170 modules transformed.
rendering chunks...

[unplugin:dts] Start generate declaration files...
[unplugin:dts] Start bundling declaration files...
Analysis will use the bundled TypeScript version 5.9.3
*** The target project appears to use TypeScript 6.0.3 which is newer than the bundled compiler engine; consider upgrading API Extractor.
[unplugin:dts] Declaration files built in 9500ms.

computing gzip size...
dist/plantuml-ts.js  2,254.46 kB │ gzip: 532.85 kB │ map: 11,667.10 kB

transforming...
✓ 1170 modules transformed.
rendering chunks...
computing gzip size...
dist/plantuml-ts.cjs  1,801.19 kB │ gzip: 481.11 kB │ map: 11,670.35 kB

✓ built in 10.54s
[33m[PLUGIN_TIMINGS] [0mPlugin hooks ran for 10.0s of this 10.5s build (95%).
The slowest hooks, timed inside each callback (the wait before a callback starts is excluded, the time it awaits is included):
  - unplugin-dts writeBundle (48%, 5.1s, 2 calls)
  - unplugin-dts buildStart (39%, 4.1s, 2 calls)
Additional hook time came from hooks under 1s.
See https://rolldown.rs/reference/InputOptions.checks#plugintimings for more details.

build EXIT 0
