rendering 1010 all fixtures
  25/1010
EmbeddedDiagram.calculateDimensionSlow: renderer failed Error: class-nested-diagram-renderer: rendered SVG has no viewBox="0 0 W H" to measure
    at readSvgDimensions (/Users/scottseely/git/knowvah/plantuml-ts/src/diagrams/class/class-nested-diagram-renderer.ts:143:122)
    at guardedRender (/Users/scottseely/git/knowvah/plantuml-ts/src/diagrams/class/class-nested-diagram-renderer.ts:211:19)
    at Object.render (/Users/scottseely/git/knowvah/plantuml-ts/src/diagrams/class/class-nested-diagram-renderer.ts:220:19)
    at EmbeddedDiagram.getInternalTextBlock (/Users/scottseely/git/knowvah/plantuml-ts/src/core/EmbeddedDiagram.ts:409:40)
    at EmbeddedDiagram.calculateDimensionSlow (/Users/scottseely/git/knowvah/plantuml-ts/src/core/EmbeddedDiagram.ts:428:19)
    at EmbeddedDiagram.calculateDimension (/Users/scottseely/git/knowvah/plantuml-ts/src/core/klimt/shape/TextBlockMemoized.ts:30:35)
    at Object.calculateDimension (/Users/scottseely/git/knowvah/plantuml-ts/src/core/annotations/blocks-creole.ts:312:48)
    at Sea.add (/Users/scottseely/git/knowvah/plantuml-ts/src/core/klimt/creole/Sea.ts:74:26)
    at SheetBlock1.initMap (/Users/scottseely/git/knowvah/plantuml-ts/src/core/klimt/creole/SheetBlock1.ts:174:42)
    at SheetBlock1.calculateDimensionSlow (/Users/scottseely/git/knowvah/plantuml-ts/src/core/klimt/creole/SheetBlock1.ts:217:10)
EmbeddedDiagram.calculateDimensionSlow: renderer failed Error: class-nested-diagram-renderer: rendered SVG has no viewBox="0 0 W H" to measure
    at readSvgDimensions (/Users/scottseely/git/knowvah/plantuml-ts/src/diagrams/class/class-nested-diagram-renderer.ts:143:122)
    at guardedRender (/Users/scottseely/git/knowvah/plantuml-ts/src/diagrams/class/class-nested-diagram-renderer.ts:211:19)
    at Object.render (/Users/scottseely/git/knowvah/plantuml-ts/src/diagrams/class/class-nested-diagram-renderer.ts:220:19)
    at EmbeddedDiagram.getInternalTextBlock (/Users/scottseely/git/knowvah/plantuml-ts/src/core/EmbeddedDiagram.ts:409:40)
    at EmbeddedDiagram.calculateDimensionSlow (/Users/scottseely/git/knowvah/plantuml-ts/src/core/EmbeddedDiagram.ts:428:19)
    at EmbeddedDiagram.calculateDimension (/Users/scottseely/git/knowvah/plantuml-ts/src/core/klimt/shape/TextBlockMemoized.ts:30:35)
    at Object.calculateDimension (/Users/scottseely/git/knowvah/plantuml-ts/src/core/annotations/blocks-creole.ts:312:48)
    at Sea.add (/Users/scottseely/git/knowvah/plantuml-ts/src/core/klimt/creole/Sea.ts:74:26)
    at SheetBlock1.initMap (/Users/scottseely/git/knowvah/plantuml-ts/src/core/klimt/creole/SheetBlock1.ts:174:42)
    at SheetBlock1.drawU (/Users/scottseely/git/knowvah/plantuml-ts/src/core/klimt/creole/SheetBlock1.ts:226:10)
EmbeddedDiagram.drawU: renderer failed Error: class-nested-diagram-renderer: rendered SVG has no viewBox="0 0 W H" to measure
    at readSvgDimensions (/Users/scottseely/git/knowvah/plantuml-ts/src/diagrams/class/class-nested-diagram-renderer.ts:143:122)
    at guardedRender (/Users/scottseely/git/knowvah/plantuml-ts/src/diagrams/class/class-nested-diagram-renderer.ts:211:19)
    at Object.render (/Users/scottseely/git/knowvah/plantuml-ts/src/diagrams/class/class-nested-diagram-renderer.ts:220:19)
    at EmbeddedDiagram.getInternalTextBlock (/Users/scottseely/git/knowvah/plantuml-ts/src/core/EmbeddedDiagram.ts:409:40)
    at EmbeddedDiagram.drawU (/Users/scottseely/git/knowvah/plantuml-ts/src/core/EmbeddedDiagram.ts:451:12)
    at Object.drawU (/Users/scottseely/git/knowvah/plantuml-ts/src/core/annotations/blocks-creole.ts:324:14)
    at SheetBlock1.drawU (/Users/scottseely/git/knowvah/plantuml-ts/src/core/klimt/creole/SheetBlock1.ts:237:22)
    at SheetBlock2.drawU (/Users/scottseely/git/knowvah/plantuml-ts/src/core/klimt/creole/SheetBlock2.ts:83:16)
    at Object.drawU (/Users/scottseely/git/knowvah/plantuml-ts/src/core/annotations/blocks-creole.ts:495:44)
    at renderDrawableToFragment (/Users/scottseely/git/knowvah/plantuml-ts/src/core/klimt/document-shell-fragment.ts:238:12)
  50/1010
  75/1010
  100/1010
  125/1010
EmbeddedDiagram.calculateDimensionSlow: renderer failed Error: EmbeddedDiagram.java:138-139: a non-SVG StringBounder reads a raster -- unported
    at Object.calculateDimension (/Users/scottseely/git/knowvah/plantuml-ts/src/core/svek/image/EntityImageDescriptionDelegates.ts:148:17)
    at EmbeddedDiagram.calculateDimensionSlow (/Users/scottseely/git/knowvah/plantuml-ts/src/core/EmbeddedDiagram.ts:428:42)
    at EmbeddedDiagram.calculateDimension (/Users/scottseely/git/knowvah/plantuml-ts/src/core/klimt/shape/TextBlockMemoized.ts:30:35)
    at Object.calculateDimension (/Users/scottseely/git/knowvah/plantuml-ts/src/core/svek/image/EntityImageDescriptionDelegates.ts:238:48)
    at Sea.add (/Users/scottseely/git/knowvah/plantuml-ts/src/core/klimt/creole/Sea.ts:74:26)
    at SheetBlock1.initMap (/Users/scottseely/git/knowvah/plantuml-ts/src/core/klimt/creole/SheetBlock1.ts:174:42)
    at SheetBlock1.calculateDimensionSlow (/Users/scottseely/git/knowvah/plantuml-ts/src/core/klimt/creole/SheetBlock1.ts:217:10)
    at SheetBlock1.calculateDimension (/Users/scottseely/git/knowvah/plantuml-ts/src/core/klimt/shape/TextBlockMemoized.ts:30:35)
    at SheetBlock2.calculateDimension (/Users/scottseely/git/knowvah/plantuml-ts/src/core/klimt/creole/SheetBlock2.ts:67:23)
    at BodyEnhanced2.calculateDimension (/Users/scottseely/git/knowvah/plantuml-ts/src/core/cucadiagram/BodyEnhancedAbstract.ts:93:40)
EmbeddedDiagram.calculateDimensionSlow: renderer failed Error: EmbeddedDiagram.java:138-139: a non-SVG StringBounder reads a raster -- unported
    at Object.calculateDimension (/Users/scottseely/git/knowvah/plantuml-ts/src/core/svek/image/EntityImageDescriptionDelegates.ts:148:17)
    at EmbeddedDiagram.calculateDimensionSlow (/Users/scottseely/git/knowvah/plantuml-ts/src/core/EmbeddedDiagram.ts:428:42)
    at EmbeddedDiagram.calculateDimension (/Users/scottseely/git/knowvah/plantuml-ts/src/core/klimt/shape/TextBlockMemoized.ts:30:35)
    at Object.calculateDimension (/Users/scottseely/git/knowvah/plantuml-ts/src/core/svek/image/EntityImageDescriptionDelegates.ts:238:48)
    at Sea.add (/Users/scottseely/git/knowvah/plantuml-ts/src/core/klimt/creole/Sea.ts:74:26)
    at SheetBlock1.initMap (/Users/scottseely/git/knowvah/plantuml-ts/src/core/klimt/creole/SheetBlock1.ts:174:42)
    at SheetBlock1.calculateDimensionSlow (/Users/scottseely/git/knowvah/plantuml-ts/src/core/klimt/creole/SheetBlock1.ts:217:10)
    at SheetBlock1.calculateDimension (/Users/scottseely/git/knowvah/plantuml-ts/src/core/klimt/shape/TextBlockMemoized.ts:30:35)
    at SheetBlock2.calculateDimension (/Users/scottseely/git/knowvah/plantuml-ts/src/core/klimt/creole/SheetBlock2.ts:67:23)
    at BodyEnhanced2.calculateDimension (/Users/scottseely/git/knowvah/plantuml-ts/src/core/cucadiagram/BodyEnhancedAbstract.ts:93:40)
EmbeddedDiagram.calculateDimensionSlow: renderer failed Error: EmbeddedDiagram.java:138-139: a non-SVG StringBounder reads a raster -- unported
    at Object.calculateDimension (/Users/scottseely/git/knowvah/plantuml-ts/src/core/svek/image/EntityImageDescriptionDelegates.ts:148:17)
    at EmbeddedDiagram.calculateDimensionSlow (/Users/scottseely/git/knowvah/plantuml-ts/src/core/EmbeddedDiagram.ts:428:42)
    at EmbeddedDiagram.calculateDimension (/Users/scottseely/git/knowvah/plantuml-ts/src/core/klimt/shape/TextBlockMemoized.ts:30:35)
    at Object.calculateDimension (/Users/scottseely/git/knowvah/plantuml-ts/src/core/svek/image/EntityImageDescriptionDelegates.ts:238:48)
    at Sea.add (/Users/scottseely/git/knowvah/plantuml-ts/src/core/klimt/creole/Sea.ts:74:26)
    at SheetBlock1.initMap (/Users/scottseely/git/knowvah/plantuml-ts/src/core/klimt/creole/SheetBlock1.ts:174:42)
    at SheetBlock1.calculateDimensionSlow (/Users/scottseely/git/knowvah/plantuml-ts/src/core/klimt/creole/SheetBlock1.ts:217:10)
    at SheetBlock1.calculateDimension (/Users/scottseely/git/knowvah/plantuml-ts/src/core/klimt/shape/TextBlockMemoized.ts:30:35)
    at SheetBlock2.calculateDimension (/Users/scottseely/git/knowvah/plantuml-ts/src/core/klimt/creole/SheetBlock2.ts:67:23)
    at BodyEnhanced2.calculateDimension (/Users/scottseely/git/knowvah/plantuml-ts/src/core/cucadiagram/BodyEnhancedAbstract.ts:93:40)
  150/1010
  175/1010
  200/1010
  225/1010
  250/1010
  275/1010
Warning: no hard-coded metrics for 'Times,serif'.  Falling back to 'Times' metrics
EmbeddedDiagram.calculateDimensionSlow: renderer failed Error: EmbeddedDiagram.java:138-139: a non-SVG StringBounder reads a raster -- unported
    at Object.calculateDimension (/Users/scottseely/git/knowvah/plantuml-ts/src/core/svek/image/EntityImageDescriptionDelegates.ts:148:17)
    at EmbeddedDiagram.calculateDimensionSlow (/Users/scottseely/git/knowvah/plantuml-ts/src/core/EmbeddedDiagram.ts:428:42)
    at EmbeddedDiagram.calculateDimension (/Users/scottseely/git/knowvah/plantuml-ts/src/core/klimt/shape/TextBlockMemoized.ts:30:35)
    at Object.calculateDimension (/Users/scottseely/git/knowvah/plantuml-ts/src/core/svek/image/EntityImageDescriptionDelegates.ts:238:48)
    at Sea.add (/Users/scottseely/git/knowvah/plantuml-ts/src/core/klimt/creole/Sea.ts:74:26)
    at SheetBlock1.initMap (/Users/scottseely/git/knowvah/plantuml-ts/src/core/klimt/creole/SheetBlock1.ts:174:42)
    at SheetBlock1.calculateDimensionSlow (/Users/scottseely/git/knowvah/plantuml-ts/src/core/klimt/creole/SheetBlock1.ts:217:10)
    at SheetBlock1.calculateDimension (/Users/scottseely/git/knowvah/plantuml-ts/src/core/klimt/shape/TextBlockMemoized.ts:30:35)
    at SheetBlock2.calculateDimension (/Users/scottseely/git/knowvah/plantuml-ts/src/core/klimt/creole/SheetBlock2.ts:67:23)
    at BodyEnhanced2.calculateDimension (/Users/scottseely/git/knowvah/plantuml-ts/src/core/cucadiagram/BodyEnhancedAbstract.ts:93:40)
EmbeddedDiagram.calculateDimensionSlow: renderer failed Error: EmbeddedDiagram.java:138-139: a non-SVG StringBounder reads a raster -- unported
    at Object.calculateDimension (/Users/scottseely/git/knowvah/plantuml-ts/src/core/svek/image/EntityImageDescriptionDelegates.ts:148:17)
    at EmbeddedDiagram.calculateDimensionSlow (/Users/scottseely/git/knowvah/plantuml-ts/src/core/EmbeddedDiagram.ts:428:42)
    at EmbeddedDiagram.calculateDimension (/Users/scottseely/git/knowvah/plantuml-ts/src/core/klimt/shape/TextBlockMemoized.ts:30:35)
    at Object.calculateDimension (/Users/scottseely/git/knowvah/plantuml-ts/src/core/svek/image/EntityImageDescriptionDelegates.ts:238:48)
    at Sea.add (/Users/scottseely/git/knowvah/plantuml-ts/src/core/klimt/creole/Sea.ts:74:26)
    at SheetBlock1.initMap (/Users/scottseely/git/knowvah/plantuml-ts/src/core/klimt/creole/SheetBlock1.ts:174:42)
    at SheetBlock1.calculateDimensionSlow (/Users/scottseely/git/knowvah/plantuml-ts/src/core/klimt/creole/SheetBlock1.ts:217:10)
    at SheetBlock1.calculateDimension (/Users/scottseely/git/knowvah/plantuml-ts/src/core/klimt/shape/TextBlockMemoized.ts:30:35)
    at SheetBlock2.calculateDimension (/Users/scottseely/git/knowvah/plantuml-ts/src/core/klimt/creole/SheetBlock2.ts:67:23)
    at BodyEnhanced2.calculateDimension (/Users/scottseely/git/knowvah/plantuml-ts/src/core/cucadiagram/BodyEnhancedAbstract.ts:93:40)
EmbeddedDiagram.calculateDimensionSlow: renderer failed Error: EmbeddedDiagram.java:138-139: a non-SVG StringBounder reads a raster -- unported
    at Object.calculateDimension (/Users/scottseely/git/knowvah/plantuml-ts/src/core/svek/image/EntityImageDescriptionDelegates.ts:148:17)
    at EmbeddedDiagram.calculateDimensionSlow (/Users/scottseely/git/knowvah/plantuml-ts/src/core/EmbeddedDiagram.ts:428:42)
    at EmbeddedDiagram.calculateDimension (/Users/scottseely/git/knowvah/plantuml-ts/src/core/klimt/shape/TextBlockMemoized.ts:30:35)
    at Object.calculateDimension (/Users/scottseely/git/knowvah/plantuml-ts/src/core/svek/image/EntityImageDescriptionDelegates.ts:238:48)
    at Sea.add (/Users/scottseely/git/knowvah/plantuml-ts/src/core/klimt/creole/Sea.ts:74:26)
    at SheetBlock1.initMap (/Users/scottseely/git/knowvah/plantuml-ts/src/core/klimt/creole/SheetBlock1.ts:174:42)
    at SheetBlock1.calculateDimensionSlow (/Users/scottseely/git/knowvah/plantuml-ts/src/core/klimt/creole/SheetBlock1.ts:217:10)
    at SheetBlock1.calculateDimension (/Users/scottseely/git/knowvah/plantuml-ts/src/core/klimt/shape/TextBlockMemoized.ts:30:35)
    at SheetBlock2.calculateDimension (/Users/scottseely/git/knowvah/plantuml-ts/src/core/klimt/creole/SheetBlock2.ts:67:23)
    at BodyEnhanced2.calculateDimension (/Users/scottseely/git/knowvah/plantuml-ts/src/core/cucadiagram/BodyEnhancedAbstract.ts:93:40)
  300/1010
  325/1010
EmbeddedDiagram.calculateDimensionSlow: renderer failed Error: EmbeddedDiagram.java:138-139: a non-SVG StringBounder reads a raster -- unported
    at Object.calculateDimension (/Users/scottseely/git/knowvah/plantuml-ts/src/core/svek/image/EntityImageDescriptionDelegates.ts:148:17)
    at EmbeddedDiagram.calculateDimensionSlow (/Users/scottseely/git/knowvah/plantuml-ts/src/core/EmbeddedDiagram.ts:428:42)
    at EmbeddedDiagram.calculateDimension (/Users/scottseely/git/knowvah/plantuml-ts/src/core/klimt/shape/TextBlockMemoized.ts:30:35)
    at Object.calculateDimension (/Users/scottseely/git/knowvah/plantuml-ts/src/core/svek/image/EntityImageDescriptionDelegates.ts:238:48)
    at Sea.add (/Users/scottseely/git/knowvah/plantuml-ts/src/core/klimt/creole/Sea.ts:74:26)
    at SheetBlock1.initMap (/Users/scottseely/git/knowvah/plantuml-ts/src/core/klimt/creole/SheetBlock1.ts:174:42)
    at SheetBlock1.calculateDimensionSlow (/Users/scottseely/git/knowvah/plantuml-ts/src/core/klimt/creole/SheetBlock1.ts:217:10)
    at SheetBlock1.calculateDimension (/Users/scottseely/git/knowvah/plantuml-ts/src/core/klimt/shape/TextBlockMemoized.ts:30:35)
    at SheetBlock2.calculateDimension (/Users/scottseely/git/knowvah/plantuml-ts/src/core/klimt/creole/SheetBlock2.ts:67:23)
    at BodyEnhanced2.calculateDimension (/Users/scottseely/git/knowvah/plantuml-ts/src/core/cucadiagram/BodyEnhancedAbstract.ts:93:40)
EmbeddedDiagram.calculateDimensionSlow: renderer failed Error: EmbeddedDiagram.java:138-139: a non-SVG StringBounder reads a raster -- unported
    at Object.calculateDimension (/Users/scottseely/git/knowvah/plantuml-ts/src/core/svek/image/EntityImageDescriptionDelegates.ts:148:17)
    at EmbeddedDiagram.calculateDimensionSlow (/Users/scottseely/git/knowvah/plantuml-ts/src/core/EmbeddedDiagram.ts:428:42)
    at EmbeddedDiagram.calculateDimension (/Users/scottseely/git/knowvah/plantuml-ts/src/core/klimt/shape/TextBlockMemoized.ts:30:35)
    at Object.calculateDimension (/Users/scottseely/git/knowvah/plantuml-ts/src/core/svek/image/EntityImageDescriptionDelegates.ts:238:48)
    at Sea.add (/Users/scottseely/git/knowvah/plantuml-ts/src/core/klimt/creole/Sea.ts:74:26)
    at SheetBlock1.initMap (/Users/scottseely/git/knowvah/plantuml-ts/src/core/klimt/creole/SheetBlock1.ts:174:42)
    at SheetBlock1.calculateDimensionSlow (/Users/scottseely/git/knowvah/plantuml-ts/src/core/klimt/creole/SheetBlock1.ts:217:10)
    at SheetBlock1.calculateDimension (/Users/scottseely/git/knowvah/plantuml-ts/src/core/klimt/shape/TextBlockMemoized.ts:30:35)
    at SheetBlock2.calculateDimension (/Users/scottseely/git/knowvah/plantuml-ts/src/core/klimt/creole/SheetBlock2.ts:67:23)
    at BodyEnhanced2.calculateDimension (/Users/scottseely/git/knowvah/plantuml-ts/src/core/cucadiagram/BodyEnhancedAbstract.ts:93:40)
EmbeddedDiagram.calculateDimensionSlow: renderer failed Error: EmbeddedDiagram.java:138-139: a non-SVG StringBounder reads a raster -- unported
    at Object.calculateDimension (/Users/scottseely/git/knowvah/plantuml-ts/src/core/svek/image/EntityImageDescriptionDelegates.ts:148:17)
    at EmbeddedDiagram.calculateDimensionSlow (/Users/scottseely/git/knowvah/plantuml-ts/src/core/EmbeddedDiagram.ts:428:42)
    at EmbeddedDiagram.calculateDimension (/Users/scottseely/git/knowvah/plantuml-ts/src/core/klimt/shape/TextBlockMemoized.ts:30:35)
    at Object.calculateDimension (/Users/scottseely/git/knowvah/plantuml-ts/src/core/svek/image/EntityImageDescriptionDelegates.ts:238:48)
    at Sea.add (/Users/scottseely/git/knowvah/plantuml-ts/src/core/klimt/creole/Sea.ts:74:26)
    at SheetBlock1.initMap (/Users/scottseely/git/knowvah/plantuml-ts/src/core/klimt/creole/SheetBlock1.ts:174:42)
    at SheetBlock1.calculateDimensionSlow (/Users/scottseely/git/knowvah/plantuml-ts/src/core/klimt/creole/SheetBlock1.ts:217:10)
    at SheetBlock1.calculateDimension (/Users/scottseely/git/knowvah/plantuml-ts/src/core/klimt/shape/TextBlockMemoized.ts:30:35)
    at SheetBlock2.calculateDimension (/Users/scottseely/git/knowvah/plantuml-ts/src/core/klimt/creole/SheetBlock2.ts:67:23)
    at BodyEnhanced2.calculateDimension (/Users/scottseely/git/knowvah/plantuml-ts/src/core/cucadiagram/BodyEnhancedAbstract.ts:93:40)
  350/1010
EmbeddedDiagram.calculateDimensionSlow: renderer failed Error: EmbeddedDiagram.java:138-139: a non-SVG StringBounder reads a raster -- unported
    at Object.calculateDimension (/Users/scottseely/git/knowvah/plantuml-ts/src/core/svek/image/EntityImageDescriptionDelegates.ts:148:17)
    at EmbeddedDiagram.calculateDimensionSlow (/Users/scottseely/git/knowvah/plantuml-ts/src/core/EmbeddedDiagram.ts:428:42)
    at EmbeddedDiagram.calculateDimension (/Users/scottseely/git/knowvah/plantuml-ts/src/core/klimt/shape/TextBlockMemoized.ts:30:35)
    at Object.calculateDimension (/Users/scottseely/git/knowvah/plantuml-ts/src/core/svek/image/EntityImageDescriptionDelegates.ts:238:48)
    at Sea.add (/Users/scottseely/git/knowvah/plantuml-ts/src/core/klimt/creole/Sea.ts:74:26)
    at SheetBlock1.initMap (/Users/scottseely/git/knowvah/plantuml-ts/src/core/klimt/creole/SheetBlock1.ts:174:42)
    at SheetBlock1.calculateDimensionSlow (/Users/scottseely/git/knowvah/plantuml-ts/src/core/klimt/creole/SheetBlock1.ts:217:10)
    at SheetBlock1.calculateDimension (/Users/scottseely/git/knowvah/plantuml-ts/src/core/klimt/shape/TextBlockMemoized.ts:30:35)
    at SheetBlock2.calculateDimension (/Users/scottseely/git/knowvah/plantuml-ts/src/core/klimt/creole/SheetBlock2.ts:67:23)
    at BodyEnhanced2.calculateDimension (/Users/scottseely/git/knowvah/plantuml-ts/src/core/cucadiagram/BodyEnhancedAbstract.ts:93:40)
EmbeddedDiagram.calculateDimensionSlow: renderer failed Error: EmbeddedDiagram.java:138-139: a non-SVG StringBounder reads a raster -- unported
    at Object.calculateDimension (/Users/scottseely/git/knowvah/plantuml-ts/src/core/svek/image/EntityImageDescriptionDelegates.ts:148:17)
    at EmbeddedDiagram.calculateDimensionSlow (/Users/scottseely/git/knowvah/plantuml-ts/src/core/EmbeddedDiagram.ts:428:42)
    at EmbeddedDiagram.calculateDimension (/Users/scottseely/git/knowvah/plantuml-ts/src/core/klimt/shape/TextBlockMemoized.ts:30:35)
    at Object.calculateDimension (/Users/scottseely/git/knowvah/plantuml-ts/src/core/svek/image/EntityImageDescriptionDelegates.ts:238:48)
    at Sea.add (/Users/scottseely/git/knowvah/plantuml-ts/src/core/klimt/creole/Sea.ts:74:26)
    at SheetBlock1.initMap (/Users/scottseely/git/knowvah/plantuml-ts/src/core/klimt/creole/SheetBlock1.ts:174:42)
    at SheetBlock1.calculateDimensionSlow (/Users/scottseely/git/knowvah/plantuml-ts/src/core/klimt/creole/SheetBlock1.ts:217:10)
    at SheetBlock1.calculateDimension (/Users/scottseely/git/knowvah/plantuml-ts/src/core/klimt/shape/TextBlockMemoized.ts:30:35)
    at SheetBlock2.calculateDimension (/Users/scottseely/git/knowvah/plantuml-ts/src/core/klimt/creole/SheetBlock2.ts:67:23)
    at BodyEnhanced2.calculateDimension (/Users/scottseely/git/knowvah/plantuml-ts/src/core/cucadiagram/BodyEnhancedAbstract.ts:93:40)
EmbeddedDiagram.calculateDimensionSlow: renderer failed Error: EmbeddedDiagram.java:138-139: a non-SVG StringBounder reads a raster -- unported
    at Object.calculateDimension (/Users/scottseely/git/knowvah/plantuml-ts/src/core/svek/image/EntityImageDescriptionDelegates.ts:148:17)
    at EmbeddedDiagram.calculateDimensionSlow (/Users/scottseely/git/knowvah/plantuml-ts/src/core/EmbeddedDiagram.ts:428:42)
    at EmbeddedDiagram.calculateDimension (/Users/scottseely/git/knowvah/plantuml-ts/src/core/klimt/shape/TextBlockMemoized.ts:30:35)
    at Object.calculateDimension (/Users/scottseely/git/knowvah/plantuml-ts/src/core/svek/image/EntityImageDescriptionDelegates.ts:238:48)
    at Sea.add (/Users/scottseely/git/knowvah/plantuml-ts/src/core/klimt/creole/Sea.ts:74:26)
    at SheetBlock1.initMap (/Users/scottseely/git/knowvah/plantuml-ts/src/core/klimt/creole/SheetBlock1.ts:174:42)
    at SheetBlock1.calculateDimensionSlow (/Users/scottseely/git/knowvah/plantuml-ts/src/core/klimt/creole/SheetBlock1.ts:217:10)
    at SheetBlock1.calculateDimension (/Users/scottseely/git/knowvah/plantuml-ts/src/core/klimt/shape/TextBlockMemoized.ts:30:35)
    at SheetBlock2.calculateDimension (/Users/scottseely/git/knowvah/plantuml-ts/src/core/klimt/creole/SheetBlock2.ts:67:23)
    at BodyEnhanced2.calculateDimension (/Users/scottseely/git/knowvah/plantuml-ts/src/core/cucadiagram/BodyEnhancedAbstract.ts:93:40)
  375/1010
EmbeddedDiagram.calculateDimensionSlow: renderer failed Error: EmbeddedDiagram.java:138-139: a non-SVG StringBounder reads a raster -- unported
    at Object.calculateDimension (/Users/scottseely/git/knowvah/plantuml-ts/src/core/svek/image/EntityImageDescriptionDelegates.ts:148:17)
    at EmbeddedDiagram.calculateDimensionSlow (/Users/scottseely/git/knowvah/plantuml-ts/src/core/EmbeddedDiagram.ts:428:42)
    at EmbeddedDiagram.calculateDimension (/Users/scottseely/git/knowvah/plantuml-ts/src/core/klimt/shape/TextBlockMemoized.ts:30:35)
    at Object.calculateDimension (/Users/scottseely/git/knowvah/plantuml-ts/src/core/svek/image/EntityImageDescriptionDelegates.ts:238:48)
    at Sea.add (/Users/scottseely/git/knowvah/plantuml-ts/src/core/klimt/creole/Sea.ts:74:26)
    at SheetBlock1.initMap (/Users/scottseely/git/knowvah/plantuml-ts/src/core/klimt/creole/SheetBlock1.ts:174:42)
    at SheetBlock1.calculateDimensionSlow (/Users/scottseely/git/knowvah/plantuml-ts/src/core/klimt/creole/SheetBlock1.ts:217:10)
    at SheetBlock1.calculateDimension (/Users/scottseely/git/knowvah/plantuml-ts/src/core/klimt/shape/TextBlockMemoized.ts:30:35)
    at SheetBlock2.calculateDimension (/Users/scottseely/git/knowvah/plantuml-ts/src/core/klimt/creole/SheetBlock2.ts:67:23)
    at TextBlockVertical.calculateDimensionSlow (/Users/scottseely/git/knowvah/plantuml-ts/src/core/klimt/shape/TextBlockVertical.ts:51:30)
EmbeddedDiagram.calculateDimensionSlow: renderer failed Error: EmbeddedDiagram.java:138-139: a non-SVG StringBounder reads a raster -- unported
    at Object.calculateDimension (/Users/scottseely/git/knowvah/plantuml-ts/src/core/svek/image/EntityImageDescriptionDelegates.ts:148:17)
    at EmbeddedDiagram.calculateDimensionSlow (/Users/scottseely/git/knowvah/plantuml-ts/src/core/EmbeddedDiagram.ts:428:42)
    at EmbeddedDiagram.calculateDimension (/Users/scottseely/git/knowvah/plantuml-ts/src/core/klimt/shape/TextBlockMemoized.ts:30:35)
    at Object.calculateDimension (/Users/scottseely/git/knowvah/plantuml-ts/src/core/svek/image/EntityImageDescriptionDelegates.ts:238:48)
    at Sea.add (/Users/scottseely/git/knowvah/plantuml-ts/src/core/klimt/creole/Sea.ts:74:26)
    at SheetBlock1.initMap (/Users/scottseely/git/knowvah/plantuml-ts/src/core/klimt/creole/SheetBlock1.ts:174:42)
    at SheetBlock1.calculateDimensionSlow (/Users/scottseely/git/knowvah/plantuml-ts/src/core/klimt/creole/SheetBlock1.ts:217:10)
    at SheetBlock1.calculateDimension (/Users/scottseely/git/knowvah/plantuml-ts/src/core/klimt/shape/TextBlockMemoized.ts:30:35)
    at SheetBlock2.calculateDimension (/Users/scottseely/git/knowvah/plantuml-ts/src/core/klimt/creole/SheetBlock2.ts:67:23)
    at TextBlockMarged.calculateDimension (/Users/scottseely/git/knowvah/plantuml-ts/src/core/klimt/shape/TextBlockMarged.ts:49:32)
EmbeddedDiagram.calculateDimensionSlow: renderer failed Error: EmbeddedDiagram.java:138-139: a non-SVG StringBounder reads a raster -- unported
    at Object.calculateDimension (/Users/scottseely/git/knowvah/plantuml-ts/src/core/svek/image/EntityImageDescriptionDelegates.ts:148:17)
    at EmbeddedDiagram.calculateDimensionSlow (/Users/scottseely/git/knowvah/plantuml-ts/src/core/EmbeddedDiagram.ts:428:42)
    at EmbeddedDiagram.calculateDimension (/Users/scottseely/git/knowvah/plantuml-ts/src/core/klimt/shape/TextBlockMemoized.ts:30:35)
    at Object.calculateDimension (/Users/scottseely/git/knowvah/plantuml-ts/src/core/svek/image/EntityImageDescriptionDelegates.ts:238:48)
    at Sea.add (/Users/scottseely/git/knowvah/plantuml-ts/src/core/klimt/creole/Sea.ts:74:26)
    at SheetBlock1.initMap (/Users/scottseely/git/knowvah/plantuml-ts/src/core/klimt/creole/SheetBlock1.ts:174:42)
    at SheetBlock1.calculateDimensionSlow (/Users/scottseely/git/knowvah/plantuml-ts/src/core/klimt/creole/SheetBlock1.ts:217:10)
    at SheetBlock1.calculateDimension (/Users/scottseely/git/knowvah/plantuml-ts/src/core/klimt/shape/TextBlockMemoized.ts:30:35)
    at SheetBlock2.calculateDimension (/Users/scottseely/git/knowvah/plantuml-ts/src/core/klimt/creole/SheetBlock2.ts:67:23)
    at TextBlockMarged.calculateDimension (/Users/scottseely/git/knowvah/plantuml-ts/src/core/klimt/shape/TextBlockMarged.ts:49:32)
EmbeddedDiagram.calculateDimensionSlow: renderer failed Error: EmbeddedDiagram.java:138-139: a non-SVG StringBounder reads a raster -- unported
    at Object.calculateDimension (/Users/scottseely/git/knowvah/plantuml-ts/src/core/svek/image/EntityImageDescriptionDelegates.ts:148:17)
    at EmbeddedDiagram.calculateDimensionSlow (/Users/scottseely/git/knowvah/plantuml-ts/src/core/EmbeddedDiagram.ts:428:42)
    at EmbeddedDiagram.calculateDimension (/Users/scottseely/git/knowvah/plantuml-ts/src/core/klimt/shape/TextBlockMemoized.ts:30:35)
    at Object.calculateDimension (/Users/scottseely/git/knowvah/plantuml-ts/src/core/svek/image/EntityImageDescriptionDelegates.ts:238:48)
    at Sea.add (/Users/scottseely/git/knowvah/plantuml-ts/src/core/klimt/creole/Sea.ts:74:26)
    at SheetBlock1.initMap (/Users/scottseely/git/knowvah/plantuml-ts/src/core/klimt/creole/SheetBlock1.ts:174:42)
    at SheetBlock1.calculateDimensionSlow (/Users/scottseely/git/knowvah/plantuml-ts/src/core/klimt/creole/SheetBlock1.ts:217:10)
    at SheetBlock1.calculateDimension (/Users/scottseely/git/knowvah/plantuml-ts/src/core/klimt/shape/TextBlockMemoized.ts:30:35)
    at SheetBlock2.calculateDimension (/Users/scottseely/git/knowvah/plantuml-ts/src/core/klimt/creole/SheetBlock2.ts:67:23)
    at TextBlockVertical.calculateDimensionSlow (/Users/scottseely/git/knowvah/plantuml-ts/src/core/klimt/shape/TextBlockVertical.ts:51:30)
EmbeddedDiagram.calculateDimensionSlow: renderer failed Error: EmbeddedDiagram.java:138-139: a non-SVG StringBounder reads a raster -- unported
    at Object.calculateDimension (/Users/scottseely/git/knowvah/plantuml-ts/src/core/svek/image/EntityImageDescriptionDelegates.ts:148:17)
    at EmbeddedDiagram.calculateDimensionSlow (/Users/scottseely/git/knowvah/plantuml-ts/src/core/EmbeddedDiagram.ts:428:42)
    at EmbeddedDiagram.calculateDimension (/Users/scottseely/git/knowvah/plantuml-ts/src/core/klimt/shape/TextBlockMemoized.ts:30:35)
    at Object.calculateDimension (/Users/scottseely/git/knowvah/plantuml-ts/src/core/svek/image/EntityImageDescriptionDelegates.ts:238:48)
    at Sea.add (/Users/scottseely/git/knowvah/plantuml-ts/src/core/klimt/creole/Sea.ts:74:26)
    at SheetBlock1.initMap (/Users/scottseely/git/knowvah/plantuml-ts/src/core/klimt/creole/SheetBlock1.ts:174:42)
    at SheetBlock1.calculateDimensionSlow (/Users/scottseely/git/knowvah/plantuml-ts/src/core/klimt/creole/SheetBlock1.ts:217:10)
    at SheetBlock1.calculateDimension (/Users/scottseely/git/knowvah/plantuml-ts/src/core/klimt/shape/TextBlockMemoized.ts:30:35)
    at SheetBlock2.calculateDimension (/Users/scottseely/git/knowvah/plantuml-ts/src/core/klimt/creole/SheetBlock2.ts:67:23)
    at TextBlockMarged.calculateDimension (/Users/scottseely/git/knowvah/plantuml-ts/src/core/klimt/shape/TextBlockMarged.ts:49:32)
EmbeddedDiagram.calculateDimensionSlow: renderer failed Error: EmbeddedDiagram.java:138-139: a non-SVG StringBounder reads a raster -- unported
    at Object.calculateDimension (/Users/scottseely/git/knowvah/plantuml-ts/src/core/svek/image/EntityImageDescriptionDelegates.ts:148:17)
    at EmbeddedDiagram.calculateDimensionSlow (/Users/scottseely/git/knowvah/plantuml-ts/src/core/EmbeddedDiagram.ts:428:42)
    at EmbeddedDiagram.calculateDimension (/Users/scottseely/git/knowvah/plantuml-ts/src/core/klimt/shape/TextBlockMemoized.ts:30:35)
    at Object.calculateDimension (/Users/scottseely/git/knowvah/plantuml-ts/src/core/svek/image/EntityImageDescriptionDelegates.ts:238:48)
    at Sea.add (/Users/scottseely/git/knowvah/plantuml-ts/src/core/klimt/creole/Sea.ts:74:26)
    at SheetBlock1.initMap (/Users/scottseely/git/knowvah/plantuml-ts/src/core/klimt/creole/SheetBlock1.ts:174:42)
    at SheetBlock1.calculateDimensionSlow (/Users/scottseely/git/knowvah/plantuml-ts/src/core/klimt/creole/SheetBlock1.ts:217:10)
    at SheetBlock1.calculateDimension (/Users/scottseely/git/knowvah/plantuml-ts/src/core/klimt/shape/TextBlockMemoized.ts:30:35)
    at SheetBlock2.calculateDimension (/Users/scottseely/git/knowvah/plantuml-ts/src/core/klimt/creole/SheetBlock2.ts:67:23)
    at TextBlockMarged.calculateDimension (/Users/scottseely/git/knowvah/plantuml-ts/src/core/klimt/shape/TextBlockMarged.ts:49:32)
EmbeddedDiagram.calculateDimensionSlow: renderer failed Error: EmbeddedDiagram.java:138-139: a non-SVG StringBounder reads a raster -- unported
    at Object.calculateDimension (/Users/scottseely/git/knowvah/plantuml-ts/src/core/svek/image/EntityImageDescriptionDelegates.ts:148:17)
    at EmbeddedDiagram.calculateDimensionSlow (/Users/scottseely/git/knowvah/plantuml-ts/src/core/EmbeddedDiagram.ts:428:42)
    at EmbeddedDiagram.calculateDimension (/Users/scottseely/git/knowvah/plantuml-ts/src/core/klimt/shape/TextBlockMemoized.ts:30:35)
    at Object.calculateDimension (/Users/scottseely/git/knowvah/plantuml-ts/src/core/svek/image/EntityImageDescriptionDelegates.ts:238:48)
    at Sea.add (/Users/scottseely/git/knowvah/plantuml-ts/src/core/klimt/creole/Sea.ts:74:26)
    at SheetBlock1.initMap (/Users/scottseely/git/knowvah/plantuml-ts/src/core/klimt/creole/SheetBlock1.ts:174:42)
    at SheetBlock1.calculateDimensionSlow (/Users/scottseely/git/knowvah/plantuml-ts/src/core/klimt/creole/SheetBlock1.ts:217:10)
    at SheetBlock1.calculateDimension (/Users/scottseely/git/knowvah/plantuml-ts/src/core/klimt/shape/TextBlockMemoized.ts:30:35)
    at SheetBlock2.calculateDimension (/Users/scottseely/git/knowvah/plantuml-ts/src/core/klimt/creole/SheetBlock2.ts:67:23)
    at TextBlockVertical.calculateDimensionSlow (/Users/scottseely/git/knowvah/plantuml-ts/src/core/klimt/shape/TextBlockVertical.ts:51:30)
EmbeddedDiagram.calculateDimensionSlow: renderer failed Error: EmbeddedDiagram.java:138-139: a non-SVG StringBounder reads a raster -- unported
    at Object.calculateDimension (/Users/scottseely/git/knowvah/plantuml-ts/src/core/svek/image/EntityImageDescriptionDelegates.ts:148:17)
    at EmbeddedDiagram.calculateDimensionSlow (/Users/scottseely/git/knowvah/plantuml-ts/src/core/EmbeddedDiagram.ts:428:42)
    at EmbeddedDiagram.calculateDimension (/Users/scottseely/git/knowvah/plantuml-ts/src/core/klimt/shape/TextBlockMemoized.ts:30:35)
    at Object.calculateDimension (/Users/scottseely/git/knowvah/plantuml-ts/src/core/svek/image/EntityImageDescriptionDelegates.ts:238:48)
    at Sea.add (/Users/scottseely/git/knowvah/plantuml-ts/src/core/klimt/creole/Sea.ts:74:26)
    at SheetBlock1.initMap (/Users/scottseely/git/knowvah/plantuml-ts/src/core/klimt/creole/SheetBlock1.ts:174:42)
    at SheetBlock1.calculateDimensionSlow (/Users/scottseely/git/knowvah/plantuml-ts/src/core/klimt/creole/SheetBlock1.ts:217:10)
    at SheetBlock1.calculateDimension (/Users/scottseely/git/knowvah/plantuml-ts/src/core/klimt/shape/TextBlockMemoized.ts:30:35)
    at SheetBlock2.calculateDimension (/Users/scottseely/git/knowvah/plantuml-ts/src/core/klimt/creole/SheetBlock2.ts:67:23)
    at TextBlockMarged.calculateDimension (/Users/scottseely/git/knowvah/plantuml-ts/src/core/klimt/shape/TextBlockMarged.ts:49:32)
EmbeddedDiagram.calculateDimensionSlow: renderer failed Error: EmbeddedDiagram.java:138-139: a non-SVG StringBounder reads a raster -- unported
    at Object.calculateDimension (/Users/scottseely/git/knowvah/plantuml-ts/src/core/svek/image/EntityImageDescriptionDelegates.ts:148:17)
    at EmbeddedDiagram.calculateDimensionSlow (/Users/scottseely/git/knowvah/plantuml-ts/src/core/EmbeddedDiagram.ts:428:42)
    at EmbeddedDiagram.calculateDimension (/Users/scottseely/git/knowvah/plantuml-ts/src/core/klimt/shape/TextBlockMemoized.ts:30:35)
    at Object.calculateDimension (/Users/scottseely/git/knowvah/plantuml-ts/src/core/svek/image/EntityImageDescriptionDelegates.ts:238:48)
    at Sea.add (/Users/scottseely/git/knowvah/plantuml-ts/src/core/klimt/creole/Sea.ts:74:26)
    at SheetBlock1.initMap (/Users/scottseely/git/knowvah/plantuml-ts/src/core/klimt/creole/SheetBlock1.ts:174:42)
    at SheetBlock1.calculateDimensionSlow (/Users/scottseely/git/knowvah/plantuml-ts/src/core/klimt/creole/SheetBlock1.ts:217:10)
    at SheetBlock1.calculateDimension (/Users/scottseely/git/knowvah/plantuml-ts/src/core/klimt/shape/TextBlockMemoized.ts:30:35)
    at SheetBlock2.calculateDimension (/Users/scottseely/git/knowvah/plantuml-ts/src/core/klimt/creole/SheetBlock2.ts:67:23)
    at TextBlockMarged.calculateDimension (/Users/scottseely/git/knowvah/plantuml-ts/src/core/klimt/shape/TextBlockMarged.ts:49:32)
EmbeddedDiagram.calculateDimensionSlow: renderer failed Error: EmbeddedDiagram.java:138-139: a non-SVG StringBounder reads a raster -- unported
    at Object.calculateDimension (/Users/scottseely/git/knowvah/plantuml-ts/src/core/svek/image/EntityImageDescriptionDelegates.ts:148:17)
    at EmbeddedDiagram.calculateDimensionSlow (/Users/scottseely/git/knowvah/plantuml-ts/src/core/EmbeddedDiagram.ts:428:42)
    at EmbeddedDiagram.calculateDimension (/Users/scottseely/git/knowvah/plantuml-ts/src/core/klimt/shape/TextBlockMemoized.ts:30:35)
    at Object.calculateDimension (/Users/scottseely/git/knowvah/plantuml-ts/src/core/svek/image/EntityImageDescriptionDelegates.ts:238:48)
    at Sea.add (/Users/scottseely/git/knowvah/plantuml-ts/src/core/klimt/creole/Sea.ts:74:26)
    at SheetBlock1.initMap (/Users/scottseely/git/knowvah/plantuml-ts/src/core/klimt/creole/SheetBlock1.ts:174:42)
    at SheetBlock1.calculateDimensionSlow (/Users/scottseely/git/knowvah/plantuml-ts/src/core/klimt/creole/SheetBlock1.ts:217:10)
    at SheetBlock1.calculateDimension (/Users/scottseely/git/knowvah/plantuml-ts/src/core/klimt/shape/TextBlockMemoized.ts:30:35)
    at SheetBlock2.calculateDimension (/Users/scottseely/git/knowvah/plantuml-ts/src/core/klimt/creole/SheetBlock2.ts:67:23)
    at TextBlockMarged.calculateDimension (/Users/scottseely/git/knowvah/plantuml-ts/src/core/klimt/shape/TextBlockMarged.ts:49:32)
EmbeddedDiagram.calculateDimensionSlow: renderer failed Error: EmbeddedDiagram.java:138-139: a non-SVG StringBounder reads a raster -- unported
    at Object.calculateDimension (/Users/scottseely/git/knowvah/plantuml-ts/src/core/svek/image/EntityImageDescriptionDelegates.ts:148:17)
    at EmbeddedDiagram.calculateDimensionSlow (/Users/scottseely/git/knowvah/plantuml-ts/src/core/EmbeddedDiagram.ts:428:42)
    at EmbeddedDiagram.calculateDimension (/Users/scottseely/git/knowvah/plantuml-ts/src/core/klimt/shape/TextBlockMemoized.ts:30:35)
    at Object.calculateDimension (/Users/scottseely/git/knowvah/plantuml-ts/src/core/svek/image/EntityImageDescriptionDelegates.ts:238:48)
    at Sea.add (/Users/scottseely/git/knowvah/plantuml-ts/src/core/klimt/creole/Sea.ts:74:26)
    at SheetBlock1.initMap (/Users/scottseely/git/knowvah/plantuml-ts/src/core/klimt/creole/SheetBlock1.ts:174:42)
    at SheetBlock1.calculateDimensionSlow (/Users/scottseely/git/knowvah/plantuml-ts/src/core/klimt/creole/SheetBlock1.ts:217:10)
    at SheetBlock1.calculateDimension (/Users/scottseely/git/knowvah/plantuml-ts/src/core/klimt/shape/TextBlockMemoized.ts:30:35)
    at SheetBlock2.calculateDimension (/Users/scottseely/git/knowvah/plantuml-ts/src/core/klimt/creole/SheetBlock2.ts:67:23)
    at TextBlockMarged.calculateDimension (/Users/scottseely/git/knowvah/plantuml-ts/src/core/klimt/shape/TextBlockMarged.ts:49:32)
EmbeddedDiagram.calculateDimensionSlow: renderer failed Error: EmbeddedDiagram.java:138-139: a non-SVG StringBounder reads a raster -- unported
    at Object.calculateDimension (/Users/scottseely/git/knowvah/plantuml-ts/src/core/svek/image/EntityImageDescriptionDelegates.ts:148:17)
    at EmbeddedDiagram.calculateDimensionSlow (/Users/scottseely/git/knowvah/plantuml-ts/src/core/EmbeddedDiagram.ts:428:42)
    at EmbeddedDiagram.calculateDimension (/Users/scottseely/git/knowvah/plantuml-ts/src/core/klimt/shape/TextBlockMemoized.ts:30:35)
    at Object.calculateDimension (/Users/scottseely/git/knowvah/plantuml-ts/src/core/svek/image/EntityImageDescriptionDelegates.ts:238:48)
    at Sea.add (/Users/scottseely/git/knowvah/plantuml-ts/src/core/klimt/creole/Sea.ts:74:26)
    at SheetBlock1.initMap (/Users/scottseely/git/knowvah/plantuml-ts/src/core/klimt/creole/SheetBlock1.ts:174:42)
    at SheetBlock1.calculateDimensionSlow (/Users/scottseely/git/knowvah/plantuml-ts/src/core/klimt/creole/SheetBlock1.ts:217:10)
    at SheetBlock1.calculateDimension (/Users/scottseely/git/knowvah/plantuml-ts/src/core/klimt/shape/TextBlockMemoized.ts:30:35)
    at SheetBlock2.calculateDimension (/Users/scottseely/git/knowvah/plantuml-ts/src/core/klimt/creole/SheetBlock2.ts:67:23)
    at TextBlockMarged.calculateDimension (/Users/scottseely/git/knowvah/plantuml-ts/src/core/klimt/shape/TextBlockMarged.ts:49:32)
EmbeddedDiagram.calculateDimensionSlow: renderer failed Error: EmbeddedDiagram.java:138-139: a non-SVG StringBounder reads a raster -- unported
    at Object.calculateDimension (/Users/scottseely/git/knowvah/plantuml-ts/src/core/svek/image/EntityImageDescriptionDelegates.ts:148:17)
    at EmbeddedDiagram.calculateDimensionSlow (/Users/scottseely/git/knowvah/plantuml-ts/src/core/EmbeddedDiagram.ts:428:42)
    at EmbeddedDiagram.calculateDimension (/Users/scottseely/git/knowvah/plantuml-ts/src/core/klimt/shape/TextBlockMemoized.ts:30:35)
    at Object.calculateDimension (/Users/scottseely/git/knowvah/plantuml-ts/src/core/svek/image/EntityImageDescriptionDelegates.ts:238:48)
    at Sea.add (/Users/scottseely/git/knowvah/plantuml-ts/src/core/klimt/creole/Sea.ts:74:26)
    at SheetBlock1.initMap (/Users/scottseely/git/knowvah/plantuml-ts/src/core/klimt/creole/SheetBlock1.ts:174:42)
    at SheetBlock1.calculateDimensionSlow (/Users/scottseely/git/knowvah/plantuml-ts/src/core/klimt/creole/SheetBlock1.ts:217:10)
    at SheetBlock1.calculateDimension (/Users/scottseely/git/knowvah/plantuml-ts/src/core/klimt/shape/TextBlockMemoized.ts:30:35)
    at SheetBlock2.calculateDimension (/Users/scottseely/git/knowvah/plantuml-ts/src/core/klimt/creole/SheetBlock2.ts:67:23)
    at TextBlockMarged.calculateDimension (/Users/scottseely/git/knowvah/plantuml-ts/src/core/klimt/shape/TextBlockMarged.ts:49:32)
EmbeddedDiagram.calculateDimensionSlow: renderer failed Error: EmbeddedDiagram.java:138-139: a non-SVG StringBounder reads a raster -- unported
    at Object.calculateDimension (/Users/scottseely/git/knowvah/plantuml-ts/src/core/svek/image/EntityImageDescriptionDelegates.ts:148:17)
    at EmbeddedDiagram.calculateDimensionSlow (/Users/scottseely/git/knowvah/plantuml-ts/src/core/EmbeddedDiagram.ts:428:42)
    at EmbeddedDiagram.calculateDimension (/Users/scottseely/git/knowvah/plantuml-ts/src/core/klimt/shape/TextBlockMemoized.ts:30:35)
    at Object.calculateDimension (/Users/scottseely/git/knowvah/plantuml-ts/src/core/svek/image/EntityImageDescriptionDelegates.ts:238:48)
    at Sea.add (/Users/scottseely/git/knowvah/plantuml-ts/src/core/klimt/creole/Sea.ts:74:26)
    at SheetBlock1.initMap (/Users/scottseely/git/knowvah/plantuml-ts/src/core/klimt/creole/SheetBlock1.ts:174:42)
    at SheetBlock1.calculateDimensionSlow (/Users/scottseely/git/knowvah/plantuml-ts/src/core/klimt/creole/SheetBlock1.ts:217:10)
    at SheetBlock1.calculateDimension (/Users/scottseely/git/knowvah/plantuml-ts/src/core/klimt/shape/TextBlockMemoized.ts:30:35)
    at SheetBlock2.calculateDimension (/Users/scottseely/git/knowvah/plantuml-ts/src/core/klimt/creole/SheetBlock2.ts:67:23)
    at TextBlockMarged.calculateDimension (/Users/scottseely/git/knowvah/plantuml-ts/src/core/klimt/shape/TextBlockMarged.ts:49:32)
EmbeddedDiagram.calculateDimensionSlow: renderer failed Error: EmbeddedDiagram.java:138-139: a non-SVG StringBounder reads a raster -- unported
    at Object.calculateDimension (/Users/scottseely/git/knowvah/plantuml-ts/src/core/svek/image/EntityImageDescriptionDelegates.ts:148:17)
    at EmbeddedDiagram.calculateDimensionSlow (/Users/scottseely/git/knowvah/plantuml-ts/src/core/EmbeddedDiagram.ts:428:42)
    at EmbeddedDiagram.calculateDimension (/Users/scottseely/git/knowvah/plantuml-ts/src/core/klimt/shape/TextBlockMemoized.ts:30:35)
    at Object.calculateDimension (/Users/scottseely/git/knowvah/plantuml-ts/src/core/svek/image/EntityImageDescriptionDelegates.ts:238:48)
    at Sea.add (/Users/scottseely/git/knowvah/plantuml-ts/src/core/klimt/creole/Sea.ts:74:26)
    at SheetBlock1.initMap (/Users/scottseely/git/knowvah/plantuml-ts/src/core/klimt/creole/SheetBlock1.ts:174:42)
    at SheetBlock1.calculateDimensionSlow (/Users/scottseely/git/knowvah/plantuml-ts/src/core/klimt/creole/SheetBlock1.ts:217:10)
    at SheetBlock1.calculateDimension (/Users/scottseely/git/knowvah/plantuml-ts/src/core/klimt/shape/TextBlockMemoized.ts:30:35)
    at SheetBlock2.calculateDimension (/Users/scottseely/git/knowvah/plantuml-ts/src/core/klimt/creole/SheetBlock2.ts:67:23)
    at TextBlockMarged.calculateDimension (/Users/scottseely/git/knowvah/plantuml-ts/src/core/klimt/shape/TextBlockMarged.ts:49:32)
EmbeddedDiagram.calculateDimensionSlow: renderer failed Error: EmbeddedDiagram.java:138-139: a non-SVG StringBounder reads a raster -- unported
    at Object.calculateDimension (/Users/scottseely/git/knowvah/plantuml-ts/src/core/svek/image/EntityImageDescriptionDelegates.ts:148:17)
    at EmbeddedDiagram.calculateDimensionSlow (/Users/scottseely/git/knowvah/plantuml-ts/src/core/EmbeddedDiagram.ts:428:42)
    at EmbeddedDiagram.calculateDimension (/Users/scottseely/git/knowvah/plantuml-ts/src/core/klimt/shape/TextBlockMemoized.ts:30:35)
    at Object.calculateDimension (/Users/scottseely/git/knowvah/plantuml-ts/src/core/svek/image/EntityImageDescriptionDelegates.ts:238:48)
    at Sea.add (/Users/scottseely/git/knowvah/plantuml-ts/src/core/klimt/creole/Sea.ts:74:26)
    at SheetBlock1.initMap (/Users/scottseely/git/knowvah/plantuml-ts/src/core/klimt/creole/SheetBlock1.ts:174:42)
    at SheetBlock1.calculateDimensionSlow (/Users/scottseely/git/knowvah/plantuml-ts/src/core/klimt/creole/SheetBlock1.ts:217:10)
    at SheetBlock1.calculateDimension (/Users/scottseely/git/knowvah/plantuml-ts/src/core/klimt/shape/TextBlockMemoized.ts:30:35)
    at SheetBlock2.calculateDimension (/Users/scottseely/git/knowvah/plantuml-ts/src/core/klimt/creole/SheetBlock2.ts:67:23)
    at TextBlockMarged.calculateDimension (/Users/scottseely/git/knowvah/plantuml-ts/src/core/klimt/shape/TextBlockMarged.ts:49:32)
EmbeddedDiagram.calculateDimensionSlow: renderer failed Error: EmbeddedDiagram.java:138-139: a non-SVG StringBounder reads a raster -- unported
    at Object.calculateDimension (/Users/scottseely/git/knowvah/plantuml-ts/src/core/svek/image/EntityImageDescriptionDelegates.ts:148:17)
    at EmbeddedDiagram.calculateDimensionSlow (/Users/scottseely/git/knowvah/plantuml-ts/src/core/EmbeddedDiagram.ts:428:42)
    at EmbeddedDiagram.calculateDimension (/Users/scottseely/git/knowvah/plantuml-ts/src/core/klimt/shape/TextBlockMemoized.ts:30:35)
    at Object.calculateDimension (/Users/scottseely/git/knowvah/plantuml-ts/src/core/svek/image/EntityImageDescriptionDelegates.ts:238:48)
    at Sea.add (/Users/scottseely/git/knowvah/plantuml-ts/src/core/klimt/creole/Sea.ts:74:26)
    at SheetBlock1.initMap (/Users/scottseely/git/knowvah/plantuml-ts/src/core/klimt/creole/SheetBlock1.ts:174:42)
    at SheetBlock1.calculateDimensionSlow (/Users/scottseely/git/knowvah/plantuml-ts/src/core/klimt/creole/SheetBlock1.ts:217:10)
    at SheetBlock1.calculateDimension (/Users/scottseely/git/knowvah/plantuml-ts/src/core/klimt/shape/TextBlockMemoized.ts:30:35)
    at SheetBlock2.calculateDimension (/Users/scottseely/git/knowvah/plantuml-ts/src/core/klimt/creole/SheetBlock2.ts:67:23)
    at TextBlockMarged.calculateDimension (/Users/scottseely/git/knowvah/plantuml-ts/src/core/klimt/shape/TextBlockMarged.ts:49:32)
EmbeddedDiagram.calculateDimensionSlow: renderer failed Error: EmbeddedDiagram.java:138-139: a non-SVG StringBounder reads a raster -- unported
    at Object.calculateDimension (/Users/scottseely/git/knowvah/plantuml-ts/src/core/svek/image/EntityImageDescriptionDelegates.ts:148:17)
    at EmbeddedDiagram.calculateDimensionSlow (/Users/scottseely/git/knowvah/plantuml-ts/src/core/EmbeddedDiagram.ts:428:42)
    at EmbeddedDiagram.calculateDimension (/Users/scottseely/git/knowvah/plantuml-ts/src/core/klimt/shape/TextBlockMemoized.ts:30:35)
    at Object.calculateDimension (/Users/scottseely/git/knowvah/plantuml-ts/src/core/svek/image/EntityImageDescriptionDelegates.ts:238:48)
    at Sea.add (/Users/scottseely/git/knowvah/plantuml-ts/src/core/klimt/creole/Sea.ts:74:26)
    at SheetBlock1.initMap (/Users/scottseely/git/knowvah/plantuml-ts/src/core/klimt/creole/SheetBlock1.ts:174:42)
    at SheetBlock1.calculateDimensionSlow (/Users/scottseely/git/knowvah/plantuml-ts/src/core/klimt/creole/SheetBlock1.ts:217:10)
    at SheetBlock1.calculateDimension (/Users/scottseely/git/knowvah/plantuml-ts/src/core/klimt/shape/TextBlockMemoized.ts:30:35)
    at SheetBlock2.calculateDimension (/Users/scottseely/git/knowvah/plantuml-ts/src/core/klimt/creole/SheetBlock2.ts:67:23)
    at TextBlockMarged.calculateDimension (/Users/scottseely/git/knowvah/plantuml-ts/src/core/klimt/shape/TextBlockMarged.ts:49:32)
  400/1010
  425/1010
  450/1010
EmbeddedDiagram.calculateDimensionSlow: renderer failed Error: class-nested-diagram-renderer: rendered SVG has no viewBox="0 0 W H" to measure
    at readSvgDimensions (/Users/scottseely/git/knowvah/plantuml-ts/src/diagrams/class/class-nested-diagram-renderer.ts:143:122)
    at guardedRender (/Users/scottseely/git/knowvah/plantuml-ts/src/diagrams/class/class-nested-diagram-renderer.ts:211:19)
    at Object.render (/Users/scottseely/git/knowvah/plantuml-ts/src/diagrams/class/class-nested-diagram-renderer.ts:220:19)
    at Object.render (/Users/scottseely/git/knowvah/plantuml-ts/src/core/svek/image/EntityImageDescriptionDelegates.ts:145:32)
    at EmbeddedDiagram.getInternalTextBlock (/Users/scottseely/git/knowvah/plantuml-ts/src/core/EmbeddedDiagram.ts:409:40)
    at EmbeddedDiagram.calculateDimensionSlow (/Users/scottseely/git/knowvah/plantuml-ts/src/core/EmbeddedDiagram.ts:428:19)
    at EmbeddedDiagram.calculateDimension (/Users/scottseely/git/knowvah/plantuml-ts/src/core/klimt/shape/TextBlockMemoized.ts:30:35)
    at Object.calculateDimension (/Users/scottseely/git/knowvah/plantuml-ts/src/core/svek/image/EntityImageDescriptionDelegates.ts:238:48)
    at Sea.add (/Users/scottseely/git/knowvah/plantuml-ts/src/core/klimt/creole/Sea.ts:74:26)
    at SheetBlock1.initMap (/Users/scottseely/git/knowvah/plantuml-ts/src/core/klimt/creole/SheetBlock1.ts:174:42)
EmbeddedDiagram.calculateDimensionSlow: renderer failed Error: class-nested-diagram-renderer: rendered SVG has no viewBox="0 0 W H" to measure
    at readSvgDimensions (/Users/scottseely/git/knowvah/plantuml-ts/src/diagrams/class/class-nested-diagram-renderer.ts:143:122)
    at guardedRender (/Users/scottseely/git/knowvah/plantuml-ts/src/diagrams/class/class-nested-diagram-renderer.ts:211:19)
    at Object.render (/Users/scottseely/git/knowvah/plantuml-ts/src/diagrams/class/class-nested-diagram-renderer.ts:220:19)
    at Object.render (/Users/scottseely/git/knowvah/plantuml-ts/src/core/svek/image/EntityImageDescriptionDelegates.ts:145:32)
    at EmbeddedDiagram.getInternalTextBlock (/Users/scottseely/git/knowvah/plantuml-ts/src/core/EmbeddedDiagram.ts:409:40)
    at EmbeddedDiagram.calculateDimensionSlow (/Users/scottseely/git/knowvah/plantuml-ts/src/core/EmbeddedDiagram.ts:428:19)
    at EmbeddedDiagram.calculateDimension (/Users/scottseely/git/knowvah/plantuml-ts/src/core/klimt/shape/TextBlockMemoized.ts:30:35)
    at Object.calculateDimension (/Users/scottseely/git/knowvah/plantuml-ts/src/core/svek/image/EntityImageDescriptionDelegates.ts:238:48)
    at Sea.add (/Users/scottseely/git/knowvah/plantuml-ts/src/core/klimt/creole/Sea.ts:74:26)
    at SheetBlock1.initMap (/Users/scottseely/git/knowvah/plantuml-ts/src/core/klimt/creole/SheetBlock1.ts:174:42)
EmbeddedDiagram.drawU: renderer failed Error: class-nested-diagram-renderer: rendered SVG has no viewBox="0 0 W H" to measure
    at readSvgDimensions (/Users/scottseely/git/knowvah/plantuml-ts/src/diagrams/class/class-nested-diagram-renderer.ts:143:122)
    at guardedRender (/Users/scottseely/git/knowvah/plantuml-ts/src/diagrams/class/class-nested-diagram-renderer.ts:211:19)
    at Object.render (/Users/scottseely/git/knowvah/plantuml-ts/src/diagrams/class/class-nested-diagram-renderer.ts:220:19)
    at Object.render (/Users/scottseely/git/knowvah/plantuml-ts/src/core/svek/image/EntityImageDescriptionDelegates.ts:145:32)
    at EmbeddedDiagram.getInternalTextBlock (/Users/scottseely/git/knowvah/plantuml-ts/src/core/EmbeddedDiagram.ts:409:40)
    at EmbeddedDiagram.drawU (/Users/scottseely/git/knowvah/plantuml-ts/src/core/EmbeddedDiagram.ts:451:12)
    at Object.drawU (/Users/scottseely/git/knowvah/plantuml-ts/src/core/svek/image/EntityImageDescriptionDelegates.ts:254:14)
    at SheetBlock1.drawU (/Users/scottseely/git/knowvah/plantuml-ts/src/core/klimt/creole/SheetBlock1.ts:237:22)
    at SheetBlock2.drawU (/Users/scottseely/git/knowvah/plantuml-ts/src/core/klimt/creole/SheetBlock2.ts:83:16)
    at TextBlockMarged.drawU (/Users/scottseely/git/knowvah/plantuml-ts/src/core/klimt/shape/TextBlockMarged.ts:58:22)
EmbeddedDiagram.calculateDimensionSlow: renderer failed Error: note-layout-measure: no NestedDiagramRenderer wired for {{...}} embedded-diagram note regions yet (see EmbeddedDiagram.ts#NestedDiagramRenderer, the seam to implement)
    at Object.render (/Users/scottseely/git/knowvah/plantuml-ts/src/diagrams/class/note-layout-measure-rows.ts:379:11)
    at EmbeddedDiagram.getInternalTextBlock (/Users/scottseely/git/knowvah/plantuml-ts/src/core/EmbeddedDiagram.ts:409:40)
    at EmbeddedDiagram.calculateDimensionSlow (/Users/scottseely/git/knowvah/plantuml-ts/src/core/EmbeddedDiagram.ts:428:19)
    at EmbeddedDiagram.calculateDimension (/Users/scottseely/git/knowvah/plantuml-ts/src/core/klimt/shape/TextBlockMemoized.ts:30:35)
    at consumeEmbeddedRow (/Users/scottseely/git/knowvah/plantuml-ts/src/diagrams/class/note-layout-measure-rows.ts:468:24)
    at buildBlockRows (/Users/scottseely/git/knowvah/plantuml-ts/src/diagrams/class/note-layout-measure.ts:425:70)
    at flushBlock (/Users/scottseely/git/knowvah/plantuml-ts/src/diagrams/class/note-layout-measure.ts:130:31)
    at measureNote (/Users/scottseely/git/knowvah/plantuml-ts/src/diagrams/class/note-layout-measure.ts:141:3)
    at buildNoteGraphParts (/Users/scottseely/git/knowvah/plantuml-ts/src/diagrams/class/note-layout-groups.ts:203:90)
    at buildDotGraph (/Users/scottseely/git/knowvah/plantuml-ts/src/diagrams/class/class-dot-graph.ts:432:57)
consumeEmbeddedRow: nested-diagram render failed Error: class-nested-diagram-renderer: rendered SVG has no viewBox="0 0 W H" to measure
    at readSvgDimensions (/Users/scottseely/git/knowvah/plantuml-ts/src/diagrams/class/class-nested-diagram-renderer.ts:143:122)
    at Object.guardedRender [as renderImage] (/Users/scottseely/git/knowvah/plantuml-ts/src/diagrams/class/class-nested-diagram-renderer.ts:211:19)
    at buildEmbeddedNoteImageAtom (/Users/scottseely/git/knowvah/plantuml-ts/src/diagrams/class/note-layout-measure-rows.ts:492:26)
    at consumeEmbeddedRow (/Users/scottseely/git/knowvah/plantuml-ts/src/diagrams/class/note-layout-measure-rows.ts:470:17)
    at buildBlockRows (/Users/scottseely/git/knowvah/plantuml-ts/src/diagrams/class/note-layout-measure.ts:425:70)
    at flushBlock (/Users/scottseely/git/knowvah/plantuml-ts/src/diagrams/class/note-layout-measure.ts:130:31)
    at measureNote (/Users/scottseely/git/knowvah/plantuml-ts/src/diagrams/class/note-layout-measure.ts:141:3)
    at buildNoteGraphParts (/Users/scottseely/git/knowvah/plantuml-ts/src/diagrams/class/note-layout-groups.ts:203:90)
    at buildDotGraph (/Users/scottseely/git/knowvah/plantuml-ts/src/diagrams/class/class-dot-graph.ts:432:57)
    at layoutSinglePage (/Users/scottseely/git/knowvah/plantuml-ts/src/diagrams/class/layout.ts:597:146)
EmbeddedDiagram.calculateDimensionSlow: renderer failed Error: class-nested-diagram-renderer: rendered SVG has no viewBox="0 0 W H" to measure
    at readSvgDimensions (/Users/scottseely/git/knowvah/plantuml-ts/src/diagrams/class/class-nested-diagram-renderer.ts:143:122)
    at guardedRender (/Users/scottseely/git/knowvah/plantuml-ts/src/diagrams/class/class-nested-diagram-renderer.ts:211:19)
    at Object.render (/Users/scottseely/git/knowvah/plantuml-ts/src/diagrams/class/class-nested-diagram-renderer.ts:220:19)
    at Object.render (/Users/scottseely/git/knowvah/plantuml-ts/src/core/svek/image/EntityImageDescriptionDelegates.ts:145:32)
    at EmbeddedDiagram.getInternalTextBlock (/Users/scottseely/git/knowvah/plantuml-ts/src/core/EmbeddedDiagram.ts:409:40)
    at EmbeddedDiagram.calculateDimensionSlow (/Users/scottseely/git/knowvah/plantuml-ts/src/core/EmbeddedDiagram.ts:428:19)
    at EmbeddedDiagram.calculateDimension (/Users/scottseely/git/knowvah/plantuml-ts/src/core/klimt/shape/TextBlockMemoized.ts:30:35)
    at Object.calculateDimension (/Users/scottseely/git/knowvah/plantuml-ts/src/core/svek/image/EntityImageDescriptionDelegates.ts:238:48)
    at Sea.add (/Users/scottseely/git/knowvah/plantuml-ts/src/core/klimt/creole/Sea.ts:74:26)
    at SheetBlock1.initMap (/Users/scottseely/git/knowvah/plantuml-ts/src/core/klimt/creole/SheetBlock1.ts:174:42)
EmbeddedDiagram.drawU: renderer failed Error: class-nested-diagram-renderer: rendered SVG has no viewBox="0 0 W H" to measure
    at readSvgDimensions (/Users/scottseely/git/knowvah/plantuml-ts/src/diagrams/class/class-nested-diagram-renderer.ts:143:122)
    at guardedRender (/Users/scottseely/git/knowvah/plantuml-ts/src/diagrams/class/class-nested-diagram-renderer.ts:211:19)
    at Object.render (/Users/scottseely/git/knowvah/plantuml-ts/src/diagrams/class/class-nested-diagram-renderer.ts:220:19)
    at Object.render (/Users/scottseely/git/knowvah/plantuml-ts/src/core/svek/image/EntityImageDescriptionDelegates.ts:145:32)
    at EmbeddedDiagram.getInternalTextBlock (/Users/scottseely/git/knowvah/plantuml-ts/src/core/EmbeddedDiagram.ts:409:40)
    at EmbeddedDiagram.drawU (/Users/scottseely/git/knowvah/plantuml-ts/src/core/EmbeddedDiagram.ts:451:12)
    at Object.drawU (/Users/scottseely/git/knowvah/plantuml-ts/src/core/svek/image/EntityImageDescriptionDelegates.ts:254:14)
    at SheetBlock1.drawU (/Users/scottseely/git/knowvah/plantuml-ts/src/core/klimt/creole/SheetBlock1.ts:237:22)
    at SheetBlock2.drawU (/Users/scottseely/git/knowvah/plantuml-ts/src/core/klimt/creole/SheetBlock2.ts:83:16)
    at TextBlockMarged.drawU (/Users/scottseely/git/knowvah/plantuml-ts/src/core/klimt/shape/TextBlockMarged.ts:58:22)
  475/1010
  500/1010
  525/1010
  550/1010
  575/1010
  600/1010
  625/1010
[Log] vlookup on cm
  650/1010
  675/1010
EmbeddedDiagram.calculateDimensionSlow: renderer failed Error: EmbeddedDiagram.java:138-139: a non-SVG StringBounder reads a raster -- unported
    at Object.calculateDimension (/Users/scottseely/git/knowvah/plantuml-ts/src/core/svek/image/EntityImageDescriptionDelegates.ts:148:17)
    at EmbeddedDiagram.calculateDimensionSlow (/Users/scottseely/git/knowvah/plantuml-ts/src/core/EmbeddedDiagram.ts:428:42)
    at EmbeddedDiagram.calculateDimension (/Users/scottseely/git/knowvah/plantuml-ts/src/core/klimt/shape/TextBlockMemoized.ts:30:35)
    at Object.calculateDimension (/Users/scottseely/git/knowvah/plantuml-ts/src/core/svek/image/EntityImageDescriptionDelegates.ts:238:48)
    at Sea.add (/Users/scottseely/git/knowvah/plantuml-ts/src/core/klimt/creole/Sea.ts:74:26)
    at SheetBlock1.initMap (/Users/scottseely/git/knowvah/plantuml-ts/src/core/klimt/creole/SheetBlock1.ts:174:42)
    at SheetBlock1.calculateDimensionSlow (/Users/scottseely/git/knowvah/plantuml-ts/src/core/klimt/creole/SheetBlock1.ts:217:10)
    at SheetBlock1.calculateDimension (/Users/scottseely/git/knowvah/plantuml-ts/src/core/klimt/shape/TextBlockMemoized.ts:30:35)
    at SheetBlock2.calculateDimension (/Users/scottseely/git/knowvah/plantuml-ts/src/core/klimt/creole/SheetBlock2.ts:67:23)
    at BodyEnhanced2.calculateDimension (/Users/scottseely/git/knowvah/plantuml-ts/src/core/cucadiagram/BodyEnhancedAbstract.ts:93:40)
EmbeddedDiagram.calculateDimensionSlow: renderer failed Error: EmbeddedDiagram.java:138-139: a non-SVG StringBounder reads a raster -- unported
    at Object.calculateDimension (/Users/scottseely/git/knowvah/plantuml-ts/src/core/svek/image/EntityImageDescriptionDelegates.ts:148:17)
    at EmbeddedDiagram.calculateDimensionSlow (/Users/scottseely/git/knowvah/plantuml-ts/src/core/EmbeddedDiagram.ts:428:42)
    at EmbeddedDiagram.calculateDimension (/Users/scottseely/git/knowvah/plantuml-ts/src/core/klimt/shape/TextBlockMemoized.ts:30:35)
    at Object.calculateDimension (/Users/scottseely/git/knowvah/plantuml-ts/src/core/svek/image/EntityImageDescriptionDelegates.ts:238:48)
    at Sea.add (/Users/scottseely/git/knowvah/plantuml-ts/src/core/klimt/creole/Sea.ts:74:26)
    at SheetBlock1.initMap (/Users/scottseely/git/knowvah/plantuml-ts/src/core/klimt/creole/SheetBlock1.ts:174:42)
    at SheetBlock1.calculateDimensionSlow (/Users/scottseely/git/knowvah/plantuml-ts/src/core/klimt/creole/SheetBlock1.ts:217:10)
    at SheetBlock1.calculateDimension (/Users/scottseely/git/knowvah/plantuml-ts/src/core/klimt/shape/TextBlockMemoized.ts:30:35)
    at SheetBlock2.calculateDimension (/Users/scottseely/git/knowvah/plantuml-ts/src/core/klimt/creole/SheetBlock2.ts:67:23)
    at BodyEnhanced2.calculateDimension (/Users/scottseely/git/knowvah/plantuml-ts/src/core/cucadiagram/BodyEnhancedAbstract.ts:93:40)
EmbeddedDiagram.calculateDimensionSlow: renderer failed Error: EmbeddedDiagram.java:138-139: a non-SVG StringBounder reads a raster -- unported
    at Object.calculateDimension (/Users/scottseely/git/knowvah/plantuml-ts/src/core/svek/image/EntityImageDescriptionDelegates.ts:148:17)
    at EmbeddedDiagram.calculateDimensionSlow (/Users/scottseely/git/knowvah/plantuml-ts/src/core/EmbeddedDiagram.ts:428:42)
    at EmbeddedDiagram.calculateDimension (/Users/scottseely/git/knowvah/plantuml-ts/src/core/klimt/shape/TextBlockMemoized.ts:30:35)
    at Object.calculateDimension (/Users/scottseely/git/knowvah/plantuml-ts/src/core/svek/image/EntityImageDescriptionDelegates.ts:238:48)
    at Sea.add (/Users/scottseely/git/knowvah/plantuml-ts/src/core/klimt/creole/Sea.ts:74:26)
    at SheetBlock1.initMap (/Users/scottseely/git/knowvah/plantuml-ts/src/core/klimt/creole/SheetBlock1.ts:174:42)
    at SheetBlock1.calculateDimensionSlow (/Users/scottseely/git/knowvah/plantuml-ts/src/core/klimt/creole/SheetBlock1.ts:217:10)
    at SheetBlock1.calculateDimension (/Users/scottseely/git/knowvah/plantuml-ts/src/core/klimt/shape/TextBlockMemoized.ts:30:35)
    at SheetBlock2.calculateDimension (/Users/scottseely/git/knowvah/plantuml-ts/src/core/klimt/creole/SheetBlock2.ts:67:23)
    at BodyEnhanced2.calculateDimension (/Users/scottseely/git/knowvah/plantuml-ts/src/core/cucadiagram/BodyEnhancedAbstract.ts:93:40)
EmbeddedDiagram.calculateDimensionSlow: renderer failed Error: EmbeddedDiagram.java:138-139: a non-SVG StringBounder reads a raster -- unported
    at Object.calculateDimension (/Users/scottseely/git/knowvah/plantuml-ts/src/core/svek/image/EntityImageDescriptionDelegates.ts:148:17)
    at EmbeddedDiagram.calculateDimensionSlow (/Users/scottseely/git/knowvah/plantuml-ts/src/core/EmbeddedDiagram.ts:428:42)
    at EmbeddedDiagram.calculateDimension (/Users/scottseely/git/knowvah/plantuml-ts/src/core/klimt/shape/TextBlockMemoized.ts:30:35)
    at Object.calculateDimension (/Users/scottseely/git/knowvah/plantuml-ts/src/core/svek/image/EntityImageDescriptionDelegates.ts:238:48)
    at Sea.add (/Users/scottseely/git/knowvah/plantuml-ts/src/core/klimt/creole/Sea.ts:74:26)
    at SheetBlock1.initMap (/Users/scottseely/git/knowvah/plantuml-ts/src/core/klimt/creole/SheetBlock1.ts:174:42)
    at SheetBlock1.calculateDimensionSlow (/Users/scottseely/git/knowvah/plantuml-ts/src/core/klimt/creole/SheetBlock1.ts:217:10)
    at SheetBlock1.calculateDimension (/Users/scottseely/git/knowvah/plantuml-ts/src/core/klimt/shape/TextBlockMemoized.ts:30:35)
    at SheetBlock2.calculateDimension (/Users/scottseely/git/knowvah/plantuml-ts/src/core/klimt/creole/SheetBlock2.ts:67:23)
    at BodyEnhanced2.calculateDimension (/Users/scottseely/git/knowvah/plantuml-ts/src/core/cucadiagram/BodyEnhancedAbstract.ts:93:40)
  700/1010
EmbeddedDiagram.calculateDimensionSlow: renderer failed Error: class-nested-diagram-renderer: rendered SVG has no viewBox="0 0 W H" to measure
    at readSvgDimensions (/Users/scottseely/git/knowvah/plantuml-ts/src/diagrams/class/class-nested-diagram-renderer.ts:143:122)
    at guardedRender (/Users/scottseely/git/knowvah/plantuml-ts/src/diagrams/class/class-nested-diagram-renderer.ts:211:19)
    at Object.render (/Users/scottseely/git/knowvah/plantuml-ts/src/diagrams/class/class-nested-diagram-renderer.ts:220:19)
    at EmbeddedDiagram.getInternalTextBlock (/Users/scottseely/git/knowvah/plantuml-ts/src/core/EmbeddedDiagram.ts:409:40)
    at EmbeddedDiagram.calculateDimensionSlow (/Users/scottseely/git/knowvah/plantuml-ts/src/core/EmbeddedDiagram.ts:428:19)
    at EmbeddedDiagram.calculateDimension (/Users/scottseely/git/knowvah/plantuml-ts/src/core/klimt/shape/TextBlockMemoized.ts:30:35)
    at Object.calculateDimension (/Users/scottseely/git/knowvah/plantuml-ts/src/core/annotations/blocks-creole.ts:312:48)
    at Sea.add (/Users/scottseely/git/knowvah/plantuml-ts/src/core/klimt/creole/Sea.ts:74:26)
    at SheetBlock1.initMap (/Users/scottseely/git/knowvah/plantuml-ts/src/core/klimt/creole/SheetBlock1.ts:174:42)
    at SheetBlock1.calculateDimensionSlow (/Users/scottseely/git/knowvah/plantuml-ts/src/core/klimt/creole/SheetBlock1.ts:217:10)
EmbeddedDiagram.calculateDimensionSlow: renderer failed Error: class-nested-diagram-renderer: rendered SVG has no viewBox="0 0 W H" to measure
    at readSvgDimensions (/Users/scottseely/git/knowvah/plantuml-ts/src/diagrams/class/class-nested-diagram-renderer.ts:143:122)
    at guardedRender (/Users/scottseely/git/knowvah/plantuml-ts/src/diagrams/class/class-nested-diagram-renderer.ts:211:19)
    at Object.render (/Users/scottseely/git/knowvah/plantuml-ts/src/diagrams/class/class-nested-diagram-renderer.ts:220:19)
    at EmbeddedDiagram.getInternalTextBlock (/Users/scottseely/git/knowvah/plantuml-ts/src/core/EmbeddedDiagram.ts:409:40)
    at EmbeddedDiagram.calculateDimensionSlow (/Users/scottseely/git/knowvah/plantuml-ts/src/core/EmbeddedDiagram.ts:428:19)
    at EmbeddedDiagram.calculateDimension (/Users/scottseely/git/knowvah/plantuml-ts/src/core/klimt/shape/TextBlockMemoized.ts:30:35)
    at Object.calculateDimension (/Users/scottseely/git/knowvah/plantuml-ts/src/core/annotations/blocks-creole.ts:312:48)
    at Sea.add (/Users/scottseely/git/knowvah/plantuml-ts/src/core/klimt/creole/Sea.ts:74:26)
    at SheetBlock1.initMap (/Users/scottseely/git/knowvah/plantuml-ts/src/core/klimt/creole/SheetBlock1.ts:174:42)
    at SheetBlock1.drawU (/Users/scottseely/git/knowvah/plantuml-ts/src/core/klimt/creole/SheetBlock1.ts:226:10)
EmbeddedDiagram.drawU: renderer failed Error: class-nested-diagram-renderer: rendered SVG has no viewBox="0 0 W H" to measure
    at readSvgDimensions (/Users/scottseely/git/knowvah/plantuml-ts/src/diagrams/class/class-nested-diagram-renderer.ts:143:122)
    at guardedRender (/Users/scottseely/git/knowvah/plantuml-ts/src/diagrams/class/class-nested-diagram-renderer.ts:211:19)
    at Object.render (/Users/scottseely/git/knowvah/plantuml-ts/src/diagrams/class/class-nested-diagram-renderer.ts:220:19)
    at EmbeddedDiagram.getInternalTextBlock (/Users/scottseely/git/knowvah/plantuml-ts/src/core/EmbeddedDiagram.ts:409:40)
    at EmbeddedDiagram.drawU (/Users/scottseely/git/knowvah/plantuml-ts/src/core/EmbeddedDiagram.ts:451:12)
    at Object.drawU (/Users/scottseely/git/knowvah/plantuml-ts/src/core/annotations/blocks-creole.ts:324:14)
    at SheetBlock1.drawU (/Users/scottseely/git/knowvah/plantuml-ts/src/core/klimt/creole/SheetBlock1.ts:237:22)
    at SheetBlock2.drawU (/Users/scottseely/git/knowvah/plantuml-ts/src/core/klimt/creole/SheetBlock2.ts:83:16)
    at Object.drawU (/Users/scottseely/git/knowvah/plantuml-ts/src/core/annotations/blocks-creole.ts:495:44)
    at renderDrawableToFragment (/Users/scottseely/git/knowvah/plantuml-ts/src/core/klimt/document-shell-fragment.ts:238:12)
EmbeddedDiagram.calculateDimensionSlow: renderer failed Error: EmbeddedDiagram.java:138-139: a non-SVG StringBounder reads a raster -- unported
    at Object.calculateDimension (/Users/scottseely/git/knowvah/plantuml-ts/src/core/svek/image/EntityImageDescriptionDelegates.ts:148:17)
    at EmbeddedDiagram.calculateDimensionSlow (/Users/scottseely/git/knowvah/plantuml-ts/src/core/EmbeddedDiagram.ts:428:42)
    at EmbeddedDiagram.calculateDimension (/Users/scottseely/git/knowvah/plantuml-ts/src/core/klimt/shape/TextBlockMemoized.ts:30:35)
    at Object.calculateDimension (/Users/scottseely/git/knowvah/plantuml-ts/src/core/svek/image/EntityImageDescriptionDelegates.ts:238:48)
    at Sea.add (/Users/scottseely/git/knowvah/plantuml-ts/src/core/klimt/creole/Sea.ts:74:26)
    at SheetBlock1.initMap (/Users/scottseely/git/knowvah/plantuml-ts/src/core/klimt/creole/SheetBlock1.ts:174:42)
    at SheetBlock1.calculateDimensionSlow (/Users/scottseely/git/knowvah/plantuml-ts/src/core/klimt/creole/SheetBlock1.ts:217:10)
    at SheetBlock1.calculateDimension (/Users/scottseely/git/knowvah/plantuml-ts/src/core/klimt/shape/TextBlockMemoized.ts:30:35)
    at SheetBlock2.calculateDimension (/Users/scottseely/git/knowvah/plantuml-ts/src/core/klimt/creole/SheetBlock2.ts:67:23)
    at BodyEnhanced2.calculateDimension (/Users/scottseely/git/knowvah/plantuml-ts/src/core/cucadiagram/BodyEnhancedAbstract.ts:93:40)
EmbeddedDiagram.calculateDimensionSlow: renderer failed Error: EmbeddedDiagram.java:138-139: a non-SVG StringBounder reads a raster -- unported
    at Object.calculateDimension (/Users/scottseely/git/knowvah/plantuml-ts/src/core/svek/image/EntityImageDescriptionDelegates.ts:148:17)
    at EmbeddedDiagram.calculateDimensionSlow (/Users/scottseely/git/knowvah/plantuml-ts/src/core/EmbeddedDiagram.ts:428:42)
    at EmbeddedDiagram.calculateDimension (/Users/scottseely/git/knowvah/plantuml-ts/src/core/klimt/shape/TextBlockMemoized.ts:30:35)
    at Object.calculateDimension (/Users/scottseely/git/knowvah/plantuml-ts/src/core/svek/image/EntityImageDescriptionDelegates.ts:238:48)
    at Sea.add (/Users/scottseely/git/knowvah/plantuml-ts/src/core/klimt/creole/Sea.ts:74:26)
    at SheetBlock1.initMap (/Users/scottseely/git/knowvah/plantuml-ts/src/core/klimt/creole/SheetBlock1.ts:174:42)
    at SheetBlock1.calculateDimensionSlow (/Users/scottseely/git/knowvah/plantuml-ts/src/core/klimt/creole/SheetBlock1.ts:217:10)
    at SheetBlock1.calculateDimension (/Users/scottseely/git/knowvah/plantuml-ts/src/core/klimt/shape/TextBlockMemoized.ts:30:35)
    at SheetBlock2.calculateDimension (/Users/scottseely/git/knowvah/plantuml-ts/src/core/klimt/creole/SheetBlock2.ts:67:23)
    at BodyEnhanced2.calculateDimension (/Users/scottseely/git/knowvah/plantuml-ts/src/core/cucadiagram/BodyEnhancedAbstract.ts:93:40)
EmbeddedDiagram.calculateDimensionSlow: renderer failed Error: EmbeddedDiagram.java:138-139: a non-SVG StringBounder reads a raster -- unported
    at Object.calculateDimension (/Users/scottseely/git/knowvah/plantuml-ts/src/core/svek/image/EntityImageDescriptionDelegates.ts:148:17)
    at EmbeddedDiagram.calculateDimensionSlow (/Users/scottseely/git/knowvah/plantuml-ts/src/core/EmbeddedDiagram.ts:428:42)
    at EmbeddedDiagram.calculateDimension (/Users/scottseely/git/knowvah/plantuml-ts/src/core/klimt/shape/TextBlockMemoized.ts:30:35)
    at Object.calculateDimension (/Users/scottseely/git/knowvah/plantuml-ts/src/core/svek/image/EntityImageDescriptionDelegates.ts:238:48)
    at Sea.add (/Users/scottseely/git/knowvah/plantuml-ts/src/core/klimt/creole/Sea.ts:74:26)
    at SheetBlock1.initMap (/Users/scottseely/git/knowvah/plantuml-ts/src/core/klimt/creole/SheetBlock1.ts:174:42)
    at SheetBlock1.calculateDimensionSlow (/Users/scottseely/git/knowvah/plantuml-ts/src/core/klimt/creole/SheetBlock1.ts:217:10)
    at SheetBlock1.calculateDimension (/Users/scottseely/git/knowvah/plantuml-ts/src/core/klimt/shape/TextBlockMemoized.ts:30:35)
    at SheetBlock2.calculateDimension (/Users/scottseely/git/knowvah/plantuml-ts/src/core/klimt/creole/SheetBlock2.ts:67:23)
    at BodyEnhanced2.calculateDimension (/Users/scottseely/git/knowvah/plantuml-ts/src/core/cucadiagram/BodyEnhancedAbstract.ts:93:40)
  725/1010
EmbeddedDiagram.calculateDimensionSlow: renderer failed Error: class-nested-diagram-renderer: rendered SVG has no viewBox="0 0 W H" to measure
    at readSvgDimensions (/Users/scottseely/git/knowvah/plantuml-ts/src/diagrams/class/class-nested-diagram-renderer.ts:143:122)
    at guardedRender (/Users/scottseely/git/knowvah/plantuml-ts/src/diagrams/class/class-nested-diagram-renderer.ts:211:19)
    at Object.render (/Users/scottseely/git/knowvah/plantuml-ts/src/diagrams/class/class-nested-diagram-renderer.ts:220:19)
    at EmbeddedDiagram.getInternalTextBlock (/Users/scottseely/git/knowvah/plantuml-ts/src/core/EmbeddedDiagram.ts:409:40)
    at EmbeddedDiagram.calculateDimensionSlow (/Users/scottseely/git/knowvah/plantuml-ts/src/core/EmbeddedDiagram.ts:428:19)
    at EmbeddedDiagram.calculateDimension (/Users/scottseely/git/knowvah/plantuml-ts/src/core/klimt/shape/TextBlockMemoized.ts:30:35)
    at Object.calculateDimension (/Users/scottseely/git/knowvah/plantuml-ts/src/core/annotations/blocks-creole.ts:312:48)
    at Sea.add (/Users/scottseely/git/knowvah/plantuml-ts/src/core/klimt/creole/Sea.ts:74:26)
    at SheetBlock1.initMap (/Users/scottseely/git/knowvah/plantuml-ts/src/core/klimt/creole/SheetBlock1.ts:174:42)
    at SheetBlock1.calculateDimensionSlow (/Users/scottseely/git/knowvah/plantuml-ts/src/core/klimt/creole/SheetBlock1.ts:217:10)
EmbeddedDiagram.calculateDimensionSlow: renderer failed Error: class-nested-diagram-renderer: rendered SVG has no viewBox="0 0 W H" to measure
    at readSvgDimensions (/Users/scottseely/git/knowvah/plantuml-ts/src/diagrams/class/class-nested-diagram-renderer.ts:143:122)
    at guardedRender (/Users/scottseely/git/knowvah/plantuml-ts/src/diagrams/class/class-nested-diagram-renderer.ts:211:19)
    at Object.render (/Users/scottseely/git/knowvah/plantuml-ts/src/diagrams/class/class-nested-diagram-renderer.ts:220:19)
    at EmbeddedDiagram.getInternalTextBlock (/Users/scottseely/git/knowvah/plantuml-ts/src/core/EmbeddedDiagram.ts:409:40)
    at EmbeddedDiagram.calculateDimensionSlow (/Users/scottseely/git/knowvah/plantuml-ts/src/core/EmbeddedDiagram.ts:428:19)
    at EmbeddedDiagram.calculateDimension (/Users/scottseely/git/knowvah/plantuml-ts/src/core/klimt/shape/TextBlockMemoized.ts:30:35)
    at Object.calculateDimension (/Users/scottseely/git/knowvah/plantuml-ts/src/core/annotations/blocks-creole.ts:312:48)
    at Sea.add (/Users/scottseely/git/knowvah/plantuml-ts/src/core/klimt/creole/Sea.ts:74:26)
    at SheetBlock1.initMap (/Users/scottseely/git/knowvah/plantuml-ts/src/core/klimt/creole/SheetBlock1.ts:174:42)
    at SheetBlock1.drawU (/Users/scottseely/git/knowvah/plantuml-ts/src/core/klimt/creole/SheetBlock1.ts:226:10)
EmbeddedDiagram.drawU: renderer failed Error: class-nested-diagram-renderer: rendered SVG has no viewBox="0 0 W H" to measure
    at readSvgDimensions (/Users/scottseely/git/knowvah/plantuml-ts/src/diagrams/class/class-nested-diagram-renderer.ts:143:122)
    at guardedRender (/Users/scottseely/git/knowvah/plantuml-ts/src/diagrams/class/class-nested-diagram-renderer.ts:211:19)
    at Object.render (/Users/scottseely/git/knowvah/plantuml-ts/src/diagrams/class/class-nested-diagram-renderer.ts:220:19)
    at EmbeddedDiagram.getInternalTextBlock (/Users/scottseely/git/knowvah/plantuml-ts/src/core/EmbeddedDiagram.ts:409:40)
    at EmbeddedDiagram.drawU (/Users/scottseely/git/knowvah/plantuml-ts/src/core/EmbeddedDiagram.ts:451:12)
    at Object.drawU (/Users/scottseely/git/knowvah/plantuml-ts/src/core/annotations/blocks-creole.ts:324:14)
    at SheetBlock1.drawU (/Users/scottseely/git/knowvah/plantuml-ts/src/core/klimt/creole/SheetBlock1.ts:237:22)
    at SheetBlock2.drawU (/Users/scottseely/git/knowvah/plantuml-ts/src/core/klimt/creole/SheetBlock2.ts:83:16)
    at Object.drawU (/Users/scottseely/git/knowvah/plantuml-ts/src/core/annotations/blocks-creole.ts:495:44)
    at renderDrawableToFragment (/Users/scottseely/git/knowvah/plantuml-ts/src/core/klimt/document-shell-fragment.ts:238:12)
  750/1010
  775/1010
[Log] SUBMODULE _not_ defined
  800/1010
EmbeddedDiagram.calculateDimensionSlow: renderer failed Error: EmbeddedDiagram.java:138-139: a non-SVG StringBounder reads a raster -- unported
    at Object.calculateDimension (/Users/scottseely/git/knowvah/plantuml-ts/src/core/svek/image/EntityImageDescriptionDelegates.ts:148:17)
    at EmbeddedDiagram.calculateDimensionSlow (/Users/scottseely/git/knowvah/plantuml-ts/src/core/EmbeddedDiagram.ts:428:42)
    at EmbeddedDiagram.calculateDimension (/Users/scottseely/git/knowvah/plantuml-ts/src/core/klimt/shape/TextBlockMemoized.ts:30:35)
    at Object.calculateDimension (/Users/scottseely/git/knowvah/plantuml-ts/src/core/svek/image/EntityImageDescriptionDelegates.ts:238:48)
    at Sea.add (/Users/scottseely/git/knowvah/plantuml-ts/src/core/klimt/creole/Sea.ts:74:26)
    at SheetBlock1.initMap (/Users/scottseely/git/knowvah/plantuml-ts/src/core/klimt/creole/SheetBlock1.ts:174:42)
    at SheetBlock1.calculateDimensionSlow (/Users/scottseely/git/knowvah/plantuml-ts/src/core/klimt/creole/SheetBlock1.ts:217:10)
    at SheetBlock1.calculateDimension (/Users/scottseely/git/knowvah/plantuml-ts/src/core/klimt/shape/TextBlockMemoized.ts:30:35)
    at SheetBlock2.calculateDimension (/Users/scottseely/git/knowvah/plantuml-ts/src/core/klimt/creole/SheetBlock2.ts:67:23)
    at BodyEnhanced2.calculateDimension (/Users/scottseely/git/knowvah/plantuml-ts/src/core/cucadiagram/BodyEnhancedAbstract.ts:93:40)
EmbeddedDiagram.calculateDimensionSlow: renderer failed Error: EmbeddedDiagram.java:138-139: a non-SVG StringBounder reads a raster -- unported
    at Object.calculateDimension (/Users/scottseely/git/knowvah/plantuml-ts/src/core/svek/image/EntityImageDescriptionDelegates.ts:148:17)
    at EmbeddedDiagram.calculateDimensionSlow (/Users/scottseely/git/knowvah/plantuml-ts/src/core/EmbeddedDiagram.ts:428:42)
    at EmbeddedDiagram.calculateDimension (/Users/scottseely/git/knowvah/plantuml-ts/src/core/klimt/shape/TextBlockMemoized.ts:30:35)
    at Object.calculateDimension (/Users/scottseely/git/knowvah/plantuml-ts/src/core/svek/image/EntityImageDescriptionDelegates.ts:238:48)
    at Sea.add (/Users/scottseely/git/knowvah/plantuml-ts/src/core/klimt/creole/Sea.ts:74:26)
    at SheetBlock1.initMap (/Users/scottseely/git/knowvah/plantuml-ts/src/core/klimt/creole/SheetBlock1.ts:174:42)
    at SheetBlock1.calculateDimensionSlow (/Users/scottseely/git/knowvah/plantuml-ts/src/core/klimt/creole/SheetBlock1.ts:217:10)
    at SheetBlock1.calculateDimension (/Users/scottseely/git/knowvah/plantuml-ts/src/core/klimt/shape/TextBlockMemoized.ts:30:35)
    at SheetBlock2.calculateDimension (/Users/scottseely/git/knowvah/plantuml-ts/src/core/klimt/creole/SheetBlock2.ts:67:23)
    at BodyEnhanced2.calculateDimension (/Users/scottseely/git/knowvah/plantuml-ts/src/core/cucadiagram/BodyEnhancedAbstract.ts:93:40)
EmbeddedDiagram.calculateDimensionSlow: renderer failed Error: EmbeddedDiagram.java:138-139: a non-SVG StringBounder reads a raster -- unported
    at Object.calculateDimension (/Users/scottseely/git/knowvah/plantuml-ts/src/core/svek/image/EntityImageDescriptionDelegates.ts:148:17)
    at EmbeddedDiagram.calculateDimensionSlow (/Users/scottseely/git/knowvah/plantuml-ts/src/core/EmbeddedDiagram.ts:428:42)
    at EmbeddedDiagram.calculateDimension (/Users/scottseely/git/knowvah/plantuml-ts/src/core/klimt/shape/TextBlockMemoized.ts:30:35)
    at Object.calculateDimension (/Users/scottseely/git/knowvah/plantuml-ts/src/core/svek/image/EntityImageDescriptionDelegates.ts:238:48)
    at Sea.add (/Users/scottseely/git/knowvah/plantuml-ts/src/core/klimt/creole/Sea.ts:74:26)
    at SheetBlock1.initMap (/Users/scottseely/git/knowvah/plantuml-ts/src/core/klimt/creole/SheetBlock1.ts:174:42)
    at SheetBlock1.calculateDimensionSlow (/Users/scottseely/git/knowvah/plantuml-ts/src/core/klimt/creole/SheetBlock1.ts:217:10)
    at SheetBlock1.calculateDimension (/Users/scottseely/git/knowvah/plantuml-ts/src/core/klimt/shape/TextBlockMemoized.ts:30:35)
    at SheetBlock2.calculateDimension (/Users/scottseely/git/knowvah/plantuml-ts/src/core/klimt/creole/SheetBlock2.ts:67:23)
    at BodyEnhanced2.calculateDimension (/Users/scottseely/git/knowvah/plantuml-ts/src/core/cucadiagram/BodyEnhancedAbstract.ts:93:40)
  825/1010
  850/1010
  875/1010
  900/1010
EmbeddedDiagram.calculateDimensionSlow: renderer failed Error: note-layout-measure: no NestedDiagramRenderer wired for {{...}} embedded-diagram note regions yet (see EmbeddedDiagram.ts#NestedDiagramRenderer, the seam to implement)
    at Object.render (/Users/scottseely/git/knowvah/plantuml-ts/src/diagrams/class/note-layout-measure-rows.ts:379:11)
    at EmbeddedDiagram.getInternalTextBlock (/Users/scottseely/git/knowvah/plantuml-ts/src/core/EmbeddedDiagram.ts:409:40)
    at EmbeddedDiagram.calculateDimensionSlow (/Users/scottseely/git/knowvah/plantuml-ts/src/core/EmbeddedDiagram.ts:428:19)
    at EmbeddedDiagram.calculateDimension (/Users/scottseely/git/knowvah/plantuml-ts/src/core/klimt/shape/TextBlockMemoized.ts:30:35)
    at consumeEmbeddedRow (/Users/scottseely/git/knowvah/plantuml-ts/src/diagrams/class/note-layout-measure-rows.ts:468:24)
    at buildBlockRows (/Users/scottseely/git/knowvah/plantuml-ts/src/diagrams/class/note-layout-measure.ts:425:70)
    at flushBlock (/Users/scottseely/git/knowvah/plantuml-ts/src/diagrams/class/note-layout-measure.ts:130:31)
    at measureNote (/Users/scottseely/git/knowvah/plantuml-ts/src/diagrams/class/note-layout-measure.ts:141:3)
    at buildNoteGraphParts (/Users/scottseely/git/knowvah/plantuml-ts/src/diagrams/class/note-layout-groups.ts:203:90)
    at buildDotGraph (/Users/scottseely/git/knowvah/plantuml-ts/src/diagrams/class/class-dot-graph.ts:432:57)
EmbeddedDiagram.calculateDimensionSlow: renderer failed Error: note-layout-measure: no NestedDiagramRenderer wired for {{...}} embedded-diagram note regions yet (see EmbeddedDiagram.ts#NestedDiagramRenderer, the seam to implement)
    at Object.render (/Users/scottseely/git/knowvah/plantuml-ts/src/diagrams/class/note-layout-measure-rows.ts:379:11)
    at EmbeddedDiagram.getInternalTextBlock (/Users/scottseely/git/knowvah/plantuml-ts/src/core/EmbeddedDiagram.ts:409:40)
    at EmbeddedDiagram.calculateDimensionSlow (/Users/scottseely/git/knowvah/plantuml-ts/src/core/EmbeddedDiagram.ts:428:19)
    at EmbeddedDiagram.calculateDimension (/Users/scottseely/git/knowvah/plantuml-ts/src/core/klimt/shape/TextBlockMemoized.ts:30:35)
    at consumeEmbeddedRow (/Users/scottseely/git/knowvah/plantuml-ts/src/diagrams/class/note-layout-measure-rows.ts:468:24)
    at buildBlockRows (/Users/scottseely/git/knowvah/plantuml-ts/src/diagrams/class/note-layout-measure.ts:425:70)
    at flushBlock (/Users/scottseely/git/knowvah/plantuml-ts/src/diagrams/class/note-layout-measure.ts:130:31)
    at measureNote (/Users/scottseely/git/knowvah/plantuml-ts/src/diagrams/class/note-layout-measure.ts:141:3)
    at buildNoteGraphParts (/Users/scottseely/git/knowvah/plantuml-ts/src/diagrams/class/note-layout-groups.ts:203:90)
    at buildDotGraph (/Users/scottseely/git/knowvah/plantuml-ts/src/diagrams/class/class-dot-graph.ts:432:57)
  925/1010
  950/1010
  975/1010
  1000/1010
triangulation failed
in routesplines, Pshortestpath failed
triangulation failed
in routesplines, Pshortestpath failed
triangulation failed
in routesplines, Pshortestpath failed
lost A B edge
lost A B edge
wrote plans/class-divergence-drive-6/measurements/b0.json — 1010 rows
