== class 19:02:46  5.52 6.95 6.85
wrote plans/class-divergence-drive-6/measurements/b1-eng/parity-class.json — {"conformant":708,"structural-match":3,"diverged":12,"errored":0,"timeout":0,"oracle-error":0}
== unknown 19:03:06  6.37 7.04 6.88
wrote plans/class-divergence-drive-6/measurements/b1-eng/parity-unknown.json — {"conformant":279,"structural-match":80,"diverged":466,"errored":0,"timeout":0,"oracle-error":0}
== census 19:03:27
    - class/zuropa-39-cada269
== render-all 19:03:39
wrote plans/class-divergence-drive-6/measurements/b1.json — 1010 rows
== activity 19:03:51  5.48 6.75 6.79
wrote plans/class-divergence-drive-6/measurements/b1-eng/parity-activity.json — {"conformant":0,"structural-match":4,"diverged":369,"errored":0,"timeout":0,"oracle-error":0}
== board 19:04:08  5.20 6.60 6.73
wrote plans/class-divergence-drive-6/measurements/b1-eng/parity-board.json — {"conformant":0,"structural-match":0,"diverged":4,"errored":0,"timeout":0,"oracle-error":0}
== c4 19:04:24  4.89 6.45 6.68
wrote plans/class-divergence-drive-6/measurements/b1-eng/parity-c4.json — {"conformant":1,"structural-match":0,"diverged":10,"errored":0,"timeout":0,"oracle-error":0}
== chart 19:04:44  5.88 6.57 6.71
wrote plans/class-divergence-drive-6/measurements/b1-eng/parity-chart.json — {"conformant":0,"structural-match":0,"diverged":29,"errored":0,"timeout":0,"oracle-error":0}
== chronology 19:05:01  6.57 6.67 6.74
wrote plans/class-divergence-drive-6/measurements/b1-eng/parity-chronology.json — {"conformant":0,"structural-match":0,"diverged":1,"errored":0,"timeout":0,"oracle-error":0}
== component 19:05:15  7.01 6.76 6.77
wrote plans/class-divergence-drive-6/measurements/b1-eng/parity-component.json — {"conformant":64,"structural-match":66,"diverged":136,"errored":0,"timeout":0,"oracle-error":0}
== ditaa 19:05:34  6.56 6.66 6.74
wrote plans/class-divergence-drive-6/measurements/b1-eng/parity-ditaa.json — {"conformant":0,"structural-match":0,"diverged":0,"errored":0,"timeout":0,"oracle-error":2}
== dot 19:05:40  6.20 6.58 6.71
wrote plans/class-divergence-drive-6/measurements/b1-eng/parity-dot.json — {"conformant":5,"structural-match":0,"diverged":0,"errored":0,"timeout":0,"oracle-error":0}
== ebnf 19:05:57  7.00 6.73 6.76
wrote plans/class-divergence-drive-6/measurements/b1-eng/parity-ebnf.json — {"conformant":0,"structural-match":0,"diverged":44,"errored":0,"timeout":0,"oracle-error":0}
== files 19:06:14  6.95 6.73 6.75
wrote plans/class-divergence-drive-6/measurements/b1-eng/parity-files.json — {"conformant":0,"structural-match":0,"diverged":1,"errored":0,"timeout":0,"oracle-error":0}
== gantt 19:06:29  6.22 6.57 6.70
wrote plans/class-divergence-drive-6/measurements/b1-eng/parity-gantt.json — {"conformant":0,"structural-match":0,"diverged":265,"errored":0,"timeout":0,"oracle-error":0}
== hcl 19:06:47  6.97 6.72 6.75
wrote plans/class-divergence-drive-6/measurements/b1-eng/parity-hcl.json — {"conformant":1,"structural-match":2,"diverged":0,"errored":0,"timeout":0,"oracle-error":0}
== json 19:07:03  6.52 6.63 6.71
wrote plans/class-divergence-drive-6/measurements/b1-eng/parity-json.json — {"conformant":12,"structural-match":23,"diverged":15,"errored":0,"timeout":0,"oracle-error":0}
== mindmap 19:07:21  6.66 6.65 6.72
wrote plans/class-divergence-drive-6/measurements/b1-eng/parity-mindmap.json — {"conformant":0,"structural-match":0,"diverged":142,"errored":0,"timeout":0,"oracle-error":0}
== network 19:07:38  5.95 6.48 6.66
wrote plans/class-divergence-drive-6/measurements/b1-eng/parity-network.json — {"conformant":0,"structural-match":0,"diverged":3,"errored":0,"timeout":0,"oracle-error":0}
== object 19:07:54  5.52 6.36 6.61
wrote plans/class-divergence-drive-6/measurements/b1-eng/parity-object.json — {"conformant":62,"structural-match":9,"diverged":9,"errored":0,"timeout":0,"oracle-error":0}
== packet 19:08:12  6.63 6.59 6.69
wrote plans/class-divergence-drive-6/measurements/b1-eng/parity-packet.json — {"conformant":0,"structural-match":0,"diverged":6,"errored":0,"timeout":0,"oracle-error":0}
== regex 19:08:31  7.58 6.80 6.76
wrote plans/class-divergence-drive-6/measurements/b1-eng/parity-regex.json — {"conformant":0,"structural-match":0,"diverged":46,"errored":0,"timeout":0,"oracle-error":0}
== salt 19:08:50  6.76 6.65 6.71
wrote plans/class-divergence-drive-6/measurements/b1-eng/parity-salt.json — {"conformant":0,"structural-match":0,"diverged":51,"errored":0,"timeout":0,"oracle-error":0}
== sequence 19:09:08  6.39 6.56 6.67
wrote plans/class-divergence-drive-6/measurements/b1-eng/parity-sequence.json — {"conformant":0,"structural-match":0,"diverged":1141,"errored":0,"timeout":0,"oracle-error":0}
== state 19:09:30  6.35 6.54 6.66
wrote plans/class-divergence-drive-6/measurements/b1-eng/parity-state.json — {"conformant":73,"structural-match":12,"diverged":188,"errored":0,"timeout":0,"oracle-error":0}
== timing 19:09:47  6.60 6.57 6.67
wrote plans/class-divergence-drive-6/measurements/b1-eng/parity-timing.json — {"conformant":0,"structural-match":0,"diverged":126,"errored":0,"timeout":0,"oracle-error":0}
== usecase 19:10:05  6.61 6.56 6.66
wrote plans/class-divergence-drive-6/measurements/b1-eng/parity-usecase.json — {"conformant":28,"structural-match":19,"diverged":46,"errored":0,"timeout":0,"oracle-error":1}
== wbs 19:10:24  7.74 6.79 6.74
wrote plans/class-divergence-drive-6/measurements/b1-eng/parity-wbs.json — {"conformant":0,"structural-match":0,"diverged":204,"errored":0,"timeout":0,"oracle-error":0}
== wire 19:10:41  7.68 6.82 6.75
wrote plans/class-divergence-drive-6/measurements/b1-eng/parity-wire.json — {"conformant":0,"structural-match":0,"diverged":18,"errored":0,"timeout":0,"oracle-error":0}
== yaml 19:10:58  10.56 7.53 7.00
wrote plans/class-divergence-drive-6/measurements/b1-eng/parity-yaml.json — {"conformant":7,"structural-match":28,"diverged":4,"errored":0,"timeout":0,"oracle-error":0}
DONE 19:11:15
