ok    class/01-assoc  (1 DOT)
ok    class/02-members  (1 DOT)
ok    class/03-inheritance  (1 DOT)
ok    class/04-interface-impl  (1 DOT)
ok    class/05-assoc-label-card  (1 DOT)
ok    class/06-package  (1 DOT)
ok    class/a2s-note-hline-1  (1 DOT)
ok    class/a2s-note-hline-2  (1 DOT)
ok    class/a2s-note-hline-3  (1 DOT)
ok    class/bajotu-30-soku184  (1 DOT)
ok    class/bajula-59-puxi485  (0 DOT)
ok    class/baneru-00-kuro607  (1 DOT)
ok    class/bavoxa-34-keje375  (1 DOT)
ok    class/bedogi-86-kala547  (0 DOT)
ok    class/befasi-62-vimu310  (1 DOT)
ok    class/begico-70-guva302  (1 DOT)
ok    class/bejeli-39-sina124  (1 DOT)
ok    class/bejusa-95-gafo325  (1 DOT)
ok    class/bemuvo-33-jofa419  (1 DOT)
ok    class/benemi-22-dufo622  (0 DOT)
ok    class/beruje-75-jimu270  (0 DOT)
ok    class/besepi-37-rori892  (1 DOT)
ok    class/bicabi-42-coto932  (1 DOT)
ok    class/bidusa-22-jutu505  (0 DOT)
ok    class/bifisu-79-palu304  (0 DOT)
ok    class/bijeru-39-vefi741  (1 DOT)
ok    class/bijevi-38-duza931  (0 DOT)
ok    class/bikuka-40-pezi068  (1 DOT)
ok    class/bipudo-23-xavu432  (1 DOT)
ok    class/bisisi-31-xasa026  (0 DOT)
ok    class/bisome-32-bevo992  (1 DOT)
ok    class/bitove-03-sanu160  (1 DOT)
ok    class/bivevo-25-xara984  (1 DOT)
ok    class/bivize-12-xiko303  (1 DOT)
ok    class/bixogo-47-xulu385  (0 DOT)
ok    class/boduli-27-zufa581  (1 DOT)
ok    class/bopusi-74-bifa012  (1 DOT)
ok    class/boseba-99-zopo693  (1 DOT)
ok    class/bosiki-11-xaza958  (1 DOT)
ok    class/bososa-44-fipu544  (1 DOT)
ok    class/bovuze-89-noja934  (0 DOT)
ok    class/bufogi-69-naba929  (0 DOT)
ok    class/bugeli-63-mixa543  (1 DOT)
ok    class/bujedi-30-cize673  (1 DOT)
ok    class/bulena-06-xutu087  (1 DOT)
ok    class/bumuma-72-zoka383  (1 DOT)
ok    class/bunuce-10-vere519  (1 DOT)
ok    class/buvake-41-vulu531  (1 DOT)
ok    class/buxuso-47-tara486  (1 DOT)
ok    class/caboco-62-jula911  (1 DOT)
ok    class/cacoma-43-poxu615  (1 DOT)
ok    class/cadani-60-zile435  (0 DOT)
ok    class/cafuja-81-biki106  (0 DOT)
ok    class/cagace-55-libu760  (0 DOT)
ok    class/cajicu-52-cego765  (1 DOT)
ok    class/camiba-14-java616  (1 DOT)
ok    class/camuna-58-veca254  (1 DOT)
ok    class/camupi-97-gezi072  (1 DOT)
ok    class/canoca-50-rufa568  (0 DOT)
ok    class/canuti-20-jotu614  (1 DOT)
ok    class/capode-04-jeka075  (0 DOT)
ok    class/cejili-77-gepe377  (1 DOT)
ok    class/cekanu-78-sezu718  (1 DOT)
ok    class/cenubi-27-xova754  (1 DOT)
ok    class/cexibu-81-bize688  (1 DOT)
ok    class/cezaka-60-jado323  (1 DOT)
ok    class/cezazo-40-raja394  (0 DOT)
ok    class/cicovi-23-zipe215  (1 DOT)
ok    class/cidepu-54-bemo048  (1 DOT)
ok    class/cifeta-62-xodi576  (0 DOT)
ok    class/cikeni-99-kojo447  (1 DOT)
ok    class/cilaba-36-zogi212  (1 DOT)
ok    class/cixote-08-vope282  (1 DOT)
ok    class/class-missing-label-URL-SVG-0  (0 DOT)
ok    class/cobumi-83-bapu892  (1 DOT)
ok    class/cocube-46-tusu692  (1 DOT)
ok    class/cojixe-63-vejo525  (0 DOT)
ok    class/cokeje-99-gede231  (0 DOT)
ok    class/comaxe-39-goza236  (1 DOT)
ok    class/conara-44-fisa089  (0 DOT)
ok    class/conija-14-nuta580  (1 DOT)
ok    class/corine-48-pemu761  (1 DOT)
ok    class/cotacu-63-jisi866  (0 DOT)
ok    class/covopi-80-sejo503  (1 DOT)
ok    class/coxose-20-nifu136  (1 DOT)
ok    class/cudugo-42-desi127  (0 DOT)
ok    class/cukaze-78-zija070  (1 DOT)
ok    class/cunavo-77-filo788  (0 DOT)
ok    class/curupe-50-kibu120  (1 DOT)
ok    class/cutasu-32-zete658  (1 DOT)
ok    class/cuxaji-51-fozu735  (1 DOT)
ok    class/cuxebo-14-babu885  (1 DOT)
ok    class/cuxuni-25-doxi736  (1 DOT)
ok    class/cuzoga-39-tufu259  (0 DOT)
ok    class/dacisu-77-paca840  (1 DOT)
ok    class/dacixi-46-lina038  (1 DOT)
ok    class/danozo-79-nunu375  (1 DOT)
ok    class/dareti-67-siti389  (1 DOT)
ok    class/dasagu-52-vani172  (1 DOT)
ok    class/dativu-93-pona469  (1 DOT)
ok    class/datugo-88-sote552  (0 DOT)
ok    class/daxeno-00-kasu166  (1 DOT)
ok    class/deboga-81-zuza232  (1 DOT)
ok    class/defipi-14-xunu847  (0 DOT)
ok    class/dejuse-14-pule208  (1 DOT)
ok    class/dekaba-54-fafi485  (1 DOT)
ok    class/delano-03-xino845  (1 DOT)
ok    class/delasa-80-jusu462  (1 DOT)
ok    class/depulu-53-xoca727  (0 DOT)
ok    class/desoro-94-viti994  (1 DOT)
ok    class/dibinu-95-kavo178  (1 DOT)
ok    class/dicezo-86-cigi240  (0 DOT)
ok    class/difuxu-77-rumu307  (1 DOT)
ok    class/dijafu-60-diji895  (0 DOT)
ok    class/dijuce-52-rilu751  (1 DOT)
ok    class/dimesa-45-ruju320  (1 DOT)
ok    class/dimile-20-saki799  (0 DOT)
ok    class/dimisi-54-dula946  (1 DOT)
ok    class/dipune-93-sare489  (0 DOT)
ok    class/diroxo-41-zezo954  (1 DOT)
ok    class/diseka-11-gozu390  (0 DOT)
ok    class/ditapa-46-bete946  (1 DOT)
ok    class/dizuse-83-dabi909  (0 DOT)
ok    class/dofima-22-kofe334  (1 DOT)
ok    class/dojanu-92-vizo468  (1 DOT)
ok    class/dojuvi-07-duja723  (1 DOT)
ok    class/dokego-92-zilu832  (1 DOT)
ok    class/domeki-03-zaga732  (1 DOT)
ok    class/dopuzi-50-muxo994  (1 DOT)
ok    class/dorafa-63-soba922  (1 DOT)
ok    class/dorelu-66-lixu637  (1 DOT)
ok    class/doseko-41-mavu661  (1 DOT)
ok    class/dozude-05-jeve029  (1 DOT)
ok    class/dozugo-00-jado141  (1 DOT)
ok    class/duceso-27-koco023  (1 DOT)
ok    class/ducoka-05-cuce457  (1 DOT)
ok    class/dudimi-83-mimo845  (1 DOT)
ok    class/dujinu-38-badu006  (1 DOT)
ok    class/dulavu-67-falo747  (0 DOT)
ok    class/dumubu-48-zagi954  (1 DOT)
ok    class/dupulu-73-cero610  (0 DOT)
ok    class/duraci-96-rugu254  (0 DOT)
ok    class/duruga-39-lani451  (1 DOT)
ok    class/duvuti-29-lugi970  (1 DOT)
ok    class/exposant-01-class  (1 DOT)
ok    class/fabuje-68-gona310  (1 DOT)
ok    class/famizo-04-joxe063  (1 DOT)
ok    class/farina-07-foti023  (1 DOT)
ok    class/farinu-74-fuco238  (0 DOT)
ok    class/faxoga-34-moja699  (1 DOT)
ok    class/fecolo-08-gepu579  (0 DOT)
ok    class/fexedu-26-dira713  (1 DOT)
ok    class/fexuta-62-piko653  (1 DOT)
ok    class/fezugi-39-fujo327  (1 DOT)
ok    class/fibamu-81-zimo884  (1 DOT)
ok    class/fidova-32-dige682  (0 DOT)
ok    class/fijali-69-pina030  (1 DOT)
ok    class/filoxo-23-fafi328  (1 DOT)
ok    class/fimega-47-xigi097  (1 DOT)
ok    class/finono-05-cuvu171  (1 DOT)
ok    class/fipezi-47-jafu042  (0 DOT)
ok    class/fipoke-21-suno116  (1 DOT)
ok    class/fitini-85-kupo803  (1 DOT)
ok    class/focabu-31-kide232  (1 DOT)
ok    class/focaci-80-suzu938  (1 DOT)
ok    class/fogexa-30-zupo141  (1 DOT)
ok    class/foguga-43-nafe816  (1 DOT)
ok    class/fokudo-49-xiki231  (1 DOT)
ok    class/fomofi-36-lova857  (1 DOT)
ok    class/fopose-13-kase592  (1 DOT)
ok    class/foraso-61-gesu813  (1 DOT)
ok    class/foxata-81-miva542  (1 DOT)
ok    class/foxiki-17-kosa114  (0 DOT)
ok    class/foxosa-41-bono202  (1 DOT)
ok    class/fugexa-12-zoti674  (0 DOT)
ok    class/fumalu-64-vude116  (0 DOT)
ok    class/funagu-04-dako081  (1 DOT)
ok    class/fupope-12-zoku847  (1 DOT)
ok    class/fuxoju-95-xuko052  (0 DOT)
ok    class/gabejo-44-juki791  (1 DOT)
ok    class/gadufu-56-votu808  (0 DOT)
ok    class/gajena-70-vili331  (0 DOT)
ok    class/gajudo-04-lere501  (1 DOT)
ok    class/galili-87-zivo129  (0 DOT)
ok    class/gamevo-26-runo973  (1 DOT)
ok    class/ganika-12-pane511  (0 DOT)
ok    class/ganola-90-cuco343  (1 DOT)
ok    class/garizu-98-nixo496  (1 DOT)
ok    class/garumi-63-vuze973  (1 DOT)
ok    class/gateja-70-losi738  (0 DOT)
ok    class/gatula-10-bifu561  (1 DOT)
ok    class/gavimi-70-nuju057  (1 DOT)
ok    class/gaxipe-22-maxa852  (1 DOT)
ok    class/gazimo-19-tebe871  (1 DOT)
ok    class/gekofe-43-lufa479  (0 DOT)
ok    class/gekope-01-ricu859  (1 DOT)
ok    class/gerima-02-fade831  (1 DOT)
ok    class/getufo-87-xeca508  (1 DOT)
ok    class/gevuci-69-fafe469  (0 DOT)
ok    class/gidabo-27-juza410  (1 DOT)
ok    class/gikipi-69-pepo172  (1 DOT)
ok    class/gipeze-49-vevo740  (1 DOT)
ok    class/giraca-14-xome136  (1 DOT)
ok    class/girebu-21-keva371  (0 DOT)
ok    class/giruzo-13-daga579  (0 DOT)
ok    class/givofi-11-xumu978  (1 DOT)
ok    class/givoli-70-rade072  (1 DOT)
ok    class/gixesa-28-feri809  (1 DOT)
ok    class/gobuco-16-ruke239  (1 DOT)
ok    class/goceso-49-pega905  (1 DOT)
ok    class/gojadi-30-tame684  (1 DOT)
ok    class/gojatu-01-jibo986  (1 DOT)
ok    class/gojofu-46-xaci340  (1 DOT)
ok    class/gojole-09-solo793  (1 DOT)
ok    class/goloxu-09-nero458  (1 DOT)
ok    class/gomafo-73-duta005  (0 DOT)
ok    class/gopalo-51-leje047  (1 DOT)
ok    class/gotefu-91-zime541  (1 DOT)
ok    class/govavo-22-kose066  (1 DOT)
ok    class/goveba-73-tixi419  (1 DOT)
ok    class/gubola-32-lofa138  (1 DOT)
ok    class/gufife-94-ropa486  (1 DOT)
ok    class/gujigi-63-roki030  (1 DOT)
ok    class/gukuda-51-fuju086  (0 DOT)
ok    class/gupire-42-xege904  (1 DOT)
ok    class/guxode-39-dobi371  (1 DOT)
ok    class/jabama-09-kago823  (1 DOT)
ok    class/jabeme-35-logi109  (1 DOT)
ok    class/jajebo-21-dada557  (0 DOT)
ok    class/jakaja-15-faze022  (0 DOT)
ok    class/jakapi-64-tine258  (1 DOT)
ok    class/jalexi-21-xoje231  (1 DOT)
ok    class/jaloja-18-tisu915  (1 DOT)
ok    class/janeba-15-duja043  (1 DOT)
ok    class/jarigi-34-nage684  (1 DOT)
ok    class/jasaja-47-mifo886  (0 DOT)
ok    class/jatome-90-pire087  (1 DOT)
ok    class/jaxebi-71-nanu771  (1 DOT)
ok    class/jecopa-66-vepe168  (1 DOT)
ok    class/jecori-24-pona893  (0 DOT)
ok    class/jegefa-93-daza492  (1 DOT)
ok    class/jerime-86-note748  (0 DOT)
ok    class/jevuvi-65-dipo437  (0 DOT)
ok    class/jezepa-12-padu194  (1 DOT)
ok    class/jibili-77-vatu959  (1 DOT)
ok    class/jiceke-84-xoze695  (1 DOT)
ok    class/jigafa-29-cusa565  (1 DOT)
ok    class/jijovu-48-gole133  (1 DOT)
ok    class/jikase-93-tipa633  (1 DOT)
ok    class/jinema-90-laga721  (1 DOT)
ok    class/jinibe-02-tebi269  (1 DOT)
ok    class/jinoba-14-firi471  (1 DOT)
ok    class/jiramo-39-xuze087  (0 DOT)
ok    class/jireze-84-loti743  (1 DOT)
ok    class/jisanu-32-gado231  (0 DOT)
ok    class/jiveta-48-palo127  (1 DOT)
ok    class/jixamu-89-ribo225  (1 DOT)
ok    class/jobeto-69-dutu189  (1 DOT)
ok    class/jobubo-97-resa133  (1 DOT)
ok    class/jobuco-44-zife032  (0 DOT)
ok    class/jocapi-44-lova378  (1 DOT)
ok    class/jocozo-25-coke152  (1 DOT)
ok    class/jodeto-41-valo558  (0 DOT)
ok    class/joguva-54-tevo966  (1 DOT)
ok    class/jojime-80-savu279  (1 DOT)
ok    class/josazo-53-bode013  (1 DOT)
ok    class/jovaxe-68-bube754  (0 DOT)
ok    class/jovigo-38-tuni063  (1 DOT)
ok    class/jubobo-22-fapu993  (1 DOT)
ok    class/julixi-10-jide878  (1 DOT)
ok    class/jumefo-83-zaba339  (0 DOT)
ok    class/juxora-90-fisu720  (1 DOT)
ok    class/kabune-49-xace122  (1 DOT)
ok    class/kacico-91-bati232  (0 DOT)
ok    class/kademi-64-futi437  (0 DOT)
ok    class/kadifi-56-bili996  (1 DOT)
ok    class/kamame-64-taka759  (0 DOT)
ok    class/katori-46-dobu700  (1 DOT)
ok    class/kejeka-49-kofa156  (1 DOT)
ok    class/kejivu-76-mipe227  (1 DOT)
ok    class/kepado-34-risa735  (1 DOT)
ok    class/kevoda-64-mije856  (1 DOT)
ok    class/kexaca-03-situ523  (1 DOT)
ok    class/kexati-85-zupa495  (1 DOT)
ok    class/kexecu-14-xesa311  (0 DOT)
ok    class/kicolo-81-sidi387  (1 DOT)
ok    class/kicuna-39-riki626  (1 DOT)
ok    class/kidugi-68-noje040  (1 DOT)
ok    class/kikera-73-zoxa983  (1 DOT)
ok    class/kipure-14-suli112  (1 DOT)
ok    class/kixeku-82-tesa924  (0 DOT)
ok    class/kixiso-09-lezo371  (1 DOT)
ok    class/kogifo-65-xotu512  (1 DOT)
ok    class/koloba-22-bolo151  (0 DOT)
ok    class/konaju-10-sopa054  (1 DOT)
ok    class/konomi-00-gico141  (1 DOT)
ok    class/kopida-02-vaje995  (1 DOT)
ok    class/koxoco-29-moke425  (0 DOT)
ok    class/kugasi-68-josu446  (1 DOT)
ok    class/kujiji-68-cujo036  (1 DOT)
ok    class/kupetu-36-kive480  (1 DOT)
ok    class/kutazo-40-texe886  (1 DOT)
ok    class/kuxato-79-muno809  (1 DOT)
ok    class/kuxosa-67-keko885  (1 DOT)
ok    class/labele-71-gudo044  (1 DOT)
ok    class/lacote-58-sozu269  (1 DOT)
ok    class/lafama-65-zoci799  (1 DOT)
ok    class/lafosa-17-buvu129  (1 DOT)
ok    class/laluve-92-raxu863  (1 DOT)
ok    class/lapoma-04-vaga142  (1 DOT)
ok    class/lasave-44-dofa269  (0 DOT)
ok    class/lazeju-60-boki114  (1 DOT)
ok    class/lecelo-92-loma110  (1 DOT)
ok    class/ledepo-11-muto607  (1 DOT)
ok    class/lejoga-79-poji465  (1 DOT)
ok    class/lelabe-72-zate295  (0 DOT)
ok    class/lenunu-95-bame774  (1 DOT)
ok    class/libobe-85-veli517  (1 DOT)
ok    class/lifuki-73-bito214  (1 DOT)
ok    class/likivi-72-liki123  (1 DOT)
ok    class/lilura-67-cati343  (1 DOT)
ok    class/lipazi-06-care921  (1 DOT)
ok    class/lobofa-60-vexe031  (1 DOT)
ok    class/lojepe-37-liri985  (1 DOT)
ok    class/lojiga-09-meka859  (1 DOT)
ok    class/lonota-83-xeco891  (1 DOT)
ok    class/lorajo-00-dagu828  (0 DOT)
ok    class/lozego-15-coci435  (1 DOT)
ok    class/lozijo-52-pesu023  (1 DOT)
ok    class/lufide-34-cexu026  (0 DOT)
ok    class/lujaje-96-vafu961  (1 DOT)
ok    class/lukexe-74-moco323  (1 DOT)
ok    class/lurevi-57-reku842  (1 DOT)
ok    class/luriko-97-neko149  (0 DOT)
ok    class/macere-24-loci805  (1 DOT)
ok    class/macira-65-mugu751  (0 DOT)
ok    class/maguju-11-copu137  (1 DOT)
ok    class/majoge-68-zuji574  (1 DOT)
ok    class/majuva-44-luta965  (1 DOT)
ok    class/makoko-44-mapu988  (1 DOT)
ok    class/makumi-60-peri797  (1 DOT)
ok    class/malara-55-moce209  (0 DOT)
ok    class/manube-50-xora983  (0 DOT)
ok    class/maziju-71-cava125  (1 DOT)
ok    class/mebake-99-vifa562  (1 DOT)
ok    class/mebezo-52-votu818  (1 DOT)
ok    class/medexe-08-ledo064  (0 DOT)
ok    class/medosa-71-ligu412  (1 DOT)
ok    class/mefaca-83-lebu193  (1 DOT)
ok    class/mefike-75-vova900  (1 DOT)
ok    class/menejo-70-tazo448  (1 DOT)
ok    class/meriso-72-tika033  (1 DOT)
ok    class/mexaka-52-gati860  (1 DOT)
ok    class/mezucu-18-lozi106  (0 DOT)
ok    class/miliju-79-moti992  (0 DOT)
ok    class/mimode-03-fupa211  (0 DOT)
ok    class/minuko-19-pobo264  (1 DOT)
ok    class/mizupo-59-zala765  (1 DOT)
ok    class/mocoda-55-take697  (1 DOT)
ok    class/modube-37-jiru720  (0 DOT)
ok    class/momaku-69-duxe918  (1 DOT)
ok    class/momoba-92-bole393  (1 DOT)
ok    class/monoda-73-guto455  (1 DOT)
ok    class/mopelo-04-fose807  (0 DOT)
ok    class/mopesi-01-gapo101  (1 DOT)
ok    class/morile-94-muda826  (1 DOT)
ok    class/moxobo-16-tipo829  (0 DOT)
ok    class/mububu-79-nalu431  (1 DOT)
ok    class/mucoti-34-seve858  (1 DOT)
ok    class/mucuxi-36-beku683  (1 DOT)
ok    class/mudune-38-kide806  (0 DOT)
ok    class/mugobo-34-fede498  (1 DOT)
ok    class/mujopi-06-lusi222  (1 DOT)
ok    class/mujopi-30-zadi566  (1 DOT)
ok    class/mulafo-23-tove961  (1 DOT)
ok    class/mumefa-23-xoxe715  (1 DOT)
ok    class/munepa-74-lebe963  (0 DOT)
ok    class/mupuzo-63-femu686  (1 DOT)
ok    class/murifo-42-fepu514  (1 DOT)
ok    class/murotu-83-cebo380  (1 DOT)
ok    class/nacuzu-17-bepi660  (1 DOT)
ok    class/nadaba-37-zaku242  (1 DOT)
ok    class/nadepi-13-mufu566  (1 DOT)
ok    class/nadono-22-gidu983  (1 DOT)
ok    class/nafiki-56-jixu680  (1 DOT)
ok    class/nagega-30-poso418  (1 DOT)
ok    class/najuxe-66-nuzi850  (1 DOT)
ok    class/nebovu-26-caxe550  (1 DOT)
ok    class/nedeka-26-xora993  (0 DOT)
ok    class/nekali-92-loda300  (1 DOT)
ok    class/nenepe-70-keri784  (1 DOT)
ok    class/nenexe-35-zere033  (1 DOT)
ok    class/neruke-07-ruce381  (1 DOT)
ok    class/nesivu-99-cexu403  (0 DOT)
ok    class/nesuti-69-giza389  (1 DOT)
ok    class/niboti-81-guja450  (1 DOT)
ok    class/niduni-65-bujo175  (1 DOT)
ok    class/nifiso-26-radi616  (1 DOT)
ok    class/nijeli-04-ponu844  (1 DOT)
ok    class/nikasi-18-niba407  (0 DOT)
ok    class/nikoxo-78-dega884  (0 DOT)
ok    class/ninuma-44-giza562  (1 DOT)
ok    class/nipaci-26-mupo236  (1 DOT)
ok    class/nirija-04-veti140  (1 DOT)
ok    class/nisune-86-faji869  (1 DOT)
ok    class/nitemi-09-nuza697  (1 DOT)
ok    class/nivemi-28-cixe274  (1 DOT)
ok    class/nixema-71-tuke505  (1 DOT)
ok    class/nomeza-10-laba367  (1 DOT)
ok    class/nopaca-69-voda316  (1 DOT)
ok    class/novaro-13-socu897  (1 DOT)
ok    class/nubisa-82-tuji339  (0 DOT)
ok    class/nucido-62-nodu514  (0 DOT)
ok    class/nucite-98-kuga991  (1 DOT)
ok    class/nufini-44-jofo787  (1 DOT)
ok    class/nugecu-04-tona107  (1 DOT)
ok    class/nujiga-81-peno983  (1 DOT)
ok    class/nuvake-96-gofe203  (1 DOT)
ok    class/nuxoni-26-xala894  (1 DOT)
ok    class/pabuma-15-zuga254  (1 DOT)
ok    class/paburu-52-feso968  (0 DOT)
ok    class/pacagu-24-nune023  (0 DOT)
ok    class/pacuve-18-gaso238  (1 DOT)
ok    class/padapo-73-beke177  (0 DOT)
ok    class/padera-25-gite580  (1 DOT)
ok    class/pafare-13-raje687  (0 DOT)
ok    class/pajoka-72-reju527  (1 DOT)
ok    class/pajuba-83-roji161  (0 DOT)
ok    class/pakemi-72-cani346  (0 DOT)
ok    class/paletu-13-done030  (1 DOT)
ok    class/paluca-39-desa696  (1 DOT)
ok    class/pareli-69-cixe116  (1 DOT)
ok    class/paroxa-83-lofa387  (1 DOT)
ok    class/pasova-33-toze386  (1 DOT)
ok    class/paziji-13-jede796  (1 DOT)
ok    class/pazipa-18-fevi111  (1 DOT)
ok    class/pecabi-95-demu756  (1 DOT)
ok    class/pecigo-88-bubu786  (1 DOT)
ok    class/pegeso-72-mana305  (1 DOT)
ok    class/pejone-71-tige404  (1 DOT)
ok    class/petune-47-raxa157  (1 DOT)
ok    class/pexivi-54-ceri875  (1 DOT)
ok    class/pibifa-14-leno075  (1 DOT)
ok    class/picija-82-jebu272  (1 DOT)
ok    class/pidagu-83-dopu070  (1 DOT)
ok    class/pijiju-95-xexi872  (1 DOT)
ok    class/pijode-83-tiba954  (1 DOT)
ok    class/pijoji-10-tazo455  (1 DOT)
ok    class/pisake-59-jugi837  (0 DOT)
ok    class/pisobo-93-sipa138  (1 DOT)
ok    class/pixexi-81-sete111  (1 DOT)
ok    class/pofabe-33-kizo628  (1 DOT)
ok    class/pofebo-79-nape407  (1 DOT)
ok    class/pofime-55-nana952  (0 DOT)
ok    class/ponaxo-71-muze275  (0 DOT)
ok    class/ponoko-58-sane430  (1 DOT)
ok    class/ponono-25-fevo574  (1 DOT)
ok    class/popesa-39-sobe866  (1 DOT)
ok    class/pucebe-24-xebi219  (0 DOT)
ok    class/pudata-29-vuze753  (1 DOT)
ok    class/pukomu-34-poju929  (1 DOT)
ok    class/pukuzu-30-zode181  (1 DOT)
ok    class/pumocu-32-fiji248  (1 DOT)
ok    class/puvono-84-doro361  (1 DOT)
ok    class/puvugo-38-nuku299  (0 DOT)
ok    class/radavi-85-samu213  (1 DOT)
ok    class/ragona-89-fadi984  (1 DOT)
ok    class/rakici-44-tivo701  (1 DOT)
ok    class/rakopi-21-sufa571  (1 DOT)
ok    class/rakuci-96-tuti371  (1 DOT)
ok    class/redamu-00-guki879  (1 DOT)
ok    class/refeku-65-gapu585  (1 DOT)
ok    class/rejedu-76-moxu546  (1 DOT)
ok    class/rekazo-16-jola519  (1 DOT)
ok    class/remanu-84-sega129  (1 DOT)
ok    class/remulu-24-zadi546  (0 DOT)
ok    class/renezi-40-jupi466  (1 DOT)
ok    class/repipi-06-dike782  (1 DOT)
ok    class/repuga-78-xora226  (0 DOT)
ok    class/rexexi-22-soga527  (1 DOT)
ok    class/rezoba-58-xaze387  (1 DOT)
ok    class/ribomo-92-naco581  (0 DOT)
ok    class/ribove-58-tefu515  (1 DOT)
ok    class/rideze-59-lizu265  (0 DOT)
ok    class/rifuzu-80-nixo780  (1 DOT)
ok    class/rilaki-69-cuni337  (1 DOT)
ok    class/rilali-81-gifu188  (1 DOT)
ok    class/ririlu-13-zipi740  (1 DOT)
ok    class/rivake-42-lole723  (0 DOT)
ok    class/rizazi-13-sepe706  (1 DOT)
ok    class/rizexu-84-xujo903  (1 DOT)
ok    class/rizufo-14-dadi153  (1 DOT)
ok    class/rocere-18-faza042  (1 DOT)
ok    class/rofijo-47-masa695  (1 DOT)
ok    class/rojoxi-79-vimu822  (1 DOT)
ok    class/romuco-53-sesu052  (0 DOT)
ok    class/ronume-32-pexo538  (0 DOT)
ok    class/ropera-76-jico895  (0 DOT)
ok    class/ropola-55-ketu141  (1 DOT)
ok    class/roputo-88-fuxo199  (1 DOT)
ok    class/rotebe-88-nise503  (0 DOT)
ok    class/rotisi-30-loge424  (1 DOT)
ok    class/roxosu-00-pini153  (0 DOT)
ok    class/rozudo-79-zavu288  (1 DOT)
ok    class/rubecu-40-cixu870  (1 DOT)
ok    class/rubuxe-58-peba652  (1 DOT)
ok    class/rudigu-21-lici107  (1 DOT)
ok    class/rudoxi-65-cegi339  (1 DOT)
ok    class/rujace-11-vaci539  (1 DOT)
ok    class/ruliki-78-biji661  (0 DOT)
ok    class/rulite-35-muno361  (1 DOT)
ok    class/runane-30-vena766  (1 DOT)
ok    class/rusuzi-21-kile910  (1 DOT)
ok    class/ruzibe-92-doti700  (1 DOT)
ok    class/sabaku-38-jeli592  (1 DOT)
ok    class/sacacu-34-dobo091  (1 DOT)
ok    class/sacala-27-firo431  (1 DOT)
ok    class/salupu-93-neja895  (1 DOT)
ok    class/sanixi-31-nofa193  (1 DOT)
ok    class/sanusa-54-keda128  (1 DOT)
ok    class/sapodo-57-voda654  (1 DOT)
ok    class/sarovo-87-roza701  (1 DOT)
ok    class/sasito-46-padu855  (1 DOT)
ok    class/satuli-54-jija827  (0 DOT)
ok    class/sefazi-02-defe499  (1 DOT)
ok    class/sejuzo-42-fini523  (0 DOT)
ok    class/sekame-22-meze147  (1 DOT)
ok    class/senece-96-fomu913  (1 DOT)
ok    class/sevaxa-72-pudi231  (1 DOT)
ok    class/si1-single-dedup-class  (1 DOT)
ok    class/sicazi-62-duco028  (1 DOT)
ok    class/sicege-73-zete701  (1 DOT)
ok    class/sicile-99-pefa679  (1 DOT)
ok    class/sigoji-75-mojo941  (0 DOT)
ok    class/sijisi-94-ripu606  (1 DOT)
ok    class/sijoba-16-rari847  (1 DOT)
ok    class/siluti-87-sefa007  (1 DOT)
ok    class/sipeke-79-zibi282  (1 DOT)
ok    class/sipigu-91-baku027  (1 DOT)
ok    class/sipimu-09-joma900  (0 DOT)
ok    class/sirati-17-kuje089  (1 DOT)
ok    class/sisolu-74-minu975  (1 DOT)
ok    class/siteza-47-lixe343  (1 DOT)
ok    class/soboro-52-pevi612  (1 DOT)
ok    class/sodizo-26-salo123  (1 DOT)
ok    class/sofagu-98-fezi999  (1 DOT)
ok    class/sojave-47-pura962  (0 DOT)
ok    class/sokevu-87-toce485  (1 DOT)
ok    class/sokole-95-zuxe354  (1 DOT)
ok    class/sonoci-68-ciza059  (1 DOT)
ok    class/sosono-24-vuro518  (1 DOT)
ok    class/sotepe-41-semo054  (1 DOT)
ok    class/sovuxo-25-tepi226  (1 DOT)
ok    class/style-stereotype-on-arrow-4  (1 DOT)
ok    class/sufide-66-sanu583  (0 DOT)
ok    class/sugifi-33-xefe083  (1 DOT)
ok    class/sumocu-27-vubo674  (1 DOT)
ok    class/sumule-00-pefa744  (1 DOT)
ok    class/sutedi-60-rigi770  (1 DOT)
ok    class/tabaxa-70-pomu341  (1 DOT)
ok    class/taceve-49-mezi408  (1 DOT)
ok    class/tacezi-12-rica461  (1 DOT)
ok    class/tagofo-84-nuti362  (1 DOT)
ok    class/takeze-87-zuge906  (0 DOT)
ok    class/takove-63-tizi841  (1 DOT)
ok    class/tamixa-86-jiku308  (1 DOT)
ok    class/taxemo-34-buro609  (1 DOT)
ok    class/tebito-30-cozi447  (1 DOT)
ok    class/tebore-53-tese080  (1 DOT)
ok    class/tedeba-19-lisi250  (1 DOT)
ok    class/tegoxa-17-kudo421  (0 DOT)
ok    class/tejena-50-nodo558  (1 DOT)
ok    class/tekena-28-fobe713  (1 DOT)
ok    class/teluve-08-moco846  (0 DOT)
ok    class/temise-16-neco018  (1 DOT)
ok    class/tenobo-24-liga464  (1 DOT)
ok    class/tenomi-61-ceta987  (1 DOT)
ok    class/tepazu-23-zapo261  (1 DOT)
ok    class/tetedu-79-jame815  (0 DOT)
ok    class/tibatu-28-jiro743  (1 DOT)
ok    class/ticote-50-neno681  (1 DOT)
ok    class/ticuxa-26-tixo262  (1 DOT)
ok    class/tiguma-69-tovu135  (1 DOT)
ok    class/tijira-61-fere730  (1 DOT)
ok    class/tikovu-50-gale862  (1 DOT)
ok    class/tilipa-86-suxi130  (1 DOT)
ok    class/tipude-10-tizi427  (0 DOT)
ok    class/tobigu-87-raci272  (1 DOT)
ok    class/tokegi-55-doko929  (1 DOT)
ok    class/tolavi-09-jovu646  (1 DOT)
ok    class/tomoje-73-xoti295  (1 DOT)
ok    class/tomuxi-86-juje957  (1 DOT)
ok    class/topige-52-fiku910  (0 DOT)
ok    class/tucesi-19-xato263  (0 DOT)
ok    class/tugema-78-comi533  (0 DOT)
ok    class/tuguku-78-zega630  (1 DOT)
ok    class/tukaru-29-gopa708  (0 DOT)
ok    class/tunelu-64-xica833  (1 DOT)
ok    class/tuzipo-08-tixa575  (0 DOT)
ok    class/vacole-77-vivo236  (1 DOT)
ok    class/vafaka-92-xose973  (1 DOT)
ok    class/vavure-50-gako950  (1 DOT)
ok    class/vaxaza-84-gune985  (1 DOT)
ok    class/vaxeku-10-peko225  (1 DOT)
ok    class/vazizu-95-sari356  (0 DOT)
ok    class/vebini-34-gapu710  (1 DOT)
ok    class/vegubu-29-bomu147  (1 DOT)
ok    class/vekime-22-buru589  (0 DOT)
ok    class/verufu-58-jile750  (1 DOT)
ok    class/vevoju-56-medu197  (1 DOT)
ok    class/vezato-03-rafu718  (1 DOT)
ok    class/vicuro-37-tese143  (1 DOT)
ok    class/vileca-45-melo541  (1 DOT)
ok    class/vilobu-97-leto330  (1 DOT)
ok    class/vinujo-78-kapo329  (0 DOT)
ok    class/vipejo-56-nubi928  (1 DOT)
ok    class/vivifa-42-mire839  (1 DOT)
ok    class/vivoca-57-pexu854  (1 DOT)
ok    class/vofatu-71-garo486  (1 DOT)
ok    class/vofuni-60-pepo292  (1 DOT)
ok    class/vofuvu-97-juto275  (1 DOT)
ok    class/vokati-75-gude769  (0 DOT)
ok    class/vokulo-90-fado357  (1 DOT)
ok    class/volexu-59-luva429  (0 DOT)
ok    class/voluca-76-fosu617  (1 DOT)
ok    class/vonago-16-zime449  (1 DOT)
ok    class/vorimi-67-gudu296  (1 DOT)
ok    class/vubofi-17-dedi529  (0 DOT)
ok    class/vuciba-84-toke217  (1 DOT)
ok    class/vudepo-27-cuvo793  (1 DOT)
ok    class/vufuko-05-lapu034  (1 DOT)
ok    class/vukonu-92-coto378  (0 DOT)
ok    class/vukugu-90-kafo811  (1 DOT)
ok    class/vumofo-35-vece504  (1 DOT)
ok    class/vuneta-67-gija125  (1 DOT)
ok    class/vuresa-33-kumu160  (1 DOT)
ok    class/vusute-48-xono099  (1 DOT)
ok    class/vutaki-77-seta063  (1 DOT)
ok    class/vuvico-92-keza999  (1 DOT)
ok    class/vuzeka-73-celo405  (1 DOT)
ok    class/vuzesi-45-vuvu678  (1 DOT)
ok    class/vuzoro-99-kizi978  (1 DOT)
ok    class/xabije-20-xusi569  (0 DOT)
ok    class/xacavi-18-leca211  (1 DOT)
ok    class/xadado-92-lazo250  (1 DOT)
ok    class/xajefo-97-julu315  (0 DOT)
ok    class/xakatu-11-tapu041  (1 DOT)
ok    class/xalaco-64-vuzu312  (1 DOT)
ok    class/xamule-03-jeda376  (1 DOT)
ok    class/xefeme-77-fagu709  (1 DOT)
ok    class/xekeje-31-taba218  (1 DOT)
ok    class/xemife-30-cada335  (1 DOT)
ok    class/xemupo-45-misi775  (0 DOT)
ok    class/xenere-07-kuji864  (1 DOT)
ok    class/xeriju-13-gika499  (1 DOT)
ok    class/xexapu-93-kuto175  (1 DOT)
ok    class/xexaza-01-bane080  (1 DOT)
ok    class/xexido-15-paxa075  (1 DOT)
ok    class/xibibe-37-regi626  (0 DOT)
ok    class/xicipi-57-bibe032  (1 DOT)
ok    class/xidura-26-teki974  (1 DOT)
ok    class/xifuza-00-paze682  (1 DOT)
ok    class/ximuza-91-gena795  (1 DOT)
ok    class/xitobu-41-lame230  (1 DOT)
ok    class/xodopa-41-tazo512  (1 DOT)
ok    class/xofumu-51-jozi528  (1 DOT)
ok    class/xogixe-78-zuro619  (1 DOT)
ok    class/xokipa-29-rafu481  (1 DOT)
ok    class/xonamo-50-podo529  (1 DOT)
ok    class/xopuku-46-nefa571  (1 DOT)
ok    class/xosisa-09-tine238  (1 DOT)
ok    class/xosiza-60-sobu480  (1 DOT)
ok    class/xosupo-71-jeso490  (0 DOT)
ok    class/xoteci-81-jena668  (1 DOT)
ok    class/xoxega-30-vuju324  (1 DOT)
ok    class/xoxuni-96-fere626  (1 DOT)
ok    class/xucajo-42-fibe366  (0 DOT)
ok    class/xumeli-52-keso732  (1 DOT)
ok    class/xumofu-43-fode658  (1 DOT)
ok    class/zadova-38-xamu320  (1 DOT)
ok    class/zakufi-53-sofe736  (1 DOT)
ok    class/zakuta-81-pese010  (1 DOT)
ok    class/zalazo-34-livu931  (0 DOT)
ok    class/zaloza-02-toti585  (1 DOT)
ok    class/zapibo-38-kope984  (1 DOT)
ok    class/zaxate-23-xifa551  (1 DOT)
ok    class/zebama-63-xoza192  (0 DOT)
ok    class/zebumi-72-cuba614  (0 DOT)
ok    class/zegeso-35-xiko243  (1 DOT)
ok    class/zejize-00-vivu578  (0 DOT)
ok    class/zekexu-80-beco451  (0 DOT)
ok    class/zekona-69-sifo120  (1 DOT)
ok    class/zepeki-75-pifo352  (1 DOT)
ok    class/zerofa-77-caro506  (1 DOT)
ok    class/zeveme-09-reki569  (0 DOT)
ok    class/zevupa-35-juto545  (1 DOT)
ok    class/zijaso-54-gova798  (0 DOT)
ok    class/zijupe-74-sake513  (0 DOT)
ok    class/zikabo-17-gugi332  (0 DOT)
ok    class/ziparo-17-joku307  (1 DOT)
ok    class/ziripa-77-zizo842  (1 DOT)
ok    class/ziromu-57-mima164  (1 DOT)
ok    class/zirori-93-jefo337  (0 DOT)
ok    class/ziruni-05-fona846  (1 DOT)
ok    class/zofabi-70-core205  (1 DOT)
ok    class/zofoji-16-mixu665  (0 DOT)
ok    class/zogari-39-ziza794  (1 DOT)
ok    class/zomeli-47-cote112  (0 DOT)
ok    class/zomidu-04-fizu253  (1 DOT)
ok    class/zosaxa-86-mora157  (1 DOT)
ok    class/zosero-71-camu332  (0 DOT)
ok    class/zubevi-64-fume582  (0 DOT)
ok    class/zucedi-63-rugu584  (1 DOT)
ok    class/zudogo-24-vefe793  (0 DOT)
FAIL  class/zuduxu-90-kosi876
ok    class/zukice-84-tedu426  (1 DOT)
ok    class/zuramo-86-liku129  (1 DOT)
ok    class/zuvidi-97-dabu702  (0 DOT)
ok    class/zuxore-81-ruti283  (1 DOT)
ok    class/zuxoxu-54-pejo512  (1 DOT)
ok    description/alias-quoted-display-bare-0  (1 DOT)
ok    description/alias-quoted-display-bracket-0  (1 DOT)
ok    description/alias-quoted-display-colon-0  (1 DOT)
ok    description/babafi-51-dixi026  (1 DOT)
ok    description/bagoze-78-lada681  (1 DOT)
ok    description/balipa-82-feto843  (1 DOT)
ok    description/balomu-94-kegi822  (1 DOT)
ok    description/balopu-66-jagu236  (1 DOT)
ok    description/balotu-54-tuxu203  (1 DOT)
ok    description/banatu-09-koce254  (1 DOT)
ok    description/basetu-75-xevi153  (1 DOT)
ok    description/baxodi-80-doto381  (1 DOT)
ok    description/bekeno-37-luna380  (1 DOT)
ok    description/berelu-46-namo819  (1 DOT)
ok    description/berome-43-xini276  (0 DOT)
ok    description/berufi-69-dara369  (1 DOT)
ok    description/betidu-24-xuku720  (1 DOT)
ok    description/bijoko-90-riro507  (1 DOT)
ok    description/bisedo-29-kone620  (1 DOT)
ok    description/bitexe-13-mopa885  (1 DOT)
ok    description/bivira-53-boja685  (1 DOT)
ok    description/bixofa-44-siso224  (0 DOT)
ok    description/bobije-35-nigi914  (1 DOT)
ok    description/bokumi-45-pupo531  (1 DOT)
ok    description/bootstrap-0  (1 DOT)
ok    description/bozana-38-xufi750  (1 DOT)
ok    description/bozoju-49-kufo528  (1 DOT)
ok    description/bubemi-25-noxu873  (1 DOT)
ok    description/buduco-56-jeke005  (1 DOT)
ok    description/buduni-98-bima526  (0 DOT)
ok    description/buduxo-54-tubo525  (1 DOT)
ok    description/bujige-52-gase998  (1 DOT)
ok    description/bukece-71-miku542  (1 DOT)
ok    description/butebe-90-dozo380  (1 DOT)
ok    description/camevo-41-suki094  (0 DOT)
ok    description/catari-10-xiza828  (1 DOT)
ok    description/cedosa-23-nini915  (1 DOT)
ok    description/cegale-42-loxa672  (1 DOT)
ok    description/cemutu-31-tuxe792  (1 DOT)
ok    description/cenoja-47-rodu998  (1 DOT)
ok    description/cevuji-49-bile305  (1 DOT)
ok    description/ciboso-93-romi495  (1 DOT)
ok    description/cifaki-66-boxa005  (1 DOT)
ok    description/cigite-14-kane677  (1 DOT)
ok    description/cimare-47-deke334  (1 DOT)
ok    description/cizolo-88-lake154  (1 DOT)
ok    description/cobadu-43-gabi397  (1 DOT)
ok    description/cobuju-30-paxo591  (1 DOT)
ok    description/codabo-50-mupa164  (1 DOT)
ok    description/cojege-69-ruku138  (1 DOT)
ok    description/cudazo-20-silo903  (1 DOT)
ok    description/cukafa-49-fona812  (1 DOT)
ok    description/cumofi-94-lixe862  (1 DOT)
ok    description/cusubu-18-xacu379  (1 DOT)
ok    description/cuxeda-73-semi910  (1 DOT)
ok    description/cuxelu-66-zopu195  (1 DOT)
ok    description/cuzuci-92-dugi933  (0 DOT)
ok    description/daxija-24-pozu867  (1 DOT)
ok    description/depabo-06-kato214  (1 DOT)
ok    description/detona-13-ziko113  (1 DOT)
ok    description/dexigu-24-deru622  (1 DOT)
ok    description/diduxa-76-zimu664  (1 DOT)
ok    description/dijico-15-cabu824  (0 DOT)
ok    description/dikexa-30-jobu917  (1 DOT)
ok    description/dinejo-36-mite007  (1 DOT)
ok    description/dipixi-71-nuga611  (1 DOT)
ok    description/dodeni-90-xizu677  (1 DOT)
ok    description/dopova-50-digo290  (1 DOT)
ok    description/dozudi-14-sevu997  (1 DOT)
ok    description/dugovi-24-kupu658  (1 DOT)
ok    description/dujodu-23-viba393  (1 DOT)
ok    description/duvoru-86-lubo341  (1 DOT)
ok    description/emoji-only-line-height-0  (1 DOT)
ok    description/exposant-02-usecase  (1 DOT)
ok    description/f4d-url-label-first-line  (1 DOT)
ok    description/fafeze-50-jomi091  (1 DOT)
ok    description/fajira-11-xada239  (0 DOT)
ok    description/fanija-24-xogo706  (1 DOT)
ok    description/fariba-82-xolu802  (1 DOT)
ok    description/fasave-91-jaka816  (1 DOT)
ok    description/favega-89-rado990  (1 DOT)
ok    description/fepuvo-06-rugi981  (1 DOT)
ok    description/fetefi-28-figu176  (1 DOT)
ok    description/fidati-41-kofe029  (1 DOT)
ok    description/figika-36-sola271  (1 DOT)
ok    description/fijido-06-kapu656  (1 DOT)
ok    description/fimoxe-74-sobi956  (1 DOT)
ok    description/foboxa-33-menu312  (1 DOT)
ok    description/fodena-72-sule202  (1 DOT)
ok    description/fogexa-24-lavi583  (1 DOT)
ok    description/fogiku-22-gone205  (1 DOT)
ok    description/fojamu-08-veku866  (1 DOT)
ok    description/fopako-15-labi027  (1 DOT)
ok    description/fosito-02-fegi991  (1 DOT)
ok    description/fotisa-06-xipe681  (1 DOT)
ok    description/fubaje-48-xaje065  (1 DOT)
ok    description/fumitu-00-reji589  (1 DOT)
ok    description/funeme-74-tenu200  (1 DOT)
ok    description/fuvosu-10-lixu251  (0 DOT)
ok    description/fuzula-86-temo881  (1 DOT)
ok    description/gabogi-09-zoda184  (1 DOT)
ok    description/gacida-77-joku810  (1 DOT)
ok    description/gafegu-06-nito976  (1 DOT)
ok    description/gafico-37-cuma657  (1 DOT)
ok    description/garopu-71-riri890  (1 DOT)
ok    description/gekage-52-dato745  (1 DOT)
ok    description/gekato-87-lisi598  (1 DOT)
ok    description/gevaje-94-sajo802  (1 DOT)
ok    description/gevozu-46-sasu860  (1 DOT)
ok    description/gezemu-34-kamu453  (1 DOT)
ok    description/gigofe-94-zepe032  (1 DOT)
ok    description/givape-84-xano421  (1 DOT)
ok    description/gocexi-61-biso565  (1 DOT)
ok    description/gogamo-72-pibo470  (1 DOT)
ok    description/gogosu-37-mipe918  (1 DOT)
ok    description/golati-24-xika861  (1 DOT)
ok    description/gopomi-26-pome923  (1 DOT)
ok    description/gotofu-80-joku316  (1 DOT)
ok    description/gucefa-91-pume734  (1 DOT)
ok    description/gurive-62-ricu497  (1 DOT)
ok    description/jafuke-47-xepe403  (1 DOT)
ok    description/jazabe-68-bica131  (1 DOT)
ok    description/jebovo-64-rasa849  (1 DOT)
ok    description/jecici-56-bimu826  (1 DOT)
ok    description/jegure-48-cesi766  (1 DOT)
ok    description/jenivo-18-zuku513  (1 DOT)
ok    description/jesibe-85-sozu187  (1 DOT)
ok    description/jolaru-18-dofi669  (1 DOT)
ok    description/josoxo-49-taci997  (1 DOT)
ok    description/junoxu-15-gori632  (1 DOT)
ok    description/juvucu-92-bugo434  (1 DOT)
ok    description/kabasu-44-caxu950  (1 DOT)
ok    description/kacite-73-sobe773  (1 DOT)
ok    description/kafexo-72-xupa679  (1 DOT)
ok    description/kafopo-19-doxu941  (1 DOT)
ok    description/kagapo-72-cofe085  (1 DOT)
ok    description/kanute-77-lacu414  (1 DOT)
ok    description/katane-80-xeka153  (1 DOT)
ok    description/kavico-81-sonu694  (1 DOT)
ok    description/kenece-24-juku624  (1 DOT)
ok    description/keniji-18-tupu819  (1 DOT)
ok    description/kevipe-39-gaji640  (0 DOT)
ok    description/kezodo-14-pume985  (0 DOT)
ok    description/kijufe-84-colu239  (0 DOT)
ok    description/kizobu-64-rozo458  (1 DOT)
ok    description/kobasu-11-difo566  (1 DOT)
ok    description/kofuca-08-pafi749  (1 DOT)
ok    description/kokebo-27-vafi688  (1 DOT)
ok    description/kokodo-61-dano461  (1 DOT)
ok    description/kolibo-58-rata251  (0 DOT)
ok    description/komivo-22-toki497  (1 DOT)
ok    description/kovaxi-11-reti348  (1 DOT)
ok    description/koxeca-82-mese950  (1 DOT)
ok    description/kucabo-74-cora635  (1 DOT)
ok    description/kuciku-99-tedu217  (0 DOT)
ok    description/kumefo-73-xodu411  (1 DOT)
ok    description/lakuti-06-dobi447  (1 DOT)
ok    description/lesori-32-zeve057  (1 DOT)
ok    description/levuxi-16-fotu885  (1 DOT)
ok    description/licapa-79-kepo009  (1 DOT)
ok    description/lirebi-26-voka556  (1 DOT)
ok    description/lizutu-99-mapa855  (1 DOT)
ok    description/lobute-63-tizi096  (1 DOT)
ok    description/lopite-93-vevo106  (1 DOT)
ok    description/loroto-06-fano471  (1 DOT)
ok    description/lotofa-28-rudo664  (1 DOT)
ok    description/lovapo-83-xilo457  (1 DOT)
ok    description/lufiba-62-dubi670  (1 DOT)
ok    description/lunexo-59-fupo775  (1 DOT)
ok    description/luniju-97-tuja870  (1 DOT)
ok    description/lurupu-11-fubo915  (1 DOT)
ok    description/majuma-84-loma401  (0 DOT)
ok    description/malado-53-noso561  (1 DOT)
ok    description/malumi-33-safu797  (1 DOT)
ok    description/mamase-39-buto560  (1 DOT)
ok    description/mavicu-17-mago821  (0 DOT)
ok    description/mavuxi-16-jafi782  (1 DOT)
ok    description/mejoxi-96-cegu294  (1 DOT)
ok    description/mekimu-46-luzu886  (1 DOT)
ok    description/mevupe-82-meva605  (1 DOT)
ok    description/mifexu-61-tada457  (1 DOT)
ok    description/mifuvu-23-kalu239  (1 DOT)
ok    description/minulo-12-bare186  (1 DOT)
ok    description/misube-65-seni576  (1 DOT)
ok    description/mobugi-89-tine417  (1 DOT)
ok    description/mofuba-79-came821  (1 DOT)
ok    description/mogidu-85-roxe269  (0 DOT)
ok    description/molopu-64-totu560  (1 DOT)
ok    description/mopimi-10-jaco443  (1 DOT)
ok    description/mucezi-78-ciki658  (1 DOT)
ok    description/murava-69-tago286  (1 DOT)
ok    description/mutere-78-geko363  (1 DOT)
ok    description/nadocu-64-juba262  (1 DOT)
ok    description/nafuta-52-pomo915  (1 DOT)
ok    description/nedapu-57-dife142  (1 DOT)
ok    description/nenedo-78-fiva569  (1 DOT)
ok    description/nevuzi-33-duna992  (1 DOT)
ok    description/nibige-54-voki590  (1 DOT)
ok    description/nidemo-97-domu132  (1 DOT)
ok    description/nidome-87-xesa939  (1 DOT)
ok    description/nipapu-74-roro938  (0 DOT)
ok    description/nipoga-91-nole703  (1 DOT)
ok    description/nixura-77-bina738  (1 DOT)
ok    description/nobiza-91-fimo741  (1 DOT)
ok    description/nofunu-07-tuna518  (1 DOT)
ok    description/norebe-58-bixu182  (0 DOT)
ok    description/nufofe-18-xani887  (1 DOT)
ok    description/nujito-06-neca370  (1 DOT)
ok    description/nujove-77-xiva558  (1 DOT)
ok    description/nunibu-79-vucu711  (1 DOT)
ok    description/nuxamo-38-vuxa816  (1 DOT)
ok    description/nuxebu-15-sixe797  (1 DOT)
ok    description/pafefo-52-zeli644  (1 DOT)
ok    description/pafoxe-99-xulo156  (1 DOT)
ok    description/pamake-46-sadu464  (1 DOT)
ok    description/pebace-74-cuca176  (1 DOT)
ok    description/pecupa-75-zote612  (1 DOT)
ok    description/pegali-65-rotu416  (1 DOT)
ok    description/pemifo-35-kute324  (1 DOT)
ok    description/pepego-30-kati324  (1 DOT)
ok    description/perapa-23-mobu798  (1 DOT)
ok    description/pivudu-29-pele178  (1 DOT)
ok    description/ponare-43-kazu160  (1 DOT)
ok    description/povuju-56-zafi701  (1 DOT)
ok    description/purevo-74-pamo264  (1 DOT)
ok    description/rabida-94-kula497  (1 DOT)
ok    description/radiga-95-junu817  (1 DOT)
ok    description/rapaji-98-xato067  (1 DOT)
ok    description/ravodu-50-siso430  (1 DOT)
ok    description/raxata-43-buni314  (1 DOT)
ok    description/rekisu-47-pesa949  (1 DOT)
ok    description/renita-52-jazi848  (1 DOT)
ok    description/repite-70-vabe533  (1 DOT)
ok    description/repoge-41-demu604  (1 DOT)
ok    description/reroca-56-safi108  (0 DOT)
ok    description/revusu-28-pexi248  (1 DOT)
ok    description/ridola-99-jija391  (0 DOT)
ok    description/rigoge-48-ziso050  (1 DOT)
ok    description/rimiku-31-cigo272  (0 DOT)
ok    description/riradu-09-xipo824  (1 DOT)
ok    description/robiga-73-tedi466  (1 DOT)
ok    description/rokipo-88-sece008  (1 DOT)
ok    description/romuco-28-zafo015  (1 DOT)
ok    description/ruciga-77-ruja233  (1 DOT)
ok    description/ruziru-69-xixo434  (1 DOT)
ok    description/sacuso-94-gugi476  (1 DOT)
ok    description/sadeja-25-tina867  (1 DOT)
ok    description/saduja-80-goba120  (1 DOT)
ok    description/sakare-67-voci462  (1 DOT)
ok    description/samicu-23-rula038  (1 DOT)
ok    description/saroje-26-vabi530  (1 DOT)
ok    description/saveja-25-bezi839  (1 DOT)
ok    description/saveje-35-vumu271  (1 DOT)
ok    description/saxosu-09-nodi002  (1 DOT)
ok    description/seguci-13-zure968  (1 DOT)
ok    description/seline-83-vifi756  (1 DOT)
ok    description/seneso-72-cuje674  (0 DOT)
ok    description/sevage-80-seva382  (1 DOT)
ok    description/silito-78-vubi253  (1 DOT)
ok    description/sipuma-82-fene185  (0 DOT)
ok    description/siseda-71-napu395  (1 DOT)
ok    description/sivamo-20-gaga179  (1 DOT)
ok    description/sobobi-72-miri289  (1 DOT)
ok    description/sodoza-93-nanu557  (1 DOT)
ok    description/sojika-99-dopa449  (1 DOT)
ok    description/somugi-21-doli483  (1 DOT)
ok    description/sotine-10-lore970  (0 DOT)
ok    description/sprite-SVG-fill-management-3  (1 DOT)
ok    description/style-stereotype-on-arrow-0  (1 DOT)
ok    description/style-stereotype-on-arrow-1  (1 DOT)
ok    description/sufedi-40-baki261  (1 DOT)
ok    description/sugaca-11-boma467  (1 DOT)
ok    description/sumata-59-zavu229  (0 DOT)
ok    description/sunuju-01-pote718  (1 DOT)
ok    description/suzemi-86-kuma659  (1 DOT)
ok    description/tacixe-99-gesi489  (1 DOT)
ok    description/tajadu-40-juro990  (1 DOT)
ok    description/tajuki-26-bime046  (1 DOT)
ok    description/tanuna-53-neko979  (0 DOT)
ok    description/tatofi-90-vali632  (1 DOT)
ok    description/tatori-66-kaci883  (1 DOT)
ok    description/temufu-00-rira888  (1 DOT)
ok    description/texacu-57-daci050  (1 DOT)
ok    description/tijexo-10-zipo222  (1 DOT)
ok    description/tilexe-28-fiju280  (1 DOT)
ok    description/titona-45-jile471  (1 DOT)
ok    description/tizuza-93-xeto109  (1 DOT)
ok    description/togeke-15-zala124  (0 DOT)
ok    description/tojitu-03-ruto643  (1 DOT)
ok    description/toxine-81-xofo986  (1 DOT)
ok    description/tozubi-37-feze715  (1 DOT)
ok    description/tujica-34-tire129  (1 DOT)
ok    description/tukipe-82-ziva562  (1 DOT)
ok    description/tuliba-37-liza126  (1 DOT)
ok    description/turasu-73-zoni468  (1 DOT)
ok    description/tusugu-95-geju398  (1 DOT)
ok    description/vacuxi-18-baxu582  (0 DOT)
ok    description/vajaxu-62-poto986  (1 DOT)
ok    description/vapalu-27-muxa300  (1 DOT)
ok    description/vaseda-71-suje167  (1 DOT)
ok    description/veboxo-36-nupe102  (0 DOT)
ok    description/venoti-11-seza115  (1 DOT)
ok    description/vibunu-17-guso486  (1 DOT)
ok    description/vimulo-11-buni641  (0 DOT)
ok    description/vivido-49-nisu863  (1 DOT)
ok    description/vixeni-34-nici683  (1 DOT)
ok    description/vogefo-33-xeve917  (1 DOT)
ok    description/vonipa-26-pudo091  (1 DOT)
ok    description/vosapi-62-mugu541  (1 DOT)
ok    description/vosiju-58-cixu268  (1 DOT)
ok    description/vosuxa-11-tapu784  (1 DOT)
ok    description/vovuru-39-sula650  (1 DOT)
ok    description/vumija-03-xise495  (0 DOT)
ok    description/vunimi-85-xadu895  (1 DOT)
ok    description/xacaxe-43-bupe002  (1 DOT)
ok    description/xadaji-25-cufe655  (1 DOT)
ok    description/xadinu-90-vasu322  (0 DOT)
ok    description/xagino-11-vazo768  (1 DOT)
ok    description/xegapu-80-damu730  (1 DOT)
ok    description/xekale-36-tiri787  (1 DOT)
ok    description/xeluxu-64-fozo131  (1 DOT)
ok    description/xenusu-76-sabi405  (1 DOT)
ok    description/xevidu-92-texu148  (1 DOT)
ok    description/xirika-05-beju263  (1 DOT)
ok    description/xixaca-96-nene831  (0 DOT)
ok    description/xocodo-09-nuxi647  (1 DOT)
ok    description/xoculo-95-fuvi894  (1 DOT)
ok    description/xonafo-10-moki423  (1 DOT)
ok    description/xozabi-42-pixa842  (1 DOT)
ok    description/xufexu-38-fola855  (1 DOT)
ok    description/xusuxe-62-guba767  (1 DOT)
ok    description/zabixa-22-tovi572  (1 DOT)
ok    description/zacute-55-zece399  (1 DOT)
ok    description/zajozi-04-dixu500  (1 DOT)
ok    description/zanibo-14-sami874  (1 DOT)
ok    description/zarabi-01-koka785  (0 DOT)
ok    description/zaraze-24-vixi421  (1 DOT)
ok    description/zavitu-69-cemu013  (1 DOT)
ok    description/zeteze-09-kuno793  (1 DOT)
ok    description/zibumo-62-rije152  (1 DOT)
ok    description/zidebi-71-nocu387  (1 DOT)
ok    description/zifaji-87-raki559  (1 DOT)
ok    description/zijaro-25-kufa588  (1 DOT)
ok    description/zijase-36-cice967  (1 DOT)
ok    description/zilisi-99-rate911  (1 DOT)
ok    description/ziniso-08-damu446  (1 DOT)
ok    description/zodare-91-rira454  (1 DOT)
ok    description/zonobi-55-zuna105  (1 DOT)
ok    description/zosaxo-93-nici652  (1 DOT)
ok    description/zosuje-43-zebi775  (1 DOT)
ok    description/zotake-65-cabi912  (1 DOT)
ok    description/zotiru-33-legi180  (1 DOT)
ok    description/zozutu-82-pupa220  (1 DOT)
ok    description/zubujo-87-xaxa087  (1 DOT)
ok    description/zucufi-77-vabo990  (1 DOT)
ok    description/zugofa-47-risi694  (1 DOT)
ok    description/zusota-76-jagu564  (1 DOT)
ok    object/baloca-83-nadu916  (1 DOT)
ok    object/beleso-08-ruca459  (1 DOT)
ok    object/bepafe-03-teda035  (1 DOT)
ok    object/beruju-17-jigi548  (0 DOT)
ok    object/diveje-52-xefe514  (1 DOT)
ok    object/donoki-79-riku189  (1 DOT)
ok    object/fafozi-27-reja300  (1 DOT)
ok    object/fajafu-44-cuve930  (0 DOT)
ok    object/febadi-87-zozu271  (1 DOT)
ok    object/figeze-77-fozi735  (1 DOT)
ok    object/fikojo-87-tine499  (1 DOT)
ok    object/fonulu-92-libi014  (1 DOT)
ok    object/fusopu-05-loxo960  (1 DOT)
ok    object/gapisu-00-celo011  (1 DOT)
ok    object/gatefi-65-curu360  (1 DOT)
ok    object/gizini-87-vuve916  (1 DOT)
ok    object/gubene-80-zume167  (1 DOT)
ok    object/guzojo-14-muxa584  (1 DOT)
ok    object/jabote-02-rajo672  (1 DOT)
ok    object/janoma-30-dovo501  (1 DOT)
ok    object/jaxere-74-cole479  (1 DOT)
ok    object/jocamu-71-nuvo330  (1 DOT)
ok    object/jotaga-99-fatu830  (1 DOT)
ok    object/juciri-29-tamu404  (0 DOT)
ok    object/kagope-09-kubu001  (1 DOT)
ok    object/kavako-54-zipa815  (1 DOT)
ok    object/kexica-21-gega428  (1 DOT)
ok    object/kiluja-96-pado371  (1 DOT)
ok    object/kocupi-02-ripa662  (0 DOT)
ok    object/lafemo-98-ruri220  (1 DOT)
ok    object/lalizo-85-paxe277  (0 DOT)
ok    object/lapato-45-neje847  (1 DOT)
ok    object/lecali-51-funo316  (1 DOT)
ok    object/lijoda-62-teci632  (1 DOT)
ok    object/linazi-45-gevo553  (1 DOT)
ok    object/linuxu-41-cogo780  (0 DOT)
ok    object/lisepi-64-mudo307  (1 DOT)
ok    object/lunike-70-xipi897  (1 DOT)
ok    object/majake-62-pero492  (1 DOT)
ok    object/maxosa-84-juci042  (1 DOT)
ok    object/meloxo-38-jeti489  (1 DOT)
ok    object/niloru-34-nuve651  (0 DOT)
ok    object/nitica-38-cere665  (1 DOT)
ok    object/nufoju-44-dabi767  (0 DOT)
ok    object/nukera-08-dige359  (1 DOT)
ok    object/nulixu-97-nofi684  (1 DOT)
ok    object/pagidu-67-doxa131  (0 DOT)
ok    object/pavizi-27-xupe815  (1 DOT)
ok    object/pikuba-31-faxo766  (1 DOT)
ok    object/rocepa-35-gepo708  (1 DOT)
ok    object/rotele-89-cuva650  (0 DOT)
ok    object/rozuxo-44-fudi093  (1 DOT)
ok    object/ruloso-59-nato909  (1 DOT)
ok    object/ruturo-47-kapi300  (1 DOT)
ok    object/sajege-04-zuce784  (1 DOT)
ok    object/sarepa-89-cevi460  (1 DOT)
ok    object/satuco-50-vusa163  (1 DOT)
ok    object/si20-member-separator-spacing  (1 DOT)
ok    object/sibika-09-sipu286  (1 DOT)
ok    object/sigado-12-rina240  (1 DOT)
ok    object/sinepa-64-beze711  (0 DOT)
ok    object/sivapa-41-sebu112  (1 DOT)
ok    object/sivime-00-gudo607  (1 DOT)
ok    object/sobosi-40-xuda813  (0 DOT)
ok    object/sorisi-53-xebi982  (1 DOT)
ok    object/soxufi-98-nita528  (0 DOT)
ok    object/style-stereotype-on-arrow-3  (1 DOT)
ok    object/style-stereotype-on-arrow-7  (1 DOT)
ok    object/tenalu-53-meri239  (1 DOT)
ok    object/tobuka-93-jale775  (1 DOT)
ok    object/togixe-65-bepo490  (1 DOT)
ok    object/tujasu-04-nota700  (1 DOT)
ok    object/tusiri-92-catu943  (1 DOT)
ok    object/vimavu-26-civo110  (1 DOT)
ok    object/vocute-12-suxa445  (1 DOT)
ok    object/vozomu-86-rodo657  (1 DOT)
ok    object/xuvesu-44-laru205  (0 DOT)
ok    object/zagodo-28-ranu153  (1 DOT)
ok    object/zebufu-01-pevo013  (1 DOT)
ok    state/bajelo-54-dixe684  (3 DOT)
ok    state/bapoja-80-lori225  (1 DOT)
ok    state/beguxu-19-tize774  (3 DOT)
ok    state/bemena-23-zebu249  (2 DOT)
ok    state/bilare-19-fufe539  (1 DOT)
ok    state/bitaxo-18-tamo974  (1 DOT)
ok    state/bujuta-44-rovo666  (1 DOT)
ok    state/bunade-42-fudu910  (2 DOT)
ok    state/buniva-95-zije634  (1 DOT)
ok    state/bupani-17-puxi938  (1 DOT)
ok    state/butigu-57-tobi481  (1 DOT)
ok    state/cakaxu-97-nexe753  (1 DOT)
ok    state/cekavi-25-cija650  (1 DOT)
ok    state/cekolo-21-gini183  (1 DOT)
ok    state/ceruzi-77-give569  (1 DOT)
ok    state/cesifo-37-rugu443  (2 DOT)
ok    state/cinoni-00-sere847  (1 DOT)
ok    state/corumi-91-mizo869  (1 DOT)
ok    state/coteta-47-mare883  (2 DOT)
ok    state/cupesu-59-sajo991  (2 DOT)
ok    state/dajipi-09-doki542  (2 DOT)
ok    state/dapuko-98-zuzo096  (2 DOT)
ok    state/dapunu-39-kava045  (3 DOT)
ok    state/darime-88-moda428  (3 DOT)
ok    state/datodo-22-beci222  (1 DOT)
ok    state/dazogu-93-vaka045  (1 DOT)
ok    state/decede-10-buvu414  (3 DOT)
ok    state/defiga-15-puki727  (1 DOT)
ok    state/desebo-47-maro096  (1 DOT)
ok    state/dikipu-79-noko487  (1 DOT)
ok    state/diteme-18-favi840  (1 DOT)
ok    state/dobexo-69-zeki749  (1 DOT)
ok    state/dogeji-46-sapo750  (1 DOT)
ok    state/domoru-86-coki670  (4 DOT)
ok    state/dulixa-11-kufe247  (2 DOT)
ok    state/dutefi-86-kesa899  (1 DOT)
ok    state/duzazu-41-telu529  (2 DOT)
ok    state/exposant-03-state  (1 DOT)
ok    state/fadupe-90-koti079  (2 DOT)
ok    state/fajegu-17-joba577  (1 DOT)
ok    state/fakali-52-zuje420  (1 DOT)
ok    state/fatupo-62-bemu777  (1 DOT)
ok    state/fevida-60-kope208  (1 DOT)
ok    state/feziva-71-gufo538  (1 DOT)
ok    state/fibudu-53-bode309  (1 DOT)
ok    state/figevo-73-dani805  (1 DOT)
ok    state/figiza-55-migo973  (2 DOT)
ok    state/fikuga-98-tagu554  (1 DOT)
ok    state/filunu-15-losu567  (1 DOT)
ok    state/fimivu-15-vogi904  (5 DOT)
ok    state/fojisi-40-zogo372  (2 DOT)
ok    state/fomusu-59-fupe538  (2 DOT)
ok    state/fonono-53-roci689  (2 DOT)
ok    state/forine-82-befe711  (1 DOT)
ok    state/fotigo-12-gufu949  (1 DOT)
ok    state/fotuje-06-fifa085  (3 DOT)
ok    state/fovafu-44-mifu394  (2 DOT)
ok    state/fukexa-85-cuvi894  (1 DOT)
ok    state/fuxavu-11-goco024  (1 DOT)
ok    state/gageze-91-fese022  (1 DOT)
ok    state/gaxume-08-maki760  (1 DOT)
ok    state/gedude-95-subi666  (1 DOT)
ok    state/gefefe-91-xoge233  (1 DOT)
ok    state/gepoti-01-sasi356  (1 DOT)
ok    state/gevoba-34-tesa857  (1 DOT)
ok    state/gifasa-23-zile558  (2 DOT)
ok    state/gimopu-56-rete904  (1 DOT)
ok    state/giniti-22-fexo000  (6 DOT)
ok    state/gizati-67-kora187  (1 DOT)
ok    state/gojuja-90-pune699  (2 DOT)
ok    state/gokaka-17-pati662  (2 DOT)
ok    state/gokife-89-boja382  (3 DOT)
ok    state/gopudo-91-bego999  (1 DOT)
ok    state/gopumi-11-pise779  (1 DOT)
ok    state/guligu-53-cufe221  (1 DOT)
ok    state/gupeto-19-mesa256  (1 DOT)
ok    state/jafazu-60-leca675  (1 DOT)
ok    state/jaxebo-54-nifi592  (3 DOT)
ok    state/jaxuxe-73-sije305  (1 DOT)
ok    state/jejani-73-risu845  (1 DOT)
ok    state/jelusa-98-nexa591  (2 DOT)
ok    state/jetuse-93-gopi146  (3 DOT)
ok    state/jezuju-97-jado372  (1 DOT)
ok    state/jijuze-43-ceva131  (2 DOT)
ok    state/jocado-69-dara158  (1 DOT)
ok    state/jocela-05-niba392  (1 DOT)
ok    state/joleju-94-maru748  (12 DOT)
ok    state/jomazi-30-fupe393  (1 DOT)
ok    state/jorere-75-peja265  (3 DOT)
ok    state/jotini-12-fuba072  (1 DOT)
ok    state/jucori-40-cevo136  (1 DOT)
ok    state/judova-36-kana429  (2 DOT)
ok    state/jufevo-34-taxu911  (1 DOT)
ok    state/juvagu-33-dupa212  (1 DOT)
ok    state/kacifo-58-dale036  (1 DOT)
ok    state/kedibo-23-kopo893  (1 DOT)
ok    state/kejabo-83-vinu490  (2 DOT)
ok    state/kenuci-20-cane702  (3 DOT)
ok    state/ketibo-84-juzo029  (3 DOT)
ok    state/kideju-07-gero206  (1 DOT)
ok    state/kilato-12-laso661  (1 DOT)
ok    state/kiniro-32-mama877  (1 DOT)
ok    state/kinuca-03-nice683  (2 DOT)
ok    state/koguvo-74-kubo455  (1 DOT)
ok    state/komeja-83-pufo140  (1 DOT)
ok    state/kotagu-43-miza629  (1 DOT)
ok    state/kubona-45-boso556  (1 DOT)
ok    state/kujaju-47-neku764  (2 DOT)
ok    state/kujuzo-76-bavi505  (1 DOT)
ok    state/kupexa-94-dude266  (1 DOT)
ok    state/labono-83-nega255  (1 DOT)
ok    state/ladoni-64-boni035  (1 DOT)
ok    state/laferu-31-tice836  (1 DOT)
ok    state/lalava-26-zosi801  (5 DOT)
ok    state/lasasi-13-nona547  (3 DOT)
ok    state/lavera-29-vuka790  (1 DOT)
ok    state/leloja-87-tebi184  (5 DOT)
ok    state/livama-83-toci194  (1 DOT)
ok    state/livuni-63-fira764  (1 DOT)
ok    state/lojeju-04-fadu517  (2 DOT)
ok    state/lokija-02-dipe348  (1 DOT)
ok    state/lonuti-97-voko521  (3 DOT)
ok    state/lukuma-74-loti931  (1 DOT)
ok    state/lulozu-10-bopu547  (1 DOT)
ok    state/lumamo-63-zupa263  (3 DOT)
ok    state/lurage-50-kobo763  (1 DOT)
ok    state/madinu-29-seji621  (1 DOT)
ok    state/makizi-03-tapu007  (1 DOT)
ok    state/maruju-55-soko478  (2 DOT)
ok    state/masofa-52-puli433  (1 DOT)
ok    state/matezo-28-duka427  (1 DOT)
ok    state/mazize-40-paxi649  (2 DOT)
ok    state/mazuzu-54-mene929  (2 DOT)
ok    state/mefici-97-tudu030  (1 DOT)
ok    state/mibabe-49-kexu237  (2 DOT)
ok    state/mifuti-36-jine785  (3 DOT)
ok    state/mimaga-15-doze740  (1 DOT)
ok    state/mokima-31-kani630  (1 DOT)
ok    state/moleco-69-sida106  (1 DOT)
ok    state/mosigo-88-rove013  (2 DOT)
ok    state/movuva-53-jude799  (2 DOT)
ok    state/mozumu-67-mixa626  (1 DOT)
ok    state/mujipe-99-fume794  (1 DOT)
ok    state/naneba-92-pixu619  (1 DOT)
ok    state/nanozi-96-foda024  (1 DOT)
ok    state/nelupe-49-xova546  (5 DOT)
ok    state/nenita-48-zuze128  (1 DOT)
ok    state/nevezi-29-momo816  (1 DOT)
ok    state/nibelu-74-pido796  (2 DOT)
ok    state/nicebo-05-guxa290  (1 DOT)
ok    state/nijugi-19-jazi166  (1 DOT)
ok    state/nimana-36-veco708  (2 DOT)
ok    state/nimise-04-jove070  (2 DOT)
ok    state/nivanu-50-zajo916  (5 DOT)
ok    state/niveno-60-tiro789  (1 DOT)
ok    state/nixoja-06-guxe431  (1 DOT)
ok    state/noboda-97-zevo886  (2 DOT)
ok    state/novolu-35-fole223  (1 DOT)
ok    state/nuboca-13-xape657  (2 DOT)
ok    state/nuduni-60-mupe742  (2 DOT)
ok    state/nufigo-87-pivi558  (2 DOT)
ok    state/nuvura-69-mafe604  (2 DOT)
ok    state/pacami-67-dafe414  (3 DOT)
ok    state/pajefo-95-neri955  (2 DOT)
ok    state/papifi-44-caxo706  (1 DOT)
ok    state/pasosa-28-zudu135  (2 DOT)
ok    state/pavuzo-79-zodu430  (2 DOT)
ok    state/pebepi-32-cati486  (2 DOT)
ok    state/peliro-87-guva098  (1 DOT)
ok    state/pesita-10-dene726  (3 DOT)
ok    state/pevene-26-kebo361  (4 DOT)
ok    state/pexiku-77-japi217  (4 DOT)
ok    state/pexuve-81-suxi717  (1 DOT)
ok    state/pidaxu-33-tigi166  (1 DOT)
ok    state/pifido-37-jipu349  (2 DOT)
ok    state/piveje-28-zeko469  (1 DOT)
ok    state/polodo-05-rene471  (1 DOT)
ok    state/pomose-68-juba775  (1 DOT)
ok    state/pujini-03-vasi565  (1 DOT)
ok    state/puvaco-19-geka094  (1 DOT)
ok    state/rejike-58-rote606  (1 DOT)
ok    state/resido-15-reza040  (1 DOT)
ok    state/rifefi-73-rofo730  (2 DOT)
ok    state/rijoki-89-teno556  (1 DOT)
ok    state/rinisi-79-peko570  (1 DOT)
ok    state/rorebi-96-gane144  (1 DOT)
ok    state/rovado-96-boda672  (1 DOT)
ok    state/rovese-43-tadu368  (3 DOT)
ok    state/rufosi-58-kegi649  (1 DOT)
ok    state/ruruce-78-feno407  (1 DOT)
ok    state/sagica-63-godi019  (1 DOT)
ok    state/sapelo-46-jafe280  (4 DOT)
ok    state/saxedi-32-xubo205  (1 DOT)
ok    state/semala-31-joji042  (3 DOT)
ok    state/sesafu-14-nora165  (1 DOT)
ok    state/sezoxa-56-jefi030  (1 DOT)
ok    state/si1-single-dedup-state  (1 DOT)
ok    state/sizife-41-buje191  (4 DOT)
ok    state/sokiga-03-xovo249  (1 DOT)
ok    state/sopuzi-48-bobu113  (1 DOT)
ok    state/sosoxe-55-demi451  (1 DOT)
ok    state/soxene-95-domu248  (3 DOT)
ok    state/style-stereotype-on-arrow-5  (1 DOT)
ok    state/sugico-41-vase848  (1 DOT)
ok    state/sumiri-68-suvo696  (2 DOT)
ok    state/susena-02-gusa448  (1 DOT)
ok    state/suzope-95-suvu383  (1 DOT)
ok    state/tacufe-37-fono831  (1 DOT)
ok    state/taluke-81-noxa842  (1 DOT)
ok    state/taxile-56-goca422  (2 DOT)
ok    state/tegali-39-molu382  (5 DOT)
ok    state/temuxi-28-cega322  (1 DOT)
ok    state/teseci-80-sivi292  (1 DOT)
ok    state/tezivo-82-rufa055  (1 DOT)
ok    state/tigibi-80-zidi137  (2 DOT)
ok    state/tilili-10-buca517  (2 DOT)
ok    state/tiriku-91-kipo610  (1 DOT)
ok    state/titika-34-xoze301  (2 DOT)
ok    state/tocitu-93-sidu557  (1 DOT)
ok    state/tofezi-64-koda860  (3 DOT)
ok    state/tubojo-49-tudu915  (1 DOT)
ok    state/tumaba-64-tosu281  (2 DOT)
ok    state/tuvugi-94-gapi519  (1 DOT)
ok    state/vafagi-07-zixo408  (1 DOT)
ok    state/vagexa-37-gijo825  (2 DOT)
ok    state/vakama-53-jata958  (1 DOT)
ok    state/vateco-92-pece508  (1 DOT)
ok    state/vedapo-96-xoro464  (2 DOT)
ok    state/vekoja-22-made430  (1 DOT)
ok    state/viguto-81-gana093  (1 DOT)
ok    state/vinujo-20-kugi617  (1 DOT)
ok    state/viroxo-69-fito663  (1 DOT)
ok    state/vixobo-14-jole910  (1 DOT)
ok    state/vogotu-43-puli923  (1 DOT)
ok    state/votoki-67-gufa610  (1 DOT)
ok    state/vubale-26-daza585  (1 DOT)
ok    state/vujuru-50-toku619  (1 DOT)
ok    state/vulete-98-xeje860  (1 DOT)
ok    state/vumika-03-guko738  (1 DOT)
ok    state/xasoka-58-temi462  (1 DOT)
ok    state/xekebe-42-tuci754  (1 DOT)
ok    state/xepafa-33-lazi826  (2 DOT)
ok    state/xetase-70-zaza808  (1 DOT)
ok    state/xexika-61-fedu273  (1 DOT)
ok    state/xeziki-47-zomo866  (1 DOT)
ok    state/xipela-98-nuvu593  (1 DOT)
ok    state/xixuxo-57-beju714  (3 DOT)
ok    state/xodazu-26-cube992  (1 DOT)
ok    state/xojudi-20-keco020  (3 DOT)
ok    state/xomize-22-poro350  (2 DOT)
ok    state/xoravu-40-gebe122  (1 DOT)
ok    state/xupefu-98-roni234  (2 DOT)
ok    state/xupine-90-cupu906  (1 DOT)
ok    state/xuzapa-55-xoli880  (1 DOT)
ok    state/zacajo-09-tamu628  (4 DOT)
ok    state/zageca-24-zino008  (1 DOT)
ok    state/zaloga-87-lonu477  (1 DOT)
ok    state/zebuzu-41-caro961  (2 DOT)
ok    state/zepodi-66-moda518  (2 DOT)
ok    state/zinupo-20-vuma863  (1 DOT)
ok    state/zitifa-97-bizo337  (3 DOT)
ok    state/zizemo-86-gisa766  (2 DOT)
ok    state/zofaxi-81-jupa375  (1 DOT)
ok    state/zonuni-64-jovo214  (2 DOT)
ok    state/zoriza-41-rege543  (3 DOT)
ok    state/zoxutu-11-giru788  (1 DOT)
ok    state/zujuxa-28-buka872  (1 DOT)
ok    state/zumeri-82-julo078  (1 DOT)
ok    state/zumuje-46-gufe080  (1 DOT)
---
captured 1424 fixtures, 1 failures
