OK /Users/scottseely/git/knowvah/plantuml-ts/test-results/dot-cache/activity/jokaxi-40-toko207 (attempt 1)
OK /Users/scottseely/git/knowvah/plantuml-ts/test-results/dot-cache/activity/nakavu-98-pela661 (attempt 1)
OK /Users/scottseely/git/knowvah/plantuml-ts/test-results/dot-cache/activity/pejima-95-nuxu520 (attempt 1)
OK /Users/scottseely/git/knowvah/plantuml-ts/test-results/dot-cache/activity/xoreni-54-xoro817 (attempt 1)
OK /Users/scottseely/git/knowvah/plantuml-ts/test-results/dot-cache/activity/velodu-59-sada437 (attempt 1)
OK /Users/scottseely/git/knowvah/plantuml-ts/test-results/dot-cache/activity/gabeme-89-tiko230 (attempt 1)
OK /Users/scottseely/git/knowvah/plantuml-ts/test-results/dot-cache/ebnf/ladifa-97-keme950 (attempt 1)
OK /Users/scottseely/git/knowvah/plantuml-ts/test-results/dot-cache/chronology/lenudo-53-nade902 (attempt 1)
OK /Users/scottseely/git/knowvah/plantuml-ts/test-results/dot-cache/class/luzive-62-zote562 (attempt 1)
OK /Users/scottseely/git/knowvah/plantuml-ts/test-results/dot-cache/class/sadamo-18-siva346 (attempt 1)
OK /Users/scottseely/git/knowvah/plantuml-ts/test-results/dot-cache/c4/kipive-74-lele070 (attempt 1)
OK /Users/scottseely/git/knowvah/plantuml-ts/test-results/dot-cache/gantt/fobeda-14-tori503 (attempt 1)
OK /Users/scottseely/git/knowvah/plantuml-ts/test-results/dot-cache/c4/gikaju-64-bari602 (attempt 1)
OK /Users/scottseely/git/knowvah/plantuml-ts/test-results/dot-cache/gantt/furubu-23-mecu777 (attempt 1)
OK /Users/scottseely/git/knowvah/plantuml-ts/test-results/dot-cache/gantt/govacu-51-puti316 (attempt 1)
OK /Users/scottseely/git/knowvah/plantuml-ts/test-results/dot-cache/gantt/lituri-55-caju105 (attempt 1)
OK /Users/scottseely/git/knowvah/plantuml-ts/test-results/dot-cache/gantt/nejadu-63-nifo204 (attempt 1)
OK /Users/scottseely/git/knowvah/plantuml-ts/test-results/dot-cache/gantt/mogafu-27-jeci360 (attempt 1)
OK /Users/scottseely/git/knowvah/plantuml-ts/test-results/dot-cache/gantt/papava-92-geve698 (attempt 1)
OK /Users/scottseely/git/knowvah/plantuml-ts/test-results/dot-cache/gantt/nakude-77-suji787 (attempt 1)
OK /Users/scottseely/git/knowvah/plantuml-ts/test-results/dot-cache/gantt/recufa-28-desi167 (attempt 1)
OK /Users/scottseely/git/knowvah/plantuml-ts/test-results/dot-cache/gantt/saricu-01-funu594 (attempt 1)
OK /Users/scottseely/git/knowvah/plantuml-ts/test-results/dot-cache/gantt/votofi-06-rolo321 (attempt 1)
OK /Users/scottseely/git/knowvah/plantuml-ts/test-results/dot-cache/mindmap/fogari-75-febu345 (attempt 1)
OK /Users/scottseely/git/knowvah/plantuml-ts/test-results/dot-cache/mindmap/femiba-70-duvi238 (attempt 1)
OK /Users/scottseely/git/knowvah/plantuml-ts/test-results/dot-cache/regex/tajefa-31-pefi801 (attempt 1)
OK /Users/scottseely/git/knowvah/plantuml-ts/test-results/dot-cache/regex/bakuza-41-bulo451 (attempt 1)
OK /Users/scottseely/git/knowvah/plantuml-ts/test-results/dot-cache/state/cagego-53-vemo516 (attempt 1)
OK /Users/scottseely/git/knowvah/plantuml-ts/test-results/dot-cache/state/fugedo-34-fice721 (attempt 1)
OK /Users/scottseely/git/knowvah/plantuml-ts/test-results/dot-cache/state/xacona-99-peze211 (attempt 1)
OK /Users/scottseely/git/knowvah/plantuml-ts/test-results/dot-cache/timing/lamera-74-sago807 (attempt 1)
OK /Users/scottseely/git/knowvah/plantuml-ts/test-results/dot-cache/timing/pefana-89-modi000 (attempt 1)
OK /Users/scottseely/git/knowvah/plantuml-ts/test-results/dot-cache/timing/vufija-57-xoda292 (attempt 1)
OK /Users/scottseely/git/knowvah/plantuml-ts/test-results/dot-cache/unknown/Timing-short-alias-9 (attempt 1)
OK /Users/scottseely/git/knowvah/plantuml-ts/test-results/dot-cache/unknown/Timing-short-alias-7 (attempt 1)
OK /Users/scottseely/git/knowvah/plantuml-ts/test-results/dot-cache/state/zecivu-62-pagu681 (attempt 1)
OK /Users/scottseely/git/knowvah/plantuml-ts/test-results/dot-cache/unknown/bupexo-79-sijo243 (attempt 1)
OK /Users/scottseely/git/knowvah/plantuml-ts/test-results/dot-cache/timing/pebecu-20-deci596 (attempt 1)
OK /Users/scottseely/git/knowvah/plantuml-ts/test-results/dot-cache/timing/fuseva-46-zare084 (attempt 1)
OK /Users/scottseely/git/knowvah/plantuml-ts/test-results/dot-cache/unknown/Timing-short-alias-8 (attempt 1)
OK /Users/scottseely/git/knowvah/plantuml-ts/test-results/dot-cache/timing/sezuvo-55-nose464 (attempt 1)
OK /Users/scottseely/git/knowvah/plantuml-ts/test-results/dot-cache/unknown/fikaka-55-jeva969 (attempt 1)
OK /Users/scottseely/git/knowvah/plantuml-ts/test-results/dot-cache/unknown/gibapi-78-fote878 (attempt 1)
OK /Users/scottseely/git/knowvah/plantuml-ts/test-results/dot-cache/unknown/jifoke-84-jude859 (attempt 1)
OK /Users/scottseely/git/knowvah/plantuml-ts/test-results/dot-cache/unknown/jamuxo-74-diji002 (attempt 1)
OK /Users/scottseely/git/knowvah/plantuml-ts/test-results/dot-cache/unknown/dakijo-89-mofa766 (attempt 1)
OK /Users/scottseely/git/knowvah/plantuml-ts/test-results/dot-cache/unknown/dagugu-60-zuli109 (attempt 1)
OK /Users/scottseely/git/knowvah/plantuml-ts/test-results/dot-cache/unknown/dobujo-29-rifo090 (attempt 1)
OK /Users/scottseely/git/knowvah/plantuml-ts/test-results/dot-cache/unknown/kijaro-77-vomi552 (attempt 1)
OK /Users/scottseely/git/knowvah/plantuml-ts/test-results/dot-cache/unknown/komoso-43-xika169 (attempt 1)
OK /Users/scottseely/git/knowvah/plantuml-ts/test-results/dot-cache/unknown/ligalo-62-suvu444 (attempt 1)
OK /Users/scottseely/git/knowvah/plantuml-ts/test-results/dot-cache/unknown/gumulo-94-ziva021 (attempt 1)
OK /Users/scottseely/git/knowvah/plantuml-ts/test-results/dot-cache/unknown/lonome-59-lego635 (attempt 1)
OK /Users/scottseely/git/knowvah/plantuml-ts/test-results/dot-cache/unknown/micono-65-juka195 (attempt 1)
OK /Users/scottseely/git/knowvah/plantuml-ts/test-results/dot-cache/unknown/gujeku-90-jisa609 (attempt 1)
OK /Users/scottseely/git/knowvah/plantuml-ts/test-results/dot-cache/unknown/lulanu-89-tase004 (attempt 1)
OK /Users/scottseely/git/knowvah/plantuml-ts/test-results/dot-cache/unknown/nakavu-98-pela661 (attempt 1)
OK /Users/scottseely/git/knowvah/plantuml-ts/test-results/dot-cache/unknown/pizegi-06-jiro383 (attempt 1)
OK /Users/scottseely/git/knowvah/plantuml-ts/test-results/dot-cache/unknown/petiku-70-fogu777 (attempt 1)
OK /Users/scottseely/git/knowvah/plantuml-ts/test-results/dot-cache/unknown/kokote-73-revo347 (attempt 1)
OK /Users/scottseely/git/knowvah/plantuml-ts/test-results/dot-cache/unknown/kutazo-93-vumu267 (attempt 1)
OK /Users/scottseely/git/knowvah/plantuml-ts/test-results/dot-cache/unknown/pajojo-12-kixi425 (attempt 1)
OK /Users/scottseely/git/knowvah/plantuml-ts/test-results/dot-cache/unknown/nifosu-42-gubi213 (attempt 1)
OK /Users/scottseely/git/knowvah/plantuml-ts/test-results/dot-cache/unknown/tmp1-1 (attempt 1)
OK /Users/scottseely/git/knowvah/plantuml-ts/test-results/dot-cache/unknown/nixuje-20-bobu879 (attempt 1)
OK /Users/scottseely/git/knowvah/plantuml-ts/test-results/dot-cache/unknown/zeceme-22-rade890 (attempt 1)
OK /Users/scottseely/git/knowvah/plantuml-ts/test-results/dot-cache/unknown/tumepe-28-zuma441 (attempt 1)
OK /Users/scottseely/git/knowvah/plantuml-ts/test-results/dot-cache/unknown/zugazo-84-raju675 (attempt 1)
OK /Users/scottseely/git/knowvah/plantuml-ts/test-results/dot-cache/unknown/zelini-86-gelo257 (attempt 1)
OK /Users/scottseely/git/knowvah/plantuml-ts/test-results/dot-cache/unknown/zodude-13-tito074 (attempt 1)
OK /Users/scottseely/git/knowvah/plantuml-ts/test-results/dot-cache/wbs/WBS-monoline-def-0-11 (attempt 1)
OK /Users/scottseely/git/knowvah/plantuml-ts/test-results/dot-cache/unknown/zicejo-69-teko349 (attempt 1)
OK /Users/scottseely/git/knowvah/plantuml-ts/test-results/dot-cache/unknown/zetebu-58-capa762 (attempt 1)
OK /Users/scottseely/git/knowvah/plantuml-ts/test-results/dot-cache/wbs/bujigo-66-zepu613 (attempt 1)
OK /Users/scottseely/git/knowvah/plantuml-ts/test-results/dot-cache/wbs/cofele-91-sanu676 (attempt 1)
OK /Users/scottseely/git/knowvah/plantuml-ts/test-results/dot-cache/wbs/WBS-monoline-def-0-18 (attempt 1)
OK /Users/scottseely/git/knowvah/plantuml-ts/test-results/dot-cache/wbs/WBS-monoline-def-0-3 (attempt 1)
OK /Users/scottseely/git/knowvah/plantuml-ts/test-results/dot-cache/wbs/cesoke-21-muro498 (attempt 1)
OK /Users/scottseely/git/knowvah/plantuml-ts/test-results/dot-cache/wbs/WBS-multiline-def-1-8 (attempt 1)
OK /Users/scottseely/git/knowvah/plantuml-ts/test-results/dot-cache/wbs/cupuri-11-piru303 (attempt 1)
OK /Users/scottseely/git/knowvah/plantuml-ts/test-results/dot-cache/wbs/solive-57-nola542 (attempt 1)
OK /Users/scottseely/git/knowvah/plantuml-ts/test-results/dot-cache/wbs/WBS-multiline-def-1-3 (attempt 1)
OK /Users/scottseely/git/knowvah/plantuml-ts/test-results/dot-cache/wbs/WBS-multiline-def-1-15 (attempt 1)
OK /Users/scottseely/git/knowvah/plantuml-ts/test-results/dot-cache/wbs/lagoda-51-zuna611 (attempt 1)
OK /Users/scottseely/git/knowvah/plantuml-ts/test-results/dot-cache/wbs/fasuti-82-dire353 (attempt 1)
OK /Users/scottseely/git/knowvah/plantuml-ts/test-results/dot-cache/wbs/WBS-monoline-def-0-17 (attempt 1)
OK /Users/scottseely/git/knowvah/plantuml-ts/test-results/dot-cache/wbs/WBS-monoline-def-0-24 (attempt 1)
OK /Users/scottseely/git/knowvah/plantuml-ts/test-results/dot-cache/wbs/WBS-monoline-def-0-6 (attempt 1)
OK /Users/scottseely/git/knowvah/plantuml-ts/test-results/dot-cache/wbs/tubeli-58-kadi729 (attempt 1)
OK /Users/scottseely/git/knowvah/plantuml-ts/test-results/dot-cache/wbs/vavibi-10-maso573 (attempt 1)
OK /Users/scottseely/git/knowvah/plantuml-ts/test-results/dot-cache/wbs/WBS-multiline-def-1-21 (attempt 1)
OK /Users/scottseely/git/knowvah/plantuml-ts/test-results/dot-cache/wbs/sipuja-30-deto581 (attempt 1)
OK /Users/scottseely/git/knowvah/plantuml-ts/test-results/dot-cache/wbs/WBS-multiline-def-1-14 (attempt 1)
OK /Users/scottseely/git/knowvah/plantuml-ts/test-results/dot-cache/wbs/kifona-80-bufa102 (attempt 1)
OK /Users/scottseely/git/knowvah/plantuml-ts/test-results/dot-cache/wbs/tojixi-05-lusu056 (attempt 1)
OK /Users/scottseely/git/knowvah/plantuml-ts/test-results/dot-cache/wbs/konipe-99-jafu307 (attempt 1)
OK /Users/scottseely/git/knowvah/plantuml-ts/test-results/dot-cache/wbs/zecavo-98-kini554 (attempt 1)
OK /Users/scottseely/git/knowvah/plantuml-ts/test-results/dot-cache/wbs/sefoxo-37-zuvo274 (attempt 1)
